Archive member included to satisfy reference by file (symbol)

c:/users/arist/appdata/roaming/code/user/globalstorage/bmd.stm32-for-vscode/@xpack-dev-tools/arm-none-eabi-gcc/12.3.1-1.1.1/.content/bin/../lib/gcc/arm-none-eabi/12.3.1/../../../../arm-none-eabi/lib/thumb/v6-m/nofp\libc_nano.a(libc_a-atexit.o)
                              c:/users/arist/appdata/roaming/code/user/globalstorage/bmd.stm32-for-vscode/@xpack-dev-tools/arm-none-eabi-gcc/12.3.1-1.1.1/.content/bin/../lib/gcc/arm-none-eabi/12.3.1/../../../../arm-none-eabi/lib/thumb/v6-m/nofp/crt0.o (atexit)
c:/users/arist/appdata/roaming/code/user/globalstorage/bmd.stm32-for-vscode/@xpack-dev-tools/arm-none-eabi-gcc/12.3.1-1.1.1/.content/bin/../lib/gcc/arm-none-eabi/12.3.1/../../../../arm-none-eabi/lib/thumb/v6-m/nofp\libc_nano.a(libc_a-exit.o)
                              c:/users/arist/appdata/roaming/code/user/globalstorage/bmd.stm32-for-vscode/@xpack-dev-tools/arm-none-eabi-gcc/12.3.1-1.1.1/.content/bin/../lib/gcc/arm-none-eabi/12.3.1/../../../../arm-none-eabi/lib/thumb/v6-m/nofp/crt0.o (exit)
c:/users/arist/appdata/roaming/code/user/globalstorage/bmd.stm32-for-vscode/@xpack-dev-tools/arm-none-eabi-gcc/12.3.1-1.1.1/.content/bin/../lib/gcc/arm-none-eabi/12.3.1/../../../../arm-none-eabi/lib/thumb/v6-m/nofp\libc_nano.a(libc_a-malloc.o)
                              build/GEVA.o (malloc)
c:/users/arist/appdata/roaming/code/user/globalstorage/bmd.stm32-for-vscode/@xpack-dev-tools/arm-none-eabi-gcc/12.3.1-1.1.1/.content/bin/../lib/gcc/arm-none-eabi/12.3.1/../../../../arm-none-eabi/lib/thumb/v6-m/nofp\libc_nano.a(libc_a-mallocr.o)
                              c:/users/arist/appdata/roaming/code/user/globalstorage/bmd.stm32-for-vscode/@xpack-dev-tools/arm-none-eabi-gcc/12.3.1-1.1.1/.content/bin/../lib/gcc/arm-none-eabi/12.3.1/../../../../arm-none-eabi/lib/thumb/v6-m/nofp\libc_nano.a(libc_a-malloc.o) (_malloc_r)
c:/users/arist/appdata/roaming/code/user/globalstorage/bmd.stm32-for-vscode/@xpack-dev-tools/arm-none-eabi-gcc/12.3.1-1.1.1/.content/bin/../lib/gcc/arm-none-eabi/12.3.1/../../../../arm-none-eabi/lib/thumb/v6-m/nofp\libc_nano.a(libc_a-mlock.o)
                              c:/users/arist/appdata/roaming/code/user/globalstorage/bmd.stm32-for-vscode/@xpack-dev-tools/arm-none-eabi-gcc/12.3.1-1.1.1/.content/bin/../lib/gcc/arm-none-eabi/12.3.1/../../../../arm-none-eabi/lib/thumb/v6-m/nofp\libc_nano.a(libc_a-mallocr.o) (__malloc_lock)
c:/users/arist/appdata/roaming/code/user/globalstorage/bmd.stm32-for-vscode/@xpack-dev-tools/arm-none-eabi-gcc/12.3.1-1.1.1/.content/bin/../lib/gcc/arm-none-eabi/12.3.1/../../../../arm-none-eabi/lib/thumb/v6-m/nofp\libc_nano.a(libc_a-findfp.o)
                              c:/users/arist/appdata/roaming/code/user/globalstorage/bmd.stm32-for-vscode/@xpack-dev-tools/arm-none-eabi-gcc/12.3.1-1.1.1/.content/bin/../lib/gcc/arm-none-eabi/12.3.1/../../../../arm-none-eabi/lib/thumb/v6-m/nofp\libc_nano.a(libc_a-exit.o) (__stdio_exit_handler)
c:/users/arist/appdata/roaming/code/user/globalstorage/bmd.stm32-for-vscode/@xpack-dev-tools/arm-none-eabi-gcc/12.3.1-1.1.1/.content/bin/../lib/gcc/arm-none-eabi/12.3.1/../../../../arm-none-eabi/lib/thumb/v6-m/nofp\libc_nano.a(libc_a-fwalk.o)
                              c:/users/arist/appdata/roaming/code/user/globalstorage/bmd.stm32-for-vscode/@xpack-dev-tools/arm-none-eabi-gcc/12.3.1-1.1.1/.content/bin/../lib/gcc/arm-none-eabi/12.3.1/../../../../arm-none-eabi/lib/thumb/v6-m/nofp\libc_nano.a(libc_a-findfp.o) (_fwalk_sglue)
c:/users/arist/appdata/roaming/code/user/globalstorage/bmd.stm32-for-vscode/@xpack-dev-tools/arm-none-eabi-gcc/12.3.1-1.1.1/.content/bin/../lib/gcc/arm-none-eabi/12.3.1/../../../../arm-none-eabi/lib/thumb/v6-m/nofp\libc_nano.a(libc_a-stdio.o)
                              c:/users/arist/appdata/roaming/code/user/globalstorage/bmd.stm32-for-vscode/@xpack-dev-tools/arm-none-eabi-gcc/12.3.1-1.1.1/.content/bin/../lib/gcc/arm-none-eabi/12.3.1/../../../../arm-none-eabi/lib/thumb/v6-m/nofp\libc_nano.a(libc_a-findfp.o) (__sread)
c:/users/arist/appdata/roaming/code/user/globalstorage/bmd.stm32-for-vscode/@xpack-dev-tools/arm-none-eabi-gcc/12.3.1-1.1.1/.content/bin/../lib/gcc/arm-none-eabi/12.3.1/../../../../arm-none-eabi/lib/thumb/v6-m/nofp\libc_nano.a(libc_a-memmove.o)
                              build/GEVA.o (memmove)
c:/users/arist/appdata/roaming/code/user/globalstorage/bmd.stm32-for-vscode/@xpack-dev-tools/arm-none-eabi-gcc/12.3.1-1.1.1/.content/bin/../lib/gcc/arm-none-eabi/12.3.1/../../../../arm-none-eabi/lib/thumb/v6-m/nofp\libc_nano.a(libc_a-memset.o)
                              c:/users/arist/appdata/roaming/code/user/globalstorage/bmd.stm32-for-vscode/@xpack-dev-tools/arm-none-eabi-gcc/12.3.1-1.1.1/.content/bin/../lib/gcc/arm-none-eabi/12.3.1/../../../../arm-none-eabi/lib/thumb/v6-m/nofp/crt0.o (memset)
[...]
Memory Configuration

Name             Origin             Length             Attributes
RAM              0x20000000         0x00008000         xrw
FLASH            0x08000000         0x00040000         xr
*default*        0x00000000         0xffffffff

Linker script and memory map

LOAD c:/users/arist/appdata/roaming/code/user/globalstorage/bmd.stm32-for-vscode/@xpack-dev-tools/arm-none-eabi-gcc/12.3.1-1.1.1/.content/bin/../lib/gcc/arm-none-eabi/12.3.1/thumb/v6-m/nofp/crti.o
LOAD c:/users/arist/appdata/roaming/code/user/globalstorage/bmd.stm32-for-vscode/@xpack-dev-tools/arm-none-eabi-gcc/12.3.1-1.1.1/.content/bin/../lib/gcc/arm-none-eabi/12.3.1/thumb/v6-m/nofp/crtbegin.o
LOAD c:/users/arist/appdata/roaming/code/user/globalstorage/bmd.stm32-for-vscode/@xpack-dev-tools/arm-none-eabi-gcc/12.3.1-1.1.1/.content/bin/../lib/gcc/arm-none-eabi/12.3.1/../../../../arm-none-eabi/lib/thumb/v6-m/nofp/crt0.o
LOAD build/GEVA.o
LOAD build/main.o
LOAD build/stm32_max6675.o
LOAD build/stm32_ssd1306_i2c.o
LOAD build/stm32f0xx_hal_msp.o
LOAD build/stm32f0xx_it.o
LOAD build/system_stm32f0xx.o
LOAD build/stm32f0xx_hal.o
LOAD build/stm32f0xx_hal_adc.o
LOAD build/stm32f0xx_hal_adc_ex.o
LOAD build/stm32f0xx_hal_cortex.o
LOAD build/stm32f0xx_hal_dma.o
LOAD build/stm32f0xx_hal_exti.o
LOAD build/stm32f0xx_hal_flash.o
LOAD build/stm32f0xx_hal_flash_ex.o
LOAD build/stm32f0xx_hal_gpio.o
LOAD build/stm32f0xx_hal_i2c.o
LOAD build/stm32f0xx_hal_i2c_ex.o
LOAD build/stm32f0xx_hal_pwr.o
LOAD build/stm32f0xx_hal_pwr_ex.o
LOAD build/stm32f0xx_hal_rcc.o
LOAD build/stm32f0xx_hal_rcc_ex.o
LOAD build/stm32f0xx_hal_spi.o
LOAD build/stm32f0xx_hal_spi_ex.o
LOAD build/stm32f0xx_hal_tim.o
LOAD build/stm32f0xx_hal_tim_ex.o
LOAD build/stm32f0xx_hal_uart.o
LOAD build/stm32f0xx_hal_uart_ex.o
LOAD build/startup_stm32f030xc.o
LOAD c:/users/arist/appdata/roaming/code/user/globalstorage/bmd.stm32-for-vscode/@xpack-dev-tools/arm-none-eabi-gcc/12.3.1-1.1.1/.content/bin/../lib/gcc/arm-none-eabi/12.3.1/../../../../arm-none-eabi/lib/thumb/v6-m/nofp\libc_nano.a
LOAD c:/users/arist/appdata/roaming/code/user/globalstorage/bmd.stm32-for-vscode/@xpack-dev-tools/arm-none-eabi-gcc/12.3.1-1.1.1/.content/bin/../lib/gcc/arm-none-eabi/12.3.1/../../../../arm-none-eabi/lib/thumb/v6-m/nofp\libm.a
LOAD c:/users/arist/appdata/roaming/code/user/globalstorage/bmd.stm32-for-vscode/@xpack-dev-tools/arm-none-eabi-gcc/12.3.1-1.1.1/.content/bin/../lib/gcc/arm-none-eabi/12.3.1/../../../../arm-none-eabi/lib/thumb/v6-m/nofp\libnosys.a
START GROUP
LOAD c:/users/arist/appdata/roaming/code/user/globalstorage/bmd.stm32-for-vscode/@xpack-dev-tools/arm-none-eabi-gcc/12.3.1-1.1.1/.content/bin/../lib/gcc/arm-none-eabi/12.3.1/thumb/v6-m/nofp\libgcc.a
LOAD c:/users/arist/appdata/roaming/code/user/globalstorage/bmd.stm32-for-vscode/@xpack-dev-tools/arm-none-eabi-gcc/12.3.1-1.1.1/.content/bin/../lib/gcc/arm-none-eabi/12.3.1/../../../../arm-none-eabi/lib/thumb/v6-m/nofp\libc_nano.a
END GROUP
START GROUP
LOAD c:/users/arist/appdata/roaming/code/user/globalstorage/bmd.stm32-for-vscode/@xpack-dev-tools/arm-none-eabi-gcc/12.3.1-1.1.1/.content/bin/../lib/gcc/arm-none-eabi/12.3.1/thumb/v6-m/nofp\libgcc.a
LOAD c:/users/arist/appdata/roaming/code/user/globalstorage/bmd.stm32-for-vscode/@xpack-dev-tools/arm-none-eabi-gcc/12.3.1-1.1.1/.content/bin/../lib/gcc/arm-none-eabi/12.3.1/../../../../arm-none-eabi/lib/thumb/v6-m/nofp\libc_nano.a
END GROUP
LOAD c:/users/arist/appdata/roaming/code/user/globalstorage/bmd.stm32-for-vscode/@xpack-dev-tools/arm-none-eabi-gcc/12.3.1-1.1.1/.content/bin/../lib/gcc/arm-none-eabi/12.3.1/thumb/v6-m/nofp/crtend.o
LOAD c:/users/arist/appdata/roaming/code/user/globalstorage/bmd.stm32-for-vscode/@xpack-dev-tools/arm-none-eabi-gcc/12.3.1-1.1.1/.content/bin/../lib/gcc/arm-none-eabi/12.3.1/thumb/v6-m/nofp/crtn.o
                0x20008000                        _estack = (ORIGIN (RAM) + LENGTH (RAM))
                0x00000800                        _Min_Heap_Size = 0x800
                0x00000800                        _Min_Stack_Size = 0x800

.isr_vector     0x08000000       0xbc
                0x08000000                        . = ALIGN (0x4)
 *(.isr_vector)
 .isr_vector    0x08000000       0xbc build/startup_stm32f030xc.o
                0x08000000                g_pfnVectors
                0x080000bc                        . = ALIGN (0x4)

.text           0x080000bc     0x3c34
                0x080000bc                        . = ALIGN (0x4)
 *(.text)
 .text          0x080000bc      0x114 c:/users/arist/appdata/roaming/code/user/globalstorage/bmd.stm32-for-vscode/@xpack-dev-tools/arm-none-eabi-gcc/12.3.1-1.1.1/.content/bin/../lib/gcc/arm-none-eabi/12.3.1/thumb/v6-m/nofp\libgcc.a(_udivsi3.o)
                0x080000bc                __aeabi_uidiv
                0x080000bc                __udivsi3
                0x080001c8                __aeabi_uidivmod
 .text          0x080001d0        0x4 c:/users/arist/appdata/roaming/code/user/globalstorage/bmd.stm32-for-vscode/@xpack-dev-tools/arm-none-eabi-gcc/12.3.1-1.1.1/.content/bin/../lib/gcc/arm-none-eabi/12.3.1/thumb/v6-m/nofp\libgcc.a(_dvmd_tls.o)
                0x080001d0                __aeabi_idiv0
                0x080001d0                __aeabi_ldiv0
 .text          0x080001d4       0x3c c:/users/arist/appdata/roaming/code/user/globalstorage/bmd.stm32-for-vscode/@xpack-dev-tools/arm-none-eabi-gcc/12.3.1-1.1.1/.content/bin/../lib/gcc/arm-none-eabi/12.3.1/thumb/v6-m/nofp\libgcc.a(_clzsi2.o)
                0x080001d4                __clzsi2
 *(.text*)
 .text.__do_global_dtors_aux
                0x08000210       0x28 c:/users/arist/appdata/roaming/code/user/globalstorage/bmd.stm32-for-vscode/@xpack-dev-tools/arm-none-eabi-gcc/12.3.1-1.1.1/.content/bin/../lib/gcc/arm-none-eabi/12.3.1/thumb/v6-m/nofp/crtbegin.o
 .text.frame_dummy
                0x08000238       0x20 c:/users/arist/appdata/roaming/code/user/globalstorage/bmd.stm32-for-vscode/@xpack-dev-tools/arm-none-eabi-gcc/12.3.1-1.1.1/.content/bin/../lib/gcc/arm-none-eabi/12.3.1/thumb/v6-m/nofp/crtbegin.o
 .text.set_mode
                0x08000258       0x20 build/GEVA.o
                0x08000258                set_mode
 .text.set_orientation
                0x08000278       0x82 build/GEVA.o
                0x08000278                set_orientation
 .text.clr_buffer
                0x080002fa       0x20 build/GEVA.o
                0x080002fa                clr_buffer
 .text.byte_col_cnt
                0x0800031a        0xc build/GEVA.o
                0x0800031a                byte_col_cnt
 .text.buffer_byte_cnt
                0x08000326        0x8 build/GEVA.o
                0x08000326                buffer_byte_cnt
 .text.init_buf
                0x0800032e       0x46 build/GEVA.o
                0x0800032e                init_buf
 .text.get_buffer_index
                0x08000374        0xa build/GEVA.o
                0x08000374                get_buffer_index
 .text.put_vbc  0x0800037e       0xfa build/GEVA.o
                0x0800037e                put_vbc
 .text.reverse_byte
                0x08000478       0x58 build/GEVA.o
                0x08000478                reverse_byte
 .text.rotate_char
                0x080004d0       0xf4 build/GEVA.o
                0x080004d0                rotate_char
 .text.put_char
                0x080005c4      0x154 build/GEVA.o
                0x080005c4                put_char
 .text.MX_GPIO_Init
                0x08000718      0x124 build/main.o
 .text.Error_Handler
                0x0800083c        0x4 build/main.o
                0x0800083c                Error_Handler
 .text.MX_I2C1_Init
                0x08000840       0x68 build/main.o
 .text.MX_USART1_UART_Init
                0x080008a8       0x38 build/main.o
 .text.MX_USART2_UART_Init
                0x080008e0       0x38 build/main.o
 .text.MX_ADC_Init
                0x08000918       0xd8 build/main.o
 .text.MX_SPI1_Init
                0x080009f0       0x50 build/main.o
 .text.MX_SPI2_Init
                0x08000a40       0x50 build/main.o
 .text.MX_TIM3_Init
                0x08000a90       0x84 build/main.o
 .text.MX_TIM16_Init
                0x08000b14       0xa8 build/main.o
 .text.SystemClock_Config
                0x08000bbc       0x78 build/main.o
                0x08000bbc                SystemClock_Config
 .text.main     0x08000c34      0x114 build/main.o
                0x08000c34                main
 .text.max6675_init
                0x08000d48       0x1a build/stm32_max6675.o
                0x08000d48                max6675_init
 *fill*         0x08000d62        0x2 
 .text.max6675_read_temp
                0x08000d64       0x6c build/stm32_max6675.o
                0x08000d64                max6675_read_temp
 .text.write_buf
                0x08000dd0       0x24 build/stm32_ssd1306_i2c.o
 .text.init_display
                0x08000df4       0x34 build/stm32_ssd1306_i2c.o
                0x08000df4                init_display
 .text.update_display
                0x08000e28       0xf0 build/stm32_ssd1306_i2c.o
                0x08000e28                update_display
 .text.HAL_MspInit
                0x08000f18       0x30 build/stm32f0xx_hal_msp.o
                0x08000f18                HAL_MspInit
 .text.HAL_ADC_MspInit
                0x08000f48       0x84 build/stm32f0xx_hal_msp.o
                0x08000f48                HAL_ADC_MspInit
 .text.HAL_I2C_MspInit
                0x08000fcc       0x68 build/stm32f0xx_hal_msp.o
                0x08000fcc                HAL_I2C_MspInit
 .text.HAL_SPI_MspInit
                0x08001034       0xd8 build/stm32f0xx_hal_msp.o
                0x08001034                HAL_SPI_MspInit
 .text.HAL_TIM_PWM_MspInit
                0x0800110c       0x2c build/stm32f0xx_hal_msp.o
                0x0800110c                HAL_TIM_PWM_MspInit
 .text.HAL_TIM_Base_MspInit
                0x08001138       0x2c build/stm32f0xx_hal_msp.o
                0x08001138                HAL_TIM_Base_MspInit
 .text.HAL_TIM_MspPostInit
                0x08001164       0x88 build/stm32f0xx_hal_msp.o
                0x08001164                HAL_TIM_MspPostInit
 .text.HAL_UART_MspInit
                0x080011ec       0xb0 build/stm32f0xx_hal_msp.o
                0x080011ec                HAL_UART_MspInit
 .text.NMI_Handler
                0x0800129c        0x2 build/stm32f0xx_it.o
                0x0800129c                NMI_Handler
 .text.HardFault_Handler
                0x0800129e        0x2 build/stm32f0xx_it.o
                0x0800129e                HardFault_Handler
 .text.SVC_Handler
                0x080012a0        0x2 build/stm32f0xx_it.o
                0x080012a0                SVC_Handler
 .text.PendSV_Handler
                0x080012a2        0x2 build/stm32f0xx_it.o
                0x080012a2                PendSV_Handler
 .text.SysTick_Handler
                0x080012a4        0x8 build/stm32f0xx_it.o
                0x080012a4                SysTick_Handler
 .text.SystemInit
                0x080012ac        0x2 build/system_stm32f0xx.o
                0x080012ac                SystemInit
 *fill*         0x080012ae        0x2 
 .text.HAL_InitTick
                0x080012b0       0x50 build/stm32f0xx_hal.o
                0x080012b0                HAL_InitTick
 .text.HAL_Init
                0x08001300       0x20 build/stm32f0xx_hal.o
                0x08001300                HAL_Init
 .text.HAL_IncTick
                0x08001320       0x18 build/stm32f0xx_hal.o
                0x08001320                HAL_IncTick
 .text.HAL_GetTick
                0x08001338        0xc build/stm32f0xx_hal.o
                0x08001338                HAL_GetTick
 .text.HAL_Delay
                0x08001344       0x24 build/stm32f0xx_hal.o
                0x08001344                HAL_Delay
 .text.HAL_ADC_Init
                0x08001368      0x184 build/stm32f0xx_hal_adc.o
                0x08001368                HAL_ADC_Init
 .text.HAL_ADC_ConfigChannel
                0x080014ec      0x120 build/stm32f0xx_hal_adc.o
                0x080014ec                HAL_ADC_ConfigChannel
 .text.__NVIC_SetPriority
                0x0800160c       0x60 build/stm32f0xx_hal_cortex.o
 .text.SysTick_Config
                0x0800166c       0x38 build/stm32f0xx_hal_cortex.o
 .text.HAL_NVIC_SetPriority
                0x080016a4        0x8 build/stm32f0xx_hal_cortex.o
                0x080016a4                HAL_NVIC_SetPriority
 .text.HAL_SYSTICK_Config
                0x080016ac        0x8 build/stm32f0xx_hal_cortex.o
                0x080016ac                HAL_SYSTICK_Config
 .text.HAL_GPIO_Init
                0x080016b4      0x188 build/stm32f0xx_hal_gpio.o
                0x080016b4                HAL_GPIO_Init
 .text.HAL_GPIO_WritePin
                0x0800183c        0xc build/stm32f0xx_hal_gpio.o
                0x0800183c                HAL_GPIO_WritePin
 .text.HAL_GPIO_TogglePin
                0x08001848       0x10 build/stm32f0xx_hal_gpio.o
                0x08001848                HAL_GPIO_TogglePin
 .text.I2C_Flush_TXDR
                0x08001858       0x1e build/stm32f0xx_hal_i2c.o
 *fill*         0x08001876        0x2 
 .text.I2C_TransferConfig
                0x08001878       0x34 build/stm32f0xx_hal_i2c.o
 .text.I2C_IsErrorOccurred
                0x080018ac      0x118 build/stm32f0xx_hal_i2c.o
 .text.I2C_WaitOnTXISFlagUntilTimeout
                0x080019c4       0x5a build/stm32f0xx_hal_i2c.o
 .text.I2C_WaitOnFlagUntilTimeout
                0x08001a1e       0x70 build/stm32f0xx_hal_i2c.o
 .text.I2C_WaitOnSTOPFlagUntilTimeout
                0x08001a8e       0x5a build/stm32f0xx_hal_i2c.o
 .text.HAL_I2C_Init
                0x08001ae8       0xcc build/stm32f0xx_hal_i2c.o
                0x08001ae8                HAL_I2C_Init
 .text.HAL_I2C_Master_Transmit
                0x08001bb4      0x174 build/stm32f0xx_hal_i2c.o
                0x08001bb4                HAL_I2C_Master_Transmit
 .text.HAL_I2CEx_ConfigAnalogFilter
                0x08001d28       0x58 build/stm32f0xx_hal_i2c_ex.o
                0x08001d28                HAL_I2CEx_ConfigAnalogFilter
 .text.HAL_I2CEx_ConfigDigitalFilter
                0x08001d80       0x54 build/stm32f0xx_hal_i2c_ex.o
                0x08001d80                HAL_I2CEx_ConfigDigitalFilter
 .text.HAL_RCC_OscConfig
                0x08001dd4      0x4b0 build/stm32f0xx_hal_rcc.o
                0x08001dd4                HAL_RCC_OscConfig
 .text.HAL_RCC_GetSysClockFreq
                0x08002284       0x58 build/stm32f0xx_hal_rcc.o
                0x08002284                HAL_RCC_GetSysClockFreq
 .text.HAL_RCC_ClockConfig
                0x080022dc      0x134 build/stm32f0xx_hal_rcc.o
                0x080022dc                HAL_RCC_ClockConfig
 .text.HAL_RCC_GetHCLKFreq
                0x08002410        0xc build/stm32f0xx_hal_rcc.o
                0x08002410                HAL_RCC_GetHCLKFreq
 .text.HAL_RCC_GetPCLK1Freq
                0x0800241c       0x20 build/stm32f0xx_hal_rcc.o
                0x0800241c                HAL_RCC_GetPCLK1Freq
 .text.HAL_RCCEx_PeriphCLKConfig
                0x0800243c      0x120 build/stm32f0xx_hal_rcc_ex.o
                0x0800243c                HAL_RCCEx_PeriphCLKConfig
 .text.SPI_WaitFlagStateUntilTimeout
                0x0800255c       0xe0 build/stm32f0xx_hal_spi.o
 .text.SPI_WaitFifoStateUntilTimeout
                0x0800263c      0x10c build/stm32f0xx_hal_spi.o
 .text.SPI_EndRxTxTransaction
                0x08002748       0x68 build/stm32f0xx_hal_spi.o
 .text.SPI_EndRxTransaction
                0x080027b0       0x90 build/stm32f0xx_hal_spi.o
 .text.HAL_SPI_Init
                0x08002840      0x104 build/stm32f0xx_hal_spi.o
                0x08002840                HAL_SPI_Init
 .text.HAL_SPI_TransmitReceive
                0x08002944      0x260 build/stm32f0xx_hal_spi.o
                0x08002944                HAL_SPI_TransmitReceive
 .text.HAL_SPI_Receive
                0x08002ba4      0x1b0 build/stm32f0xx_hal_spi.o
                0x08002ba4                HAL_SPI_Receive
 .text.TIM_OC1_SetConfig
                0x08002d54       0x8c build/stm32f0xx_hal_tim.o
 .text.TIM_OC3_SetConfig
                0x08002de0       0x8c build/stm32f0xx_hal_tim.o
 .text.TIM_OC4_SetConfig
                0x08002e6c       0x74 build/stm32f0xx_hal_tim.o
 .text.TIM_Base_SetConfig
                0x08002ee0       0x94 build/stm32f0xx_hal_tim.o
                0x08002ee0                TIM_Base_SetConfig
 .text.HAL_TIM_Base_Init
                0x08002f74       0x58 build/stm32f0xx_hal_tim.o
                0x08002f74                HAL_TIM_Base_Init
 .text.HAL_TIM_PWM_Init
                0x08002fcc       0x58 build/stm32f0xx_hal_tim.o
                0x08002fcc                HAL_TIM_PWM_Init
 .text.TIM_OC2_SetConfig
                0x08003024       0x84 build/stm32f0xx_hal_tim.o
                0x08003024                TIM_OC2_SetConfig
 .text.HAL_TIM_PWM_ConfigChannel
                0x080030a8       0xf0 build/stm32f0xx_hal_tim.o
                0x080030a8                HAL_TIM_PWM_ConfigChannel
 .text.HAL_TIMEx_MasterConfigSynchronization
                0x08003198       0x64 build/stm32f0xx_hal_tim_ex.o
                0x08003198                HAL_TIMEx_MasterConfigSynchronization
 .text.HAL_TIMEx_ConfigBreakDeadTime
                0x080031fc       0x6c build/stm32f0xx_hal_tim_ex.o
                0x080031fc                HAL_TIMEx_ConfigBreakDeadTime
 .text.UART_EndRxTransfer
                0x08003268       0x60 build/stm32f0xx_hal_uart.o
 .text.UART_SetConfig
                0x080032c8      0x1a4 build/stm32f0xx_hal_uart.o
                0x080032c8                UART_SetConfig
 .text.UART_AdvFeatureConfig
                0x0800346c       0xe0 build/stm32f0xx_hal_uart.o
                0x0800346c                UART_AdvFeatureConfig
 .text.UART_WaitOnFlagUntilTimeout
                0x0800354c       0x96 build/stm32f0xx_hal_uart.o
                0x0800354c                UART_WaitOnFlagUntilTimeout
 *fill*         0x080035e2        0x2 
 .text.UART_CheckIdleState
                0x080035e4       0xd0 build/stm32f0xx_hal_uart.o
                0x080035e4                UART_CheckIdleState
 .text.HAL_UART_Init
                0x080036b4       0x6c build/stm32f0xx_hal_uart.o
                0x080036b4                HAL_UART_Init
 .text.Reset_Handler
                0x08003720       0x50 build/startup_stm32f030xc.o
                0x08003720                Reset_Handler
 .text.Default_Handler
                0x08003770        0x2 build/startup_stm32f030xc.o
                0x08003770                TIM1_CC_IRQHandler
                0x08003770                TIM6_IRQHandler
                0x08003770                I2C1_IRQHandler
                0x08003770                SPI1_IRQHandler
                0x08003770                EXTI2_3_IRQHandler
                0x08003770                ADC1_IRQHandler
                0x08003770                I2C2_IRQHandler
                0x08003770                USART3_6_IRQHandler
                0x08003770                TIM17_IRQHandler
                0x08003770                RTC_IRQHandler
                0x08003770                TIM16_IRQHandler
                0x08003770                TIM3_IRQHandler
                0x08003770                EXTI4_15_IRQHandler
                0x08003770                RCC_IRQHandler
                0x08003770                DMA1_Channel1_IRQHandler
                0x08003770                Default_Handler
                0x08003770                TIM14_IRQHandler
                0x08003770                DMA1_Channel4_5_IRQHandler
                0x08003770                TIM7_IRQHandler
                0x08003770                TIM15_IRQHandler
                0x08003770                EXTI0_1_IRQHandler
                0x08003770                SPI2_IRQHandler
                0x08003770                WWDG_IRQHandler
                0x08003770                DMA1_Channel2_3_IRQHandler
                0x08003770                USART2_IRQHandler
                0x08003770                FLASH_IRQHandler
                0x08003770                USART1_IRQHandler
                0x08003770                TIM1_BRK_UP_TRG_COM_IRQHandler
 *fill*         0x08003772        0x2 
 .text.malloc   0x08003774       0x14 c:/users/arist/appdata/roaming/code/user/globalstorage/bmd.stm32-for-vscode/@xpack-dev-tools/arm-none-eabi-gcc/12.3.1-1.1.1/.content/bin/../lib/gcc/arm-none-eabi/12.3.1/../../../../arm-none-eabi/lib/thumb/v6-m/nofp\libc_nano.a(libc_a-malloc.o)
                0x08003774                malloc
 .text.sbrk_aligned
                0x08003788       0x44 c:/users/arist/appdata/roaming/code/user/globalstorage/bmd.stm32-for-vscode/@xpack-dev-tools/arm-none-eabi-gcc/12.3.1-1.1.1/.content/bin/../lib/gcc/arm-none-eabi/12.3.1/../../../../arm-none-eabi/lib/thumb/v6-m/nofp\libc_nano.a(libc_a-mallocr.o)
 .text._malloc_r
                0x080037cc      0x100 c:/users/arist/appdata/roaming/code/user/globalstorage/bmd.stm32-for-vscode/@xpack-dev-tools/arm-none-eabi-gcc/12.3.1-1.1.1/.content/bin/../lib/gcc/arm-none-eabi/12.3.1/../../../../arm-none-eabi/lib/thumb/v6-m/nofp\libc_nano.a(libc_a-mallocr.o)
                0x080037cc                _malloc_r
 .text.__malloc_lock
                0x080038cc       0x10 c:/users/arist/appdata/roaming/code/user/globalstorage/bmd.stm32-for-vscode/@xpack-dev-tools/arm-none-eabi-gcc/12.3.1-1.1.1/.content/bin/../lib/gcc/arm-none-eabi/12.3.1/../../../../arm-none-eabi/lib/thumb/v6-m/nofp\libc_nano.a(libc_a-mlock.o)
                0x080038cc                __malloc_lock
 .text.__malloc_unlock
                0x080038dc       0x10 c:/users/arist/appdata/roaming/code/user/globalstorage/bmd.stm32-for-vscode/@xpack-dev-tools/arm-none-eabi-gcc/12.3.1-1.1.1/.content/bin/../lib/gcc/arm-none-eabi/12.3.1/../../../../arm-none-eabi/lib/thumb/v6-m/nofp\libc_nano.a(libc_a-mlock.o)
                0x080038dc                __malloc_unlock
 .text.memmove  0x080038ec       0x26 c:/users/arist/appdata/roaming/code/user/globalstorage/bmd.stm32-for-vscode/@xpack-dev-tools/arm-none-eabi-gcc/12.3.1-1.1.1/.content/bin/../lib/gcc/arm-none-eabi/12.3.1/../../../../arm-none-eabi/lib/thumb/v6-m/nofp\libc_nano.a(libc_a-memmove.o)
                0x080038ec                memmove
 .text.memset   0x08003912       0x10 c:/users/arist/appdata/roaming/code/user/globalstorage/bmd.stm32-for-vscode/@xpack-dev-tools/arm-none-eabi-gcc/12.3.1-1.1.1/.content/bin/../lib/gcc/arm-none-eabi/12.3.1/../../../../arm-none-eabi/lib/thumb/v6-m/nofp\libc_nano.a(libc_a-memset.o)
                0x08003912                memset
 *fill*         0x08003922        0x2 
 .text._sbrk_r  0x08003924       0x24 c:/users/arist/appdata/roaming/code/user/globalstorage/bmd.stm32-for-vscode/@xpack-dev-tools/arm-none-eabi-gcc/12.3.1-1.1.1/.content/bin/../lib/gcc/arm-none-eabi/12.3.1/../../../../arm-none-eabi/lib/thumb/v6-m/nofp\libc_nano.a(libc_a-sbrkr.o)
                0x08003924                _sbrk_r
 .text.__libc_init_array
                0x08003948       0x48 c:/users/arist/appdata/roaming/code/user/globalstorage/bmd.stm32-for-vscode/@xpack-dev-tools/arm-none-eabi-gcc/12.3.1-1.1.1/.content/bin/../lib/gcc/arm-none-eabi/12.3.1/../../../../arm-none-eabi/lib/thumb/v6-m/nofp\libc_nano.a(libc_a-init.o)
                0x08003948                __libc_init_array
 .text.__retarget_lock_acquire_recursive
                0x08003990        0x2 c:/users/arist/appdata/roaming/code/user/globalstorage/bmd.stm32-for-vscode/@xpack-dev-tools/arm-none-eabi-gcc/12.3.1-1.1.1/.content/bin/../lib/gcc/arm-none-eabi/12.3.1/../../../../arm-none-eabi/lib/thumb/v6-m/nofp\libc_nano.a(libc_a-lock.o)
                0x08003990                __retarget_lock_acquire_recursive
 .text.__retarget_lock_release_recursive
                0x08003992        0x2 c:/users/arist/appdata/roaming/code/user/globalstorage/bmd.stm32-for-vscode/@xpack-dev-tools/arm-none-eabi-gcc/12.3.1-1.1.1/.content/bin/../lib/gcc/arm-none-eabi/12.3.1/../../../../arm-none-eabi/lib/thumb/v6-m/nofp\libc_nano.a(libc_a-lock.o)
                0x08003992                __retarget_lock_release_recursive
 .text.memcpy   0x08003994       0x12 c:/users/arist/appdata/roaming/code/user/globalstorage/bmd.stm32-for-vscode/@xpack-dev-tools/arm-none-eabi-gcc/12.3.1-1.1.1/.content/bin/../lib/gcc/arm-none-eabi/12.3.1/../../../../arm-none-eabi/lib/thumb/v6-m/nofp\libc_nano.a(libc_a-memcpy-stub.o)
                0x08003994                memcpy
 *fill*         0x080039a6        0x2 
 .text._sbrk    0x080039a8       0x1c c:/users/arist/appdata/roaming/code/user/globalstorage/bmd.stm32-for-vscode/@xpack-dev-tools/arm-none-eabi-gcc/12.3.1-1.1.1/.content/bin/../lib/gcc/arm-none-eabi/12.3.1/../../../../arm-none-eabi/lib/thumb/v6-m/nofp\libnosys.a(sbrk.o)
                0x080039a8                _sbrk
 .text.__aeabi_fmul
                0x080039c4      0x27c c:/users/arist/appdata/roaming/code/user/globalstorage/bmd.stm32-for-vscode/@xpack-dev-tools/arm-none-eabi-gcc/12.3.1-1.1.1/.content/bin/../lib/gcc/arm-none-eabi/12.3.1/thumb/v6-m/nofp\libgcc.a(mulsf3.o)
                0x080039c4                __aeabi_fmul
 .text.__aeabi_i2f
                0x08003c40       0x98 c:/users/arist/appdata/roaming/code/user/globalstorage/bmd.stm32-for-vscode/@xpack-dev-tools/arm-none-eabi-gcc/12.3.1-1.1.1/.content/bin/../lib/gcc/arm-none-eabi/12.3.1/thumb/v6-m/nofp\libgcc.a(floatsisf.o)
                0x08003c40                __aeabi_i2f
 *(.glue_7)
 .glue_7        0x08003cd8        0x0 linker stubs
 *(.glue_7t)
 .glue_7t       0x08003cd8        0x0 linker stubs
 *(.eh_frame)
 .eh_frame      0x08003cd8        0x0 c:/users/arist/appdata/roaming/code/user/globalstorage/bmd.stm32-for-vscode/@xpack-dev-tools/arm-none-eabi-gcc/12.3.1-1.1.1/.content/bin/../lib/gcc/arm-none-eabi/12.3.1/thumb/v6-m/nofp/crtbegin.o
 *(.init)
 .init          0x08003cd8        0x4 c:/users/arist/appdata/roaming/code/user/globalstorage/bmd.stm32-for-vscode/@xpack-dev-tools/arm-none-eabi-gcc/12.3.1-1.1.1/.content/bin/../lib/gcc/arm-none-eabi/12.3.1/thumb/v6-m/nofp/crti.o
                0x08003cd8                _init
 .init          0x08003cdc        0x8 c:/users/arist/appdata/roaming/code/user/globalstorage/bmd.stm32-for-vscode/@xpack-dev-tools/arm-none-eabi-gcc/12.3.1-1.1.1/.content/bin/../lib/gcc/arm-none-eabi/12.3.1/thumb/v6-m/nofp/crtn.o
 *(.fini)
 .fini          0x08003ce4        0x4 c:/users/arist/appdata/roaming/code/user/globalstorage/bmd.stm32-for-vscode/@xpack-dev-tools/arm-none-eabi-gcc/12.3.1-1.1.1/.content/bin/../lib/gcc/arm-none-eabi/12.3.1/thumb/v6-m/nofp/crti.o
                0x08003ce4                _fini
 .fini          0x08003ce8        0x8 c:/users/arist/appdata/roaming/code/user/globalstorage/bmd.stm32-for-vscode/@xpack-dev-tools/arm-none-eabi-gcc/12.3.1-1.1.1/.content/bin/../lib/gcc/arm-none-eabi/12.3.1/thumb/v6-m/nofp/crtn.o
                0x08003cf0                        . = ALIGN (0x4)
                0x08003cf0                        _etext = .

.vfp11_veneer   0x08003cf0        0x0
 .vfp11_veneer  0x08003cf0        0x0 linker stubs

.v4_bx          0x08003cf0        0x0
 .v4_bx         0x08003cf0        0x0 linker stubs

.iplt           0x08003cf0        0x0
 .iplt          0x08003cf0        0x0 c:/users/arist/appdata/roaming/code/user/globalstorage/bmd.stm32-for-vscode/@xpack-dev-tools/arm-none-eabi-gcc/12.3.1-1.1.1/.content/bin/../lib/gcc/arm-none-eabi/12.3.1/thumb/v6-m/nofp/crtbegin.o

.rodata         0x08003cf0      0x44c
                0x08003cf0                        . = ALIGN (0x4)
 *(.rodata)
 .rodata        0x08003cf0      0x3f0 build/main.o
 .rodata        0x080040e0       0x1a build/stm32_ssd1306_i2c.o
 *(.rodata*)
 *fill*         0x080040fa        0x2 
 .rodata.main.str1.4
                0x080040fc        0x7 build/main.o
 *fill*         0x08004103        0x1 
 .rodata.APBPrescTable
                0x08004104        0x8 build/system_stm32f0xx.o
                0x08004104                APBPrescTable
 .rodata.AHBPrescTable
                0x0800410c       0x10 build/system_stm32f0xx.o
                0x0800410c                AHBPrescTable
 .rodata.aPredivFactorTable.0
                0x0800411c       0x10 build/stm32f0xx_hal_rcc.o
 .rodata.aPLLMULFactorTable.1
                0x0800412c       0x10 build/stm32f0xx_hal_rcc.o
                0x0800413c                        . = ALIGN (0x4)

.rel.dyn        0x0800413c        0x0
 .rel.iplt      0x0800413c        0x0 c:/users/arist/appdata/roaming/code/user/globalstorage/bmd.stm32-for-vscode/@xpack-dev-tools/arm-none-eabi-gcc/12.3.1-1.1.1/.content/bin/../lib/gcc/arm-none-eabi/12.3.1/thumb/v6-m/nofp/crtbegin.o

.ARM.extab
 *(.ARM.extab* .gnu.linkonce.armextab.*)

.ARM            0x0800413c        0x0
                0x0800413c                        __exidx_start = .
 *(.ARM.exidx*)
                0x0800413c                        __exidx_end = .

.preinit_array  0x0800413c        0x0
                0x0800413c                        PROVIDE (__preinit_array_start = .)
 *(.preinit_array*)
                0x0800413c                        PROVIDE (__preinit_array_end = .)

.init_array     0x0800413c        0x4
                0x0800413c                        PROVIDE (__init_array_start = .)
 *(SORT_BY_NAME(.init_array.*))
 *(.init_array*)
 .init_array    0x0800413c        0x4 c:/users/arist/appdata/roaming/code/user/globalstorage/bmd.stm32-for-vscode/@xpack-dev-tools/arm-none-eabi-gcc/12.3.1-1.1.1/.content/bin/../lib/gcc/arm-none-eabi/12.3.1/thumb/v6-m/nofp/crtbegin.o
                0x08004140                        PROVIDE (__init_array_end = .)

.fini_array     0x08004140        0x4
                0x08004140                        PROVIDE (__fini_array_start = .)
 *(SORT_BY_NAME(.fini_array.*))
 *(.fini_array*)
 .fini_array    0x08004140        0x4 c:/users/arist/appdata/roaming/code/user/globalstorage/bmd.stm32-for-vscode/@xpack-dev-tools/arm-none-eabi-gcc/12.3.1-1.1.1/.content/bin/../lib/gcc/arm-none-eabi/12.3.1/thumb/v6-m/nofp/crtbegin.o
                0x08004144                        PROVIDE (__fini_array_end = .)
                0x08004144                        _sidata = LOADADDR (.data)

.data           0x20000000     0x2a5c load address 0x08004144
                0x20000000                        . = ALIGN (0x4)
                0x20000000                        _sdata = .
 *(.data)
 *(.data*)
 .data.font_m   0x20000000     0x1c00 build/GEVA.o
                0x20000000                font_m
 .data.font_s   0x20001c00      0xe00 build/GEVA.o
                0x20001c00                font_s
 .data.SystemCoreClock
                0x20002a00        0x4 build/system_stm32f0xx.o
                0x20002a00                SystemCoreClock
 .data.uwTickFreq
                0x20002a04        0x1 build/stm32f0xx_hal.o
                0x20002a04                uwTickFreq
 *fill*         0x20002a05        0x3 
 .data.uwTickPrio
                0x20002a08        0x4 build/stm32f0xx_hal.o
                0x20002a08                uwTickPrio
 .data._impure_ptr
                0x20002a0c        0x4 c:/users/arist/appdata/roaming/code/user/globalstorage/bmd.stm32-for-vscode/@xpack-dev-tools/arm-none-eabi-gcc/12.3.1-1.1.1/.content/bin/../lib/gcc/arm-none-eabi/12.3.1/../../../../arm-none-eabi/lib/thumb/v6-m/nofp\libc_nano.a(libc_a-impure.o)
                0x20002a0c                _impure_ptr
 .data._impure_data
                0x20002a10       0x4c c:/users/arist/appdata/roaming/code/user/globalstorage/bmd.stm32-for-vscode/@xpack-dev-tools/arm-none-eabi-gcc/12.3.1-1.1.1/.content/bin/../lib/gcc/arm-none-eabi/12.3.1/../../../../arm-none-eabi/lib/thumb/v6-m/nofp\libc_nano.a(libc_a-impure.o)
                0x20002a10                _impure_data
                0x20002a5c                        . = ALIGN (0x4)
                0x20002a5c                        _edata = .

.igot.plt       0x20002a5c        0x0 load address 0x08006ba0
 .igot.plt      0x20002a5c        0x0 c:/users/arist/appdata/roaming/code/user/globalstorage/bmd.stm32-for-vscode/@xpack-dev-tools/arm-none-eabi-gcc/12.3.1-1.1.1/.content/bin/../lib/gcc/arm-none-eabi/12.3.1/thumb/v6-m/nofp/crtbegin.o
                0x20002a5c                        . = ALIGN (0x4)

.bss            0x20002a5c      0x474 load address 0x08006ba0
                0x20002a5c                        _sbss = .
                0x20002a5c                        __bss_start__ = _sbss
 *(.bss)
 *(.bss*)
 .bss.completed.1
                0x20002a5c        0x1 c:/users/arist/appdata/roaming/code/user/globalstorage/bmd.stm32-for-vscode/@xpack-dev-tools/arm-none-eabi-gcc/12.3.1-1.1.1/.content/bin/../lib/gcc/arm-none-eabi/12.3.1/thumb/v6-m/nofp/crtbegin.o
 *fill*         0x20002a5d        0x3 
 .bss.object.0  0x20002a60       0x18 c:/users/arist/appdata/roaming/code/user/globalstorage/bmd.stm32-for-vscode/@xpack-dev-tools/arm-none-eabi-gcc/12.3.1-1.1.1/.content/bin/../lib/gcc/arm-none-eabi/12.3.1/thumb/v6-m/nofp/crtbegin.o
 .bss.font_width
                0x20002a78        0x1 build/GEVA.o
                0x20002a78                font_width
 .bss.font_height
                0x20002a79        0x1 build/GEVA.o
                0x20002a79                font_height
 *fill*         0x20002a7a        0x2 
 .bss.huart2    0x20002a7c       0x88 build/main.o
                0x20002a7c                huart2
 .bss.huart1    0x20002b04       0x88 build/main.o
                0x20002b04                huart1
 .bss.htim16    0x20002b8c       0x48 build/main.o
                0x20002b8c                htim16
 .bss.htim3     0x20002bd4       0x48 build/main.o
                0x20002bd4                htim3
 .bss.hspi2     0x20002c1c       0x64 build/main.o
                0x20002c1c                hspi2
 .bss.hspi1     0x20002c80       0x64 build/main.o
                0x20002c80                hspi1
 .bss.hi2c1     0x20002ce4       0x54 build/main.o
                0x20002ce4                hi2c1
 .bss.hadc      0x20002d38       0x40 build/main.o
                0x20002d38                hadc
 .bss._i2c_handler
                0x20002d78        0x4 build/stm32_ssd1306_i2c.o
                0x20002d78                _i2c_handler
 .bss._i2caddr  0x20002d7c        0x1 build/stm32_ssd1306_i2c.o
 *fill*         0x20002d7d        0x3 
 .bss.uwTick    0x20002d80        0x4 build/stm32f0xx_hal.o
                0x20002d80                uwTick
 .bss.__malloc_sbrk_start
                0x20002d84        0x4 c:/users/arist/appdata/roaming/code/user/globalstorage/bmd.stm32-for-vscode/@xpack-dev-tools/arm-none-eabi-gcc/12.3.1-1.1.1/.content/bin/../lib/gcc/arm-none-eabi/12.3.1/../../../../arm-none-eabi/lib/thumb/v6-m/nofp\libc_nano.a(libc_a-mallocr.o)
                0x20002d84                __malloc_sbrk_start
 .bss.__malloc_free_list
                0x20002d88        0x4 c:/users/arist/appdata/roaming/code/user/globalstorage/bmd.stm32-for-vscode/@xpack-dev-tools/arm-none-eabi-gcc/12.3.1-1.1.1/.content/bin/../lib/gcc/arm-none-eabi/12.3.1/../../../../arm-none-eabi/lib/thumb/v6-m/nofp\libc_nano.a(libc_a-mallocr.o)
                0x20002d88                __malloc_free_list
 .bss.__sf      0x20002d8c      0x138 c:/users/arist/appdata/roaming/code/user/globalstorage/bmd.stm32-for-vscode/@xpack-dev-tools/arm-none-eabi-gcc/12.3.1-1.1.1/.content/bin/../lib/gcc/arm-none-eabi/12.3.1/../../../../arm-none-eabi/lib/thumb/v6-m/nofp\libc_nano.a(libc_a-findfp.o)
                0x20002d8c                __sf
 .bss.errno     0x20002ec4        0x4 c:/users/arist/appdata/roaming/code/user/globalstorage/bmd.stm32-for-vscode/@xpack-dev-tools/arm-none-eabi-gcc/12.3.1-1.1.1/.content/bin/../lib/gcc/arm-none-eabi/12.3.1/../../../../arm-none-eabi/lib/thumb/v6-m/nofp\libc_nano.a(libc_a-reent.o)
                0x20002ec4                errno
 .bss.__lock___malloc_recursive_mutex
                0x20002ec8        0x1 c:/users/arist/appdata/roaming/code/user/globalstorage/bmd.stm32-for-vscode/@xpack-dev-tools/arm-none-eabi-gcc/12.3.1-1.1.1/.content/bin/../lib/gcc/arm-none-eabi/12.3.1/../../../../arm-none-eabi/lib/thumb/v6-m/nofp\libc_nano.a(libc_a-lock.o)
                0x20002ec8                __lock___malloc_recursive_mutex
 *fill*         0x20002ec9        0x3 
 .bss.heap_end.0
                0x20002ecc        0x4 c:/users/arist/appdata/roaming/code/user/globalstorage/bmd.stm32-for-vscode/@xpack-dev-tools/arm-none-eabi-gcc/12.3.1-1.1.1/.content/bin/../lib/gcc/arm-none-eabi/12.3.1/../../../../arm-none-eabi/lib/thumb/v6-m/nofp\libnosys.a(sbrk.o)
 *(COMMON)
                0x20002ed0                        . = ALIGN (0x4)
                0x20002ed0                        _ebss = .
                0x20002ed0                        __bss_end__ = _ebss

._user_heap_stack
                0x20002ed0     0x1000 load address 0x08006ba0
                0x20002ed0                        . = ALIGN (0x8)
                0x20002ed0                        PROVIDE (end = .)
                [!provide]                        PROVIDE (_end = .)
                0x200036d0                        . = (. + _Min_Heap_Size)
 *fill*         0x20002ed0      0x800 
                0x20003ed0                        . = (. + _Min_Stack_Size)
 *fill*         0x200036d0      0x800 
                0x20003ed0                        . = ALIGN (0x8)

/DISCARD/
 libc.a(*)
 libm.a(*)
 libgcc.a(*)

.ARM.attributes
                0x00000000       0x28
 *(.ARM.attributes)
 .ARM.attributes
                0x00000000       0x1e c:/users/arist/appdata/roaming/code/user/globalstorage/bmd.stm32-for-vscode/@xpack-dev-tools/arm-none-eabi-gcc/12.3.1-1.1.1/.content/bin/../lib/gcc/arm-none-eabi/12.3.1/thumb/v6-m/nofp/crti.o
 .ARM.attributes
                0x0000001e       0x2c c:/users/arist/appdata/roaming/code/user/globalstorage/bmd.stm32-for-vscode/@xpack-dev-tools/arm-none-eabi-gcc/12.3.1-1.1.1/.content/bin/../lib/gcc/arm-none-eabi/12.3.1/thumb/v6-m/nofp/crtbegin.o
 .ARM.attributes
                0x0000004a       0x2c build/GEVA.o
 .ARM.attributes
                0x00000076       0x2c build/main.o
 .ARM.attributes
                0x000000a2       0x2c build/stm32_max6675.o
 .ARM.attributes
                0x000000ce       0x2c build/stm32_ssd1306_i2c.o
 .ARM.attributes
                0x000000fa       0x2c build/stm32f0xx_hal_msp.o
 .ARM.attributes
                0x00000126       0x2c build/stm32f0xx_it.o
 .ARM.attributes
                0x00000152       0x2c build/system_stm32f0xx.o
 .ARM.attributes
                0x0000017e       0x2c build/stm32f0xx_hal.o
 .ARM.attributes
                0x000001aa       0x2c build/stm32f0xx_hal_adc.o
 .ARM.attributes
                0x000001d6       0x2c build/stm32f0xx_hal_cortex.o
 .ARM.attributes
                0x00000202       0x2c build/stm32f0xx_hal_gpio.o
 .ARM.attributes
                0x0000022e       0x2c build/stm32f0xx_hal_i2c.o
 .ARM.attributes
                0x0000025a       0x2c build/stm32f0xx_hal_i2c_ex.o
 .ARM.attributes
                0x00000286       0x2c build/stm32f0xx_hal_rcc.o
 .ARM.attributes
                0x000002b2       0x2c build/stm32f0xx_hal_rcc_ex.o
 .ARM.attributes
                0x000002de       0x2c build/stm32f0xx_hal_spi.o
 .ARM.attributes
                0x0000030a       0x2c build/stm32f0xx_hal_tim.o
 .ARM.attributes
                0x00000336       0x2c build/stm32f0xx_hal_tim_ex.o
 .ARM.attributes
                0x00000362       0x2c build/stm32f0xx_hal_uart.o
 .ARM.attributes
                0x0000038e       0x21 build/startup_stm32f030xc.o
 .ARM.attributes
                0x000003af       0x2c c:/users/arist/appdata/roaming/code/user/globalstorage/bmd.stm32-for-vscode/@xpack-dev-tools/arm-none-eabi-gcc/12.3.1-1.1.1/.content/bin/../lib/gcc/arm-none-eabi/12.3.1/../../../../arm-none-eabi/lib/thumb/v6-m/nofp\libc_nano.a(libc_a-malloc.o)
 .ARM.attributes
                0x000003db       0x2c c:/users/arist/appdata/roaming/code/user/globalstorage/bmd.stm32-for-vscode/@xpack-dev-tools/arm-none-eabi-gcc/12.3.1-1.1.1/.content/bin/../lib/gcc/arm-none-eabi/12.3.1/../../../../arm-none-eabi/lib/thumb/v6-m/nofp\libc_nano.a(libc_a-mallocr.o)
 .ARM.attributes
                0x00000407       0x2c c:/users/arist/appdata/roaming/code/user/globalstorage/bmd.stm32-for-vscode/@xpack-dev-tools/arm-none-eabi-gcc/12.3.1-1.1.1/.content/bin/../lib/gcc/arm-none-eabi/12.3.1/../../../../arm-none-eabi/lib/thumb/v6-m/nofp\libc_nano.a(libc_a-mlock.o)
 .ARM.attributes
                0x00000433       0x2c c:/users/arist/appdata/roaming/code/user/globalstorage/bmd.stm32-for-vscode/@xpack-dev-tools/arm-none-eabi-gcc/12.3.1-1.1.1/.content/bin/../lib/gcc/arm-none-eabi/12.3.1/../../../../arm-none-eabi/lib/thumb/v6-m/nofp\libc_nano.a(libc_a-findfp.o)
 .ARM.attributes
                0x0000045f       0x2c c:/users/arist/appdata/roaming/code/user/globalstorage/bmd.stm32-for-vscode/@xpack-dev-tools/arm-none-eabi-gcc/12.3.1-1.1.1/.content/bin/../lib/gcc/arm-none-eabi/12.3.1/../../../../arm-none-eabi/lib/thumb/v6-m/nofp\libc_nano.a(libc_a-memmove.o)
 .ARM.attributes
                0x0000048b       0x2c c:/users/arist/appdata/roaming/code/user/globalstorage/bmd.stm32-for-vscode/@xpack-dev-tools/arm-none-eabi-gcc/12.3.1-1.1.1/.content/bin/../lib/gcc/arm-none-eabi/12.3.1/../../../../arm-none-eabi/lib/thumb/v6-m/nofp\libc_nano.a(libc_a-memset.o)
 .ARM.attributes
                0x000004b7       0x2c c:/users/arist/appdata/roaming/code/user/globalstorage/bmd.stm32-for-vscode/@xpack-dev-tools/arm-none-eabi-gcc/12.3.1-1.1.1/.content/bin/../lib/gcc/arm-none-eabi/12.3.1/../../../../arm-none-eabi/lib/thumb/v6-m/nofp\libc_nano.a(libc_a-reent.o)
 .ARM.attributes
                0x000004e3       0x2c c:/users/arist/appdata/roaming/code/user/globalstorage/bmd.stm32-for-vscode/@xpack-dev-tools/arm-none-eabi-gcc/12.3.1-1.1.1/.content/bin/../lib/gcc/arm-none-eabi/12.3.1/../../../../arm-none-eabi/lib/thumb/v6-m/nofp\libc_nano.a(libc_a-impure.o)
 .ARM.attributes
                0x0000050f       0x2c c:/users/arist/appdata/roaming/code/user/globalstorage/bmd.stm32-for-vscode/@xpack-dev-tools/arm-none-eabi-gcc/12.3.1-1.1.1/.content/bin/../lib/gcc/arm-none-eabi/12.3.1/../../../../arm-none-eabi/lib/thumb/v6-m/nofp\libc_nano.a(libc_a-sbrkr.o)
 .ARM.attributes
                0x0000053b       0x2c c:/users/arist/appdata/roaming/code/user/globalstorage/bmd.stm32-for-vscode/@xpack-dev-tools/arm-none-eabi-gcc/12.3.1-1.1.1/.content/bin/../lib/gcc/arm-none-eabi/12.3.1/../../../../arm-none-eabi/lib/thumb/v6-m/nofp\libc_nano.a(libc_a-init.o)
 .ARM.attributes
                0x00000567       0x2c c:/users/arist/appdata/roaming/code/user/globalstorage/bmd.stm32-for-vscode/@xpack-dev-tools/arm-none-eabi-gcc/12.3.1-1.1.1/.content/bin/../lib/gcc/arm-none-eabi/12.3.1/../../../../arm-none-eabi/lib/thumb/v6-m/nofp\libc_nano.a(libc_a-lock.o)
 .ARM.attributes
                0x00000593       0x2c c:/users/arist/appdata/roaming/code/user/globalstorage/bmd.stm32-for-vscode/@xpack-dev-tools/arm-none-eabi-gcc/12.3.1-1.1.1/.content/bin/../lib/gcc/arm-none-eabi/12.3.1/../../../../arm-none-eabi/lib/thumb/v6-m/nofp\libc_nano.a(libc_a-memcpy-stub.o)
 .ARM.attributes
                0x000005bf       0x2c c:/users/arist/appdata/roaming/code/user/globalstorage/bmd.stm32-for-vscode/@xpack-dev-tools/arm-none-eabi-gcc/12.3.1-1.1.1/.content/bin/../lib/gcc/arm-none-eabi/12.3.1/../../../../arm-none-eabi/lib/thumb/v6-m/nofp\libnosys.a(sbrk.o)
 .ARM.attributes
                0x000005eb       0x1e c:/users/arist/appdata/roaming/code/user/globalstorage/bmd.stm32-for-vscode/@xpack-dev-tools/arm-none-eabi-gcc/12.3.1-1.1.1/.content/bin/../lib/gcc/arm-none-eabi/12.3.1/thumb/v6-m/nofp\libgcc.a(_udivsi3.o)
 .ARM.attributes
                0x00000609       0x1e c:/users/arist/appdata/roaming/code/user/globalstorage/bmd.stm32-for-vscode/@xpack-dev-tools/arm-none-eabi-gcc/12.3.1-1.1.1/.content/bin/../lib/gcc/arm-none-eabi/12.3.1/thumb/v6-m/nofp\libgcc.a(_dvmd_tls.o)
 .ARM.attributes
                0x00000627       0x2c c:/users/arist/appdata/roaming/code/user/globalstorage/bmd.stm32-for-vscode/@xpack-dev-tools/arm-none-eabi-gcc/12.3.1-1.1.1/.content/bin/../lib/gcc/arm-none-eabi/12.3.1/thumb/v6-m/nofp\libgcc.a(mulsf3.o)
 .ARM.attributes
                0x00000653       0x2c c:/users/arist/appdata/roaming/code/user/globalstorage/bmd.stm32-for-vscode/@xpack-dev-tools/arm-none-eabi-gcc/12.3.1-1.1.1/.content/bin/../lib/gcc/arm-none-eabi/12.3.1/thumb/v6-m/nofp\libgcc.a(floatsisf.o)
 .ARM.attributes
                0x0000067f       0x1e c:/users/arist/appdata/roaming/code/user/globalstorage/bmd.stm32-for-vscode/@xpack-dev-tools/arm-none-eabi-gcc/12.3.1-1.1.1/.content/bin/../lib/gcc/arm-none-eabi/12.3.1/thumb/v6-m/nofp\libgcc.a(_clzsi2.o)
 .ARM.attributes
                0x0000069d       0x1e c:/users/arist/appdata/roaming/code/user/globalstorage/bmd.stm32-for-vscode/@xpack-dev-tools/arm-none-eabi-gcc/12.3.1-1.1.1/.content/bin/../lib/gcc/arm-none-eabi/12.3.1/thumb/v6-m/nofp/crtn.o
OUTPUT(build/Firmware.elf elf32-littlearm)
LOAD linker stubs
LOAD c:/users/arist/appdata/roaming/code/user/globalstorage/bmd.stm32-for-vscode/@xpack-dev-tools/arm-none-eabi-gcc/12.3.1-1.1.1/.content/bin/../lib/gcc/arm-none-eabi/12.3.1/../../../../arm-none-eabi/lib/thumb/v6-m/nofp\libc.a
LOAD c:/users/arist/appdata/roaming/code/user/globalstorage/bmd.stm32-for-vscode/@xpack-dev-tools/arm-none-eabi-gcc/12.3.1-1.1.1/.content/bin/../lib/gcc/arm-none-eabi/12.3.1/../../../../arm-none-eabi/lib/thumb/v6-m/nofp\libm.a
LOAD c:/users/arist/appdata/roaming/code/user/globalstorage/bmd.stm32-for-vscode/@xpack-dev-tools/arm-none-eabi-gcc/12.3.1-1.1.1/.content/bin/../lib/gcc/arm-none-eabi/12.3.1/thumb/v6-m/nofp\libgcc.a

.comment        0x00000000       0x39
 .comment       0x00000000       0x39 c:/users/arist/appdata/roaming/code/user/globalstorage/bmd.stm32-for-vscode/@xpack-dev-tools/arm-none-eabi-gcc/12.3.1-1.1.1/.content/bin/../lib/gcc/arm-none-eabi/12.3.1/thumb/v6-m/nofp/crtbegin.o
                                 0x3a (size before relaxing)
 .comment       0x00000039       0x3a build/GEVA.o
 .comment       0x00000039       0x3a build/main.o
 .comment       0x00000039       0x3a build/stm32_max6675.o
 .comment       0x00000039       0x3a build/stm32_ssd1306_i2c.o
 .comment       0x00000039       0x3a build/stm32f0xx_hal_msp.o
 .comment       0x00000039       0x3a build/stm32f0xx_it.o
 .comment       0x00000039       0x3a build/system_stm32f0xx.o
 .comment       0x00000039       0x3a build/stm32f0xx_hal.o
 .comment       0x00000039       0x3a build/stm32f0xx_hal_adc.o
 .comment       0x00000039       0x3a build/stm32f0xx_hal_cortex.o
 .comment       0x00000039       0x3a build/stm32f0xx_hal_gpio.o
 .comment       0x00000039       0x3a build/stm32f0xx_hal_i2c.o
 .comment       0x00000039       0x3a build/stm32f0xx_hal_i2c_ex.o
 .comment       0x00000039       0x3a build/stm32f0xx_hal_rcc.o
 .comment       0x00000039       0x3a build/stm32f0xx_hal_rcc_ex.o
 .comment       0x00000039       0x3a build/stm32f0xx_hal_spi.o
 .comment       0x00000039       0x3a build/stm32f0xx_hal_tim.o
 .comment       0x00000039       0x3a build/stm32f0xx_hal_tim_ex.o
 .comment       0x00000039       0x3a build/stm32f0xx_hal_uart.o
 .comment       0x00000039       0x3a c:/users/arist/appdata/roaming/code/user/globalstorage/bmd.stm32-for-vscode/@xpack-dev-tools/arm-none-eabi-gcc/12.3.1-1.1.1/.content/bin/../lib/gcc/arm-none-eabi/12.3.1/../../../../arm-none-eabi/lib/thumb/v6-m/nofp\libc_nano.a(libc_a-malloc.o)
 .comment       0x00000039       0x3a c:/users/arist/appdata/roaming/code/user/globalstorage/bmd.stm32-for-vscode/@xpack-dev-tools/arm-none-eabi-gcc/12.3.1-1.1.1/.content/bin/../lib/gcc/arm-none-eabi/12.3.1/../../../../arm-none-eabi/lib/thumb/v6-m/nofp\libc_nano.a(libc_a-mallocr.o)
 .comment       0x00000039       0x3a c:/users/arist/appdata/roaming/code/user/globalstorage/bmd.stm32-for-vscode/@xpack-dev-tools/arm-none-eabi-gcc/12.3.1-1.1.1/.content/bin/../lib/gcc/arm-none-eabi/12.3.1/../../../../arm-none-eabi/lib/thumb/v6-m/nofp\libc_nano.a(libc_a-mlock.o)
 .comment       0x00000039       0x3a c:/users/arist/appdata/roaming/code/user/globalstorage/bmd.stm32-for-vscode/@xpack-dev-tools/arm-none-eabi-gcc/12.3.1-1.1.1/.content/bin/../lib/gcc/arm-none-eabi/12.3.1/../../../../arm-none-eabi/lib/thumb/v6-m/nofp\libc_nano.a(libc_a-findfp.o)
 .comment       0x00000039       0x3a c:/users/arist/appdata/roaming/code/user/globalstorage/bmd.stm32-for-vscode/@xpack-dev-tools/arm-none-eabi-gcc/12.3.1-1.1.1/.content/bin/../lib/gcc/arm-none-eabi/12.3.1/../../../../arm-none-eabi/lib/thumb/v6-m/nofp\libc_nano.a(libc_a-memmove.o)
 .comment       0x00000039       0x3a c:/users/arist/appdata/roaming/code/user/globalstorage/bmd.stm32-for-vscode/@xpack-dev-tools/arm-none-eabi-gcc/12.3.1-1.1.1/.content/bin/../lib/gcc/arm-none-eabi/12.3.1/../../../../arm-none-eabi/lib/thumb/v6-m/nofp\libc_nano.a(libc_a-memset.o)
 .comment       0x00000039       0x3a c:/users/arist/appdata/roaming/code/user/globalstorage/bmd.stm32-for-vscode/@xpack-dev-tools/arm-none-eabi-gcc/12.3.1-1.1.1/.content/bin/../lib/gcc/arm-none-eabi/12.3.1/../../../../arm-none-eabi/lib/thumb/v6-m/nofp\libc_nano.a(libc_a-reent.o)
 .comment       0x00000039       0x3a c:/users/arist/appdata/roaming/code/user/globalstorage/bmd.stm32-for-vscode/@xpack-dev-tools/arm-none-eabi-gcc/12.3.1-1.1.1/.content/bin/../lib/gcc/arm-none-eabi/12.3.1/../../../../arm-none-eabi/lib/thumb/v6-m/nofp\libc_nano.a(libc_a-impure.o)
 .comment       0x00000039       0x3a c:/users/arist/appdata/roaming/code/user/globalstorage/bmd.stm32-for-vscode/@xpack-dev-tools/arm-none-eabi-gcc/12.3.1-1.1.1/.content/bin/../lib/gcc/arm-none-eabi/12.3.1/../../../../arm-none-eabi/lib/thumb/v6-m/nofp\libc_nano.a(libc_a-sbrkr.o)
 .comment       0x00000039       0x3a c:/users/arist/appdata/roaming/code/user/globalstorage/bmd.stm32-for-vscode/@xpack-dev-tools/arm-none-eabi-gcc/12.3.1-1.1.1/.content/bin/../lib/gcc/arm-none-eabi/12.3.1/../../../../arm-none-eabi/lib/thumb/v6-m/nofp\libc_nano.a(libc_a-init.o)
 .comment       0x00000039       0x3a c:/users/arist/appdata/roaming/code/user/globalstorage/bmd.stm32-for-vscode/@xpack-dev-tools/arm-none-eabi-gcc/12.3.1-1.1.1/.content/bin/../lib/gcc/arm-none-eabi/12.3.1/../../../../arm-none-eabi/lib/thumb/v6-m/nofp\libc_nano.a(libc_a-lock.o)
 .comment       0x00000039       0x3a c:/users/arist/appdata/roaming/code/user/globalstorage/bmd.stm32-for-vscode/@xpack-dev-tools/arm-none-eabi-gcc/12.3.1-1.1.1/.content/bin/../lib/gcc/arm-none-eabi/12.3.1/../../../../arm-none-eabi/lib/thumb/v6-m/nofp\libc_nano.a(libc_a-memcpy-stub.o)
 .comment       0x00000039       0x3a c:/users/arist/appdata/roaming/code/user/globalstorage/bmd.stm32-for-vscode/@xpack-dev-tools/arm-none-eabi-gcc/12.3.1-1.1.1/.content/bin/../lib/gcc/arm-none-eabi/12.3.1/../../../../arm-none-eabi/lib/thumb/v6-m/nofp\libnosys.a(sbrk.o)
 .comment       0x00000039       0x3a c:/users/arist/appdata/roaming/code/user/globalstorage/bmd.stm32-for-vscode/@xpack-dev-tools/arm-none-eabi-gcc/12.3.1-1.1.1/.content/bin/../lib/gcc/arm-none-eabi/12.3.1/thumb/v6-m/nofp\libgcc.a(mulsf3.o)
 .comment       0x00000039       0x3a c:/users/arist/appdata/roaming/code/user/globalstorage/bmd.stm32-for-vscode/@xpack-dev-tools/arm-none-eabi-gcc/12.3.1-1.1.1/.content/bin/../lib/gcc/arm-none-eabi/12.3.1/thumb/v6-m/nofp\libgcc.a(floatsisf.o)

.debug_info     0x00000000    0x1bd0f
 .debug_info    0x00000000     0x1f9a build/GEVA.o
 .debug_info    0x00001f9a     0x2792 build/main.o
 .debug_info    0x0000472c      0x8ab build/stm32_max6675.o
 .debug_info    0x00004fd7      0x98b build/stm32_ssd1306_i2c.o
 .debug_info    0x00005962     0x1a5a build/stm32f0xx_hal_msp.o
 .debug_info    0x000073bc       0xdd build/stm32f0xx_it.o
 .debug_info    0x00007499      0x26d build/system_stm32f0xx.o
 .debug_info    0x00007706      0x71f build/stm32f0xx_hal.o
 .debug_info    0x00007e25      0xf80 build/stm32f0xx_hal_adc.o
 .debug_info    0x00008da5      0x7c0 build/stm32f0xx_hal_cortex.o
 .debug_info    0x00009565      0x5f7 build/stm32f0xx_hal_gpio.o
 .debug_info    0x00009b5c     0x4077 build/stm32f0xx_hal_i2c.o
 .debug_info    0x0000dbd3      0x825 build/stm32f0xx_hal_i2c_ex.o
 .debug_info    0x0000e3f8      0xa43 build/stm32f0xx_hal_rcc.o
 .debug_info    0x0000ee3b      0x3bd build/stm32f0xx_hal_rcc_ex.o
 .debug_info    0x0000f1f8     0x20ad build/stm32f0xx_hal_spi.o
 .debug_info    0x000112a5     0x3b51 build/stm32f0xx_hal_tim.o
 .debug_info    0x00014df6     0x1a2b build/stm32f0xx_hal_tim_ex.o
 .debug_info    0x00016821     0x4e39 build/stm32f0xx_hal_uart.o
 .debug_info    0x0001b65a       0x30 build/startup_stm32f030xc.o
 .debug_info    0x0001b68a       0x3e c:/users/arist/appdata/roaming/code/user/globalstorage/bmd.stm32-for-vscode/@xpack-dev-tools/arm-none-eabi-gcc/12.3.1-1.1.1/.content/bin/../lib/gcc/arm-none-eabi/12.3.1/thumb/v6-m/nofp\libgcc.a(_udivsi3.o)
 .debug_info    0x0001b6c8       0x3c c:/users/arist/appdata/roaming/code/user/globalstorage/bmd.stm32-for-vscode/@xpack-dev-tools/arm-none-eabi-gcc/12.3.1-1.1.1/.content/bin/../lib/gcc/arm-none-eabi/12.3.1/thumb/v6-m/nofp\libgcc.a(_dvmd_tls.o)
 .debug_info    0x0001b704      0x3b0 c:/users/arist/appdata/roaming/code/user/globalstorage/bmd.stm32-for-vscode/@xpack-dev-tools/arm-none-eabi-gcc/12.3.1-1.1.1/.content/bin/../lib/gcc/arm-none-eabi/12.3.1/thumb/v6-m/nofp\libgcc.a(mulsf3.o)
 .debug_info    0x0001bab4      0x22a c:/users/arist/appdata/roaming/code/user/globalstorage/bmd.stm32-for-vscode/@xpack-dev-tools/arm-none-eabi-gcc/12.3.1-1.1.1/.content/bin/../lib/gcc/arm-none-eabi/12.3.1/thumb/v6-m/nofp\libgcc.a(floatsisf.o)
 .debug_info    0x0001bcde       0x31 c:/users/arist/appdata/roaming/code/user/globalstorage/bmd.stm32-for-vscode/@xpack-dev-tools/arm-none-eabi-gcc/12.3.1-1.1.1/.content/bin/../lib/gcc/arm-none-eabi/12.3.1/thumb/v6-m/nofp\libgcc.a(_clzsi2.o)

.debug_abbrev   0x00000000     0x2ee2
 .debug_abbrev  0x00000000      0x2fc build/GEVA.o
 .debug_abbrev  0x000002fc      0x326 build/main.o
 .debug_abbrev  0x00000622      0x225 build/stm32_max6675.o
 .debug_abbrev  0x00000847      0x254 build/stm32_ssd1306_i2c.o
 .debug_abbrev  0x00000a9b      0x236 build/stm32f0xx_hal_msp.o
 .debug_abbrev  0x00000cd1       0x7c build/stm32f0xx_it.o
 .debug_abbrev  0x00000d4d      0x136 build/system_stm32f0xx.o
 .debug_abbrev  0x00000e83      0x269 build/stm32f0xx_hal.o
 .debug_abbrev  0x000010ec      0x22f build/stm32f0xx_hal_adc.o
 .debug_abbrev  0x0000131b      0x2ec build/stm32f0xx_hal_cortex.o
 .debug_abbrev  0x00001607      0x1f8 build/stm32f0xx_hal_gpio.o
 .debug_abbrev  0x000017ff      0x2bb build/stm32f0xx_hal_i2c.o
 .debug_abbrev  0x00001aba      0x1d8 build/stm32f0xx_hal_i2c_ex.o
 .debug_abbrev  0x00001c92      0x29c build/stm32f0xx_hal_rcc.o
 .debug_abbrev  0x00001f2e      0x1ac build/stm32f0xx_hal_rcc_ex.o
 .debug_abbrev  0x000020da      0x27c build/stm32f0xx_hal_spi.o
 .debug_abbrev  0x00002356      0x285 build/stm32f0xx_hal_tim.o
 .debug_abbrev  0x000025db      0x283 build/stm32f0xx_hal_tim_ex.o
 .debug_abbrev  0x0000285e      0x31a build/stm32f0xx_hal_uart.o
 .debug_abbrev  0x00002b78       0x24 build/startup_stm32f030xc.o
 .debug_abbrev  0x00002b9c       0x28 c:/users/arist/appdata/roaming/code/user/globalstorage/bmd.stm32-for-vscode/@xpack-dev-tools/arm-none-eabi-gcc/12.3.1-1.1.1/.content/bin/../lib/gcc/arm-none-eabi/12.3.1/thumb/v6-m/nofp\libgcc.a(_udivsi3.o)
 .debug_abbrev  0x00002bc4       0x26 c:/users/arist/appdata/roaming/code/user/globalstorage/bmd.stm32-for-vscode/@xpack-dev-tools/arm-none-eabi-gcc/12.3.1-1.1.1/.content/bin/../lib/gcc/arm-none-eabi/12.3.1/thumb/v6-m/nofp\libgcc.a(_dvmd_tls.o)
 .debug_abbrev  0x00002bea      0x162 c:/users/arist/appdata/roaming/code/user/globalstorage/bmd.stm32-for-vscode/@xpack-dev-tools/arm-none-eabi-gcc/12.3.1-1.1.1/.content/bin/../lib/gcc/arm-none-eabi/12.3.1/thumb/v6-m/nofp\libgcc.a(mulsf3.o)
 .debug_abbrev  0x00002d4c      0x16e c:/users/arist/appdata/roaming/code/user/globalstorage/bmd.stm32-for-vscode/@xpack-dev-tools/arm-none-eabi-gcc/12.3.1-1.1.1/.content/bin/../lib/gcc/arm-none-eabi/12.3.1/thumb/v6-m/nofp\libgcc.a(floatsisf.o)
 .debug_abbrev  0x00002eba       0x28 c:/users/arist/appdata/roaming/code/user/globalstorage/bmd.stm32-for-vscode/@xpack-dev-tools/arm-none-eabi-gcc/12.3.1-1.1.1/.content/bin/../lib/gcc/arm-none-eabi/12.3.1/thumb/v6-m/nofp\libgcc.a(_clzsi2.o)

.debug_loclists
                0x00000000     0xf535
 .debug_loclists
                0x00000000     0x19b1 build/GEVA.o
 .debug_loclists
                0x000019b1       0xf2 build/main.o
 .debug_loclists
                0x00001aa3      0x10a build/stm32_max6675.o
 .debug_loclists
                0x00001bad      0x1b6 build/stm32_ssd1306_i2c.o
 .debug_loclists
                0x00001d63      0x1b2 build/stm32f0xx_hal_msp.o
 .debug_loclists
                0x00001f15       0xd8 build/system_stm32f0xx.o
 .debug_loclists
                0x00001fed       0xc9 build/stm32f0xx_hal.o
 .debug_loclists
                0x000020b6      0x8fe build/stm32f0xx_hal_adc.o
 .debug_loclists
                0x000029b4      0x1ae build/stm32f0xx_hal_cortex.o
 .debug_loclists
                0x00002b62      0x25d build/stm32f0xx_hal_gpio.o
 .debug_loclists
                0x00002dbf     0x342e build/stm32f0xx_hal_i2c.o
 .debug_loclists
                0x000061ed       0xd6 build/stm32f0xx_hal_i2c_ex.o
 .debug_loclists
                0x000062c3      0x3f3 build/stm32f0xx_hal_rcc.o
 .debug_loclists
                0x000066b6      0x279 build/stm32f0xx_hal_rcc_ex.o
 .debug_loclists
                0x0000692f     0x1580 build/stm32f0xx_hal_spi.o
 .debug_loclists
                0x00007eaf     0x37cd build/stm32f0xx_hal_tim.o
 .debug_loclists
                0x0000b67c     0x15d9 build/stm32f0xx_hal_tim_ex.o
 .debug_loclists
                0x0000cc55     0x2096 build/stm32f0xx_hal_uart.o
 .debug_loclists
                0x0000eceb      0x650 c:/users/arist/appdata/roaming/code/user/globalstorage/bmd.stm32-for-vscode/@xpack-dev-tools/arm-none-eabi-gcc/12.3.1-1.1.1/.content/bin/../lib/gcc/arm-none-eabi/12.3.1/thumb/v6-m/nofp\libgcc.a(mulsf3.o)
 .debug_loclists
                0x0000f33b      0x1fa c:/users/arist/appdata/roaming/code/user/globalstorage/bmd.stm32-for-vscode/@xpack-dev-tools/arm-none-eabi-gcc/12.3.1-1.1.1/.content/bin/../lib/gcc/arm-none-eabi/12.3.1/thumb/v6-m/nofp\libgcc.a(floatsisf.o)

.debug_aranges  0x00000000     0x12f8
 .debug_aranges
                0x00000000      0x100 build/GEVA.o
 .debug_aranges
                0x00000100       0x80 build/main.o
 .debug_aranges
                0x00000180       0x28 build/stm32_max6675.o
 .debug_aranges
                0x000001a8       0x30 build/stm32_ssd1306_i2c.o
 .debug_aranges
                0x000001d8       0x88 build/stm32f0xx_hal_msp.o
 .debug_aranges
                0x00000260       0x40 build/stm32f0xx_it.o
 .debug_aranges
                0x000002a0       0x28 build/system_stm32f0xx.o
 .debug_aranges
                0x000002c8       0xd0 build/stm32f0xx_hal.o
 .debug_aranges
                0x00000398       0xf8 build/stm32f0xx_hal_adc.o
 .debug_aranges
                0x00000490       0x98 build/stm32f0xx_hal_cortex.o
 .debug_aranges
                0x00000528       0x58 build/stm32f0xx_hal_gpio.o
 .debug_aranges
                0x00000580      0x2a0 build/stm32f0xx_hal_i2c.o
 .debug_aranges
                0x00000820       0x38 build/stm32f0xx_hal_i2c_ex.o
 .debug_aranges
                0x00000858       0x80 build/stm32f0xx_hal_rcc.o
 .debug_aranges
                0x000008d8       0x30 build/stm32f0xx_hal_rcc_ex.o
 .debug_aranges
                0x00000908      0x1d8 build/stm32f0xx_hal_spi.o
 .debug_aranges
                0x00000ae0      0x3d0 build/stm32f0xx_hal_tim.o
 .debug_aranges
                0x00000eb0      0x168 build/stm32f0xx_hal_tim_ex.o
 .debug_aranges
                0x00001018      0x218 build/stm32f0xx_hal_uart.o
 .debug_aranges
                0x00001230       0x28 build/startup_stm32f030xc.o
 .debug_aranges
                0x00001258       0x20 c:/users/arist/appdata/roaming/code/user/globalstorage/bmd.stm32-for-vscode/@xpack-dev-tools/arm-none-eabi-gcc/12.3.1-1.1.1/.content/bin/../lib/gcc/arm-none-eabi/12.3.1/thumb/v6-m/nofp\libgcc.a(_udivsi3.o)
 .debug_aranges
                0x00001278       0x20 c:/users/arist/appdata/roaming/code/user/globalstorage/bmd.stm32-for-vscode/@xpack-dev-tools/arm-none-eabi-gcc/12.3.1-1.1.1/.content/bin/../lib/gcc/arm-none-eabi/12.3.1/thumb/v6-m/nofp\libgcc.a(_dvmd_tls.o)
 .debug_aranges
                0x00001298       0x20 c:/users/arist/appdata/roaming/code/user/globalstorage/bmd.stm32-for-vscode/@xpack-dev-tools/arm-none-eabi-gcc/12.3.1-1.1.1/.content/bin/../lib/gcc/arm-none-eabi/12.3.1/thumb/v6-m/nofp\libgcc.a(mulsf3.o)
 .debug_aranges
                0x000012b8       0x20 c:/users/arist/appdata/roaming/code/user/globalstorage/bmd.stm32-for-vscode/@xpack-dev-tools/arm-none-eabi-gcc/12.3.1-1.1.1/.content/bin/../lib/gcc/arm-none-eabi/12.3.1/thumb/v6-m/nofp\libgcc.a(floatsisf.o)
 .debug_aranges
                0x000012d8       0x20 c:/users/arist/appdata/roaming/code/user/globalstorage/bmd.stm32-for-vscode/@xpack-dev-tools/arm-none-eabi-gcc/12.3.1-1.1.1/.content/bin/../lib/gcc/arm-none-eabi/12.3.1/thumb/v6-m/nofp\libgcc.a(_clzsi2.o)

.debug_rnglists
                0x00000000     0x102d
 .debug_rnglists
                0x00000000      0x19c build/GEVA.o
 .debug_rnglists
                0x0000019c       0x61 build/main.o
 .debug_rnglists
                0x000001fd       0x19 build/stm32_max6675.o
 .debug_rnglists
                0x00000216       0x51 build/stm32_ssd1306_i2c.o
 .debug_rnglists
                0x00000267       0x65 build/stm32f0xx_hal_msp.o
 .debug_rnglists
                0x000002cc       0x2b build/stm32f0xx_it.o
 .debug_rnglists
                0x000002f7       0x1a build/system_stm32f0xx.o
 .debug_rnglists
                0x00000311       0x97 build/stm32f0xx_hal.o
 .debug_rnglists
                0x000003a8       0xc1 build/stm32f0xx_hal_adc.o
 .debug_rnglists
                0x00000469       0x79 build/stm32f0xx_hal_cortex.o
 .debug_rnglists
                0x000004e2       0x3f build/stm32f0xx_hal_gpio.o
 .debug_rnglists
                0x00000521      0x21d build/stm32f0xx_hal_i2c.o
 .debug_rnglists
                0x0000073e       0x25 build/stm32f0xx_hal_i2c_ex.o
 .debug_rnglists
                0x00000763       0x6e build/stm32f0xx_hal_rcc.o
 .debug_rnglists
                0x000007d1       0x2f build/stm32f0xx_hal_rcc_ex.o
 .debug_rnglists
                0x00000800      0x171 build/stm32f0xx_hal_spi.o
 .debug_rnglists
                0x00000971      0x305 build/stm32f0xx_hal_tim.o
 .debug_rnglists
                0x00000c76      0x11a build/stm32f0xx_hal_tim_ex.o
 .debug_rnglists
                0x00000d90      0x1a4 build/stm32f0xx_hal_uart.o
 .debug_rnglists
                0x00000f34       0x19 build/startup_stm32f030xc.o
 .debug_rnglists
                0x00000f4d       0x85 c:/users/arist/appdata/roaming/code/user/globalstorage/bmd.stm32-for-vscode/@xpack-dev-tools/arm-none-eabi-gcc/12.3.1-1.1.1/.content/bin/../lib/gcc/arm-none-eabi/12.3.1/thumb/v6-m/nofp\libgcc.a(mulsf3.o)
 .debug_rnglists
                0x00000fd2       0x5b c:/users/arist/appdata/roaming/code/user/globalstorage/bmd.stm32-for-vscode/@xpack-dev-tools/arm-none-eabi-gcc/12.3.1-1.1.1/.content/bin/../lib/gcc/arm-none-eabi/12.3.1/thumb/v6-m/nofp\libgcc.a(floatsisf.o)

.debug_line     0x00000000    0x19d7d
 .debug_line    0x00000000     0x1a87 build/GEVA.o
 .debug_line    0x00001a87      0xc80 build/main.o
 .debug_line    0x00002707      0x30c build/stm32_max6675.o
 .debug_line    0x00002a13      0x419 build/stm32_ssd1306_i2c.o
 .debug_line    0x00002e2c      0x75f build/stm32f0xx_hal_msp.o
 .debug_line    0x0000358b       0xf5 build/stm32f0xx_it.o
 .debug_line    0x00003680      0x2bc build/system_stm32f0xx.o
 .debug_line    0x0000393c      0x598 build/stm32f0xx_hal.o
 .debug_line    0x00003ed4     0x109c build/stm32f0xx_hal_adc.o
 .debug_line    0x00004f70      0x5c9 build/stm32f0xx_hal_cortex.o
 .debug_line    0x00005539      0x732 build/stm32f0xx_hal_gpio.o
 .debug_line    0x00005c6b     0x520e build/stm32f0xx_hal_i2c.o
 .debug_line    0x0000ae79      0x441 build/stm32f0xx_hal_i2c_ex.o
 .debug_line    0x0000b2ba      0xc28 build/stm32f0xx_hal_rcc.o
 .debug_line    0x0000bee2      0x51d build/stm32f0xx_hal_rcc_ex.o
 .debug_line    0x0000c3ff     0x293f build/stm32f0xx_hal_spi.o
 .debug_line    0x0000ed3e     0x4c89 build/stm32f0xx_hal_tim.o
 .debug_line    0x000139c7     0x1cfd build/stm32f0xx_hal_tim_ex.o
 .debug_line    0x000156c4     0x3d3e build/stm32f0xx_hal_uart.o
 .debug_line    0x00019402       0x77 build/startup_stm32f030xc.o
 .debug_line    0x00019479       0x56 c:/users/arist/appdata/roaming/code/user/globalstorage/bmd.stm32-for-vscode/@xpack-dev-tools/arm-none-eabi-gcc/12.3.1-1.1.1/.content/bin/../lib/gcc/arm-none-eabi/12.3.1/thumb/v6-m/nofp\libgcc.a(_udivsi3.o)
 .debug_line    0x000194cf       0x4a c:/users/arist/appdata/roaming/code/user/globalstorage/bmd.stm32-for-vscode/@xpack-dev-tools/arm-none-eabi-gcc/12.3.1-1.1.1/.content/bin/../lib/gcc/arm-none-eabi/12.3.1/thumb/v6-m/nofp\libgcc.a(_dvmd_tls.o)
 .debug_line    0x00019519      0x591 c:/users/arist/appdata/roaming/code/user/globalstorage/bmd.stm32-for-vscode/@xpack-dev-tools/arm-none-eabi-gcc/12.3.1-1.1.1/.content/bin/../lib/gcc/arm-none-eabi/12.3.1/thumb/v6-m/nofp\libgcc.a(mulsf3.o)
 .debug_line    0x00019aaa      0x275 c:/users/arist/appdata/roaming/code/user/globalstorage/bmd.stm32-for-vscode/@xpack-dev-tools/arm-none-eabi-gcc/12.3.1-1.1.1/.content/bin/../lib/gcc/arm-none-eabi/12.3.1/thumb/v6-m/nofp\libgcc.a(floatsisf.o)
 .debug_line    0x00019d1f       0x5e c:/users/arist/appdata/roaming/code/user/globalstorage/bmd.stm32-for-vscode/@xpack-dev-tools/arm-none-eabi-gcc/12.3.1-1.1.1/.content/bin/../lib/gcc/arm-none-eabi/12.3.1/thumb/v6-m/nofp\libgcc.a(_clzsi2.o)

.debug_str      0x00000000     0x5597
 .debug_str     0x00000000      0x64a build/GEVA.o
                                0x6fe (size before relaxing)
 .debug_str     0x0000064a     0x1394 build/main.o
                               0x17a6 (size before relaxing)
 .debug_str     0x000019de       0x35 build/stm32_max6675.o
                                0x6a2 (size before relaxing)
 .debug_str     0x00001a13       0x78 build/stm32_ssd1306_i2c.o
                                0x7d1 (size before relaxing)
 .debug_str     0x00001a8b      0x141 build/stm32f0xx_hal_msp.o
                               0x10ac (size before relaxing)
 .debug_str     0x00001bcc       0x6d build/stm32f0xx_it.o
                                0x1b8 (size before relaxing)
 .debug_str     0x00001c39       0x88 build/system_stm32f0xx.o
                                0x25a (size before relaxing)
 .debug_str     0x00001cc1      0x44b build/stm32f0xx_hal.o
                                0x6a8 (size before relaxing)
 .debug_str     0x0000210c      0x2f2 build/stm32f0xx_hal_adc.o
                                0x8eb (size before relaxing)
 .debug_str     0x000023fe      0x256 build/stm32f0xx_hal_cortex.o
                                0x5e9 (size before relaxing)
 .debug_str     0x00002654       0xd1 build/stm32f0xx_hal_gpio.o
                                0x3dd (size before relaxing)
 .debug_str     0x00002725      0x8a0 build/stm32f0xx_hal_i2c.o
                                0xfbc (size before relaxing)
 .debug_str     0x00002fc5       0x86 build/stm32f0xx_hal_i2c_ex.o
                                0x7b5 (size before relaxing)
 .debug_str     0x0000304b      0x1c8 build/stm32f0xx_hal_rcc.o
                                0x63e (size before relaxing)
 .debug_str     0x00003213       0x94 build/stm32f0xx_hal_rcc_ex.o
                                0x395 (size before relaxing)
 .debug_str     0x000032a7      0x52b build/stm32f0xx_hal_spi.o
                                0xbbb (size before relaxing)
 .debug_str     0x000037d2      0xe33 build/stm32f0xx_hal_tim.o
                               0x1662 (size before relaxing)
 .debug_str     0x00004605      0x439 build/stm32f0xx_hal_tim_ex.o
                                0xe7e (size before relaxing)
 .debug_str     0x00004a3e      0x736 build/stm32f0xx_hal_uart.o
                                0xe8b (size before relaxing)
 .debug_str     0x00005174       0x32 build/startup_stm32f030xc.o
                                 0x63 (size before relaxing)
 .debug_str     0x000051a6      0x11c c:/users/arist/appdata/roaming/code/user/globalstorage/bmd.stm32-for-vscode/@xpack-dev-tools/arm-none-eabi-gcc/12.3.1-1.1.1/.content/bin/../lib/gcc/arm-none-eabi/12.3.1/thumb/v6-m/nofp\libgcc.a(_udivsi3.o)
                                0x13b (size before relaxing)
 .debug_str     0x000052c2       0x1c c:/users/arist/appdata/roaming/code/user/globalstorage/bmd.stm32-for-vscode/@xpack-dev-tools/arm-none-eabi-gcc/12.3.1-1.1.1/.content/bin/../lib/gcc/arm-none-eabi/12.3.1/thumb/v6-m/nofp\libgcc.a(_dvmd_tls.o)
                                0x13c (size before relaxing)
 .debug_str     0x000052de      0x20b c:/users/arist/appdata/roaming/code/user/globalstorage/bmd.stm32-for-vscode/@xpack-dev-tools/arm-none-eabi-gcc/12.3.1-1.1.1/.content/bin/../lib/gcc/arm-none-eabi/12.3.1/thumb/v6-m/nofp\libgcc.a(mulsf3.o)
                                0x340 (size before relaxing)
 .debug_str     0x000054e9       0xae c:/users/arist/appdata/roaming/code/user/globalstorage/bmd.stm32-for-vscode/@xpack-dev-tools/arm-none-eabi-gcc/12.3.1-1.1.1/.content/bin/../lib/gcc/arm-none-eabi/12.3.1/thumb/v6-m/nofp\libgcc.a(floatsisf.o)
                                0x2e2 (size before relaxing)
 .debug_str     0x00005597      0x129 c:/users/arist/appdata/roaming/code/user/globalstorage/bmd.stm32-for-vscode/@xpack-dev-tools/arm-none-eabi-gcc/12.3.1-1.1.1/.content/bin/../lib/gcc/arm-none-eabi/12.3.1/thumb/v6-m/nofp\libgcc.a(_clzsi2.o)

.debug_frame    0x00000000     0x33f8
 .debug_frame   0x00000000      0x3b4 build/GEVA.o
 .debug_frame   0x000003b4      0x16c build/main.o
 .debug_frame   0x00000520       0x44 build/stm32_max6675.o
 .debug_frame   0x00000564       0x78 build/stm32_ssd1306_i2c.o
 .debug_frame   0x000005dc      0x158 build/stm32f0xx_hal_msp.o
 .debug_frame   0x00000734       0x68 build/stm32f0xx_it.o
 .debug_frame   0x0000079c       0x38 build/system_stm32f0xx.o
 .debug_frame   0x000007d4      0x1ac build/stm32f0xx_hal.o
 .debug_frame   0x00000980      0x2a4 build/stm32f0xx_hal_adc.o
 .debug_frame   0x00000c24      0x144 build/stm32f0xx_hal_cortex.o
 .debug_frame   0x00000d68       0xc0 build/stm32f0xx_hal_gpio.o
 .debug_frame   0x00000e28      0x8b0 build/stm32f0xx_hal_i2c.o
 .debug_frame   0x000016d8       0x78 build/stm32f0xx_hal_i2c_ex.o
 .debug_frame   0x00001750      0x138 build/stm32f0xx_hal_rcc.o
 .debug_frame   0x00001888       0x58 build/stm32f0xx_hal_rcc_ex.o
 .debug_frame   0x000018e0      0x5a0 build/stm32f0xx_hal_spi.o
 .debug_frame   0x00001e80      0xadc build/stm32f0xx_hal_tim.o
 .debug_frame   0x0000295c      0x420 build/stm32f0xx_hal_tim_ex.o
 .debug_frame   0x00002d7c      0x5f8 build/stm32f0xx_hal_uart.o
 .debug_frame   0x00003374       0x20 c:/users/arist/appdata/roaming/code/user/globalstorage/bmd.stm32-for-vscode/@xpack-dev-tools/arm-none-eabi-gcc/12.3.1-1.1.1/.content/bin/../lib/gcc/arm-none-eabi/12.3.1/thumb/v6-m/nofp\libgcc.a(_udivsi3.o)
 .debug_frame   0x00003394       0x38 c:/users/arist/appdata/roaming/code/user/globalstorage/bmd.stm32-for-vscode/@xpack-dev-tools/arm-none-eabi-gcc/12.3.1-1.1.1/.content/bin/../lib/gcc/arm-none-eabi/12.3.1/thumb/v6-m/nofp\libgcc.a(mulsf3.o)
 .debug_frame   0x000033cc       0x2c c:/users/arist/appdata/roaming/code/user/globalstorage/bmd.stm32-for-vscode/@xpack-dev-tools/arm-none-eabi-gcc/12.3.1-1.1.1/.content/bin/../lib/gcc/arm-none-eabi/12.3.1/thumb/v6-m/nofp\libgcc.a(floatsisf.o)

.debug_line_str
                0x00000000      0x159
 .debug_line_str
                0x00000000       0x47 build/startup_stm32f030xc.o
 .debug_line_str
                0x00000047      0x112 c:/users/arist/appdata/roaming/code/user/globalstorage/bmd.stm32-for-vscode/@xpack-dev-tools/arm-none-eabi-gcc/12.3.1-1.1.1/.content/bin/../lib/gcc/arm-none-eabi/12.3.1/thumb/v6-m/nofp\libgcc.a(_udivsi3.o)
 .debug_line_str
                0x00000159      0x112 c:/users/arist/appdata/roaming/code/user/globalstorage/bmd.stm32-for-vscode/@xpack-dev-tools/arm-none-eabi-gcc/12.3.1-1.1.1/.content/bin/../lib/gcc/arm-none-eabi/12.3.1/thumb/v6-m/nofp\libgcc.a(_dvmd_tls.o)
 .debug_line_str
                0x00000159      0x112 c:/users/arist/appdata/roaming/code/user/globalstorage/bmd.stm32-for-vscode/@xpack-dev-tools/arm-none-eabi-gcc/12.3.1-1.1.1/.content/bin/../lib/gcc/arm-none-eabi/12.3.1/thumb/v6-m/nofp\libgcc.a(_clzsi2.o)

Cross Reference Table

Symbol                                            File
ADC1_IRQHandler                                   build/startup_stm32f030xc.o
AHBPrescTable                                     build/system_stm32f0xx.o
                                                  build/stm32f0xx_hal_rcc.o
APBPrescTable                                     build/system_stm32f0xx.o
                                                  build/stm32f0xx_hal_rcc.o
DMA1_Channel1_IRQHandler                          build/startup_stm32f030xc.o
DMA1_Channel2_3_IRQHandler                        build/startup_stm32f030xc.o
DMA1_Channel4_5_IRQHandler                        build/startup_stm32f030xc.o
Default_Handler                                   build/startup_stm32f030xc.o
EXTI0_1_IRQHandler                                build/startup_stm32f030xc.o
EXTI2_3_IRQHandler                                build/startup_stm32f030xc.o
EXTI4_15_IRQHandler                               build/startup_stm32f030xc.o
Error_Handler                                     build/main.o
FLASH_IRQHandler                                  build/startup_stm32f030xc.o
FLASH_PageErase                                   build/stm32f0xx_hal_flash_ex.o
                                                  build/stm32f0xx_hal_flash.o
FLASH_WaitForLastOperation                        build/stm32f0xx_hal_flash.o
                                                  build/stm32f0xx_hal_flash_ex.o
HAL_ADCEx_Calibration_Start                       build/stm32f0xx_hal_adc_ex.o
HAL_ADC_AnalogWDGConfig                           build/stm32f0xx_hal_adc.o
HAL_ADC_ConfigChannel                             build/stm32f0xx_hal_adc.o
                                                  build/main.o
HAL_ADC_ConvCpltCallback                          build/stm32f0xx_hal_adc.o
HAL_ADC_ConvHalfCpltCallback                      build/stm32f0xx_hal_adc.o
HAL_ADC_DeInit                                    build/stm32f0xx_hal_adc.o
HAL_ADC_ErrorCallback                             build/stm32f0xx_hal_adc.o
HAL_ADC_GetError                                  build/stm32f0xx_hal_adc.o
HAL_ADC_GetState                                  build/stm32f0xx_hal_adc.o
HAL_ADC_GetValue                                  build/stm32f0xx_hal_adc.o
HAL_ADC_IRQHandler                                build/stm32f0xx_hal_adc.o
HAL_ADC_Init                                      build/stm32f0xx_hal_adc.o
                                                  build/main.o
HAL_ADC_LevelOutOfWindowCallback                  build/stm32f0xx_hal_adc.o
HAL_ADC_MspDeInit                                 build/stm32f0xx_hal_msp.o
HAL_ADC_MspInit                                   build/stm32f0xx_hal_msp.o
HAL_ADC_PollForConversion                         build/stm32f0xx_hal_adc.o
HAL_ADC_PollForEvent                              build/stm32f0xx_hal_adc.o
HAL_ADC_Start                                     build/stm32f0xx_hal_adc.o
HAL_ADC_Start_DMA                                 build/stm32f0xx_hal_adc.o
HAL_ADC_Start_IT                                  build/stm32f0xx_hal_adc.o
HAL_ADC_Stop                                      build/stm32f0xx_hal_adc.o
HAL_ADC_Stop_DMA                                  build/stm32f0xx_hal_adc.o
HAL_ADC_Stop_IT                                   build/stm32f0xx_hal_adc.o
HAL_DBGMCU_DisableDBGStandbyMode                  build/stm32f0xx_hal.o
HAL_DBGMCU_DisableDBGStopMode                     build/stm32f0xx_hal.o
HAL_DBGMCU_EnableDBGStandbyMode                   build/stm32f0xx_hal.o
HAL_DBGMCU_EnableDBGStopMode                      build/stm32f0xx_hal.o
HAL_DMA_Abort                                     build/stm32f0xx_hal_dma.o
                                                  build/stm32f0xx_hal_uart.o
                                                  build/stm32f0xx_hal_spi.o
                                                  build/stm32f0xx_hal_adc.o
HAL_DMA_Abort_IT                                  build/stm32f0xx_hal_dma.o
                                                  build/stm32f0xx_hal_uart.o
                                                  build/stm32f0xx_hal_tim_ex.o
                                                  build/stm32f0xx_hal_tim.o
                                                  build/stm32f0xx_hal_spi.o
                                                  build/stm32f0xx_hal_i2c.o
HAL_DMA_DeInit                                    build/stm32f0xx_hal_dma.o
HAL_DMA_GetError                                  build/stm32f0xx_hal_dma.o
                                                  build/stm32f0xx_hal_uart.o
HAL_DMA_GetState                                  build/stm32f0xx_hal_dma.o
                                                  build/stm32f0xx_hal_i2c.o
HAL_DMA_IRQHandler                                build/stm32f0xx_hal_dma.o
HAL_DMA_Init                                      build/stm32f0xx_hal_dma.o
HAL_DMA_PollForTransfer                           build/stm32f0xx_hal_dma.o
HAL_DMA_RegisterCallback                          build/stm32f0xx_hal_dma.o
HAL_DMA_Start                                     build/stm32f0xx_hal_dma.o
HAL_DMA_Start_IT                                  build/stm32f0xx_hal_dma.o
                                                  build/stm32f0xx_hal_uart.o
                                                  build/stm32f0xx_hal_tim_ex.o
                                                  build/stm32f0xx_hal_tim.o
                                                  build/stm32f0xx_hal_spi.o
                                                  build/stm32f0xx_hal_i2c.o
                                                  build/stm32f0xx_hal_adc.o
HAL_DMA_UnRegisterCallback                        build/stm32f0xx_hal_dma.o
HAL_DeInit                                        build/stm32f0xx_hal.o
HAL_Delay                                         build/stm32f0xx_hal.o
                                                  build/main.o
HAL_EXTI_ClearConfigLine                          build/stm32f0xx_hal_exti.o
HAL_EXTI_ClearPending                             build/stm32f0xx_hal_exti.o
HAL_EXTI_GenerateSWI                              build/stm32f0xx_hal_exti.o
HAL_EXTI_GetConfigLine                            build/stm32f0xx_hal_exti.o
HAL_EXTI_GetHandle                                build/stm32f0xx_hal_exti.o
HAL_EXTI_GetPending                               build/stm32f0xx_hal_exti.o
HAL_EXTI_IRQHandler                               build/stm32f0xx_hal_exti.o
HAL_EXTI_RegisterCallback                         build/stm32f0xx_hal_exti.o
HAL_EXTI_SetConfigLine                            build/stm32f0xx_hal_exti.o
HAL_FLASHEx_Erase                                 build/stm32f0xx_hal_flash_ex.o
HAL_FLASHEx_Erase_IT                              build/stm32f0xx_hal_flash_ex.o
HAL_FLASHEx_OBErase                               build/stm32f0xx_hal_flash_ex.o
HAL_FLASHEx_OBGetConfig                           build/stm32f0xx_hal_flash_ex.o
HAL_FLASHEx_OBGetUserData                         build/stm32f0xx_hal_flash_ex.o
HAL_FLASHEx_OBProgram                             build/stm32f0xx_hal_flash_ex.o
HAL_FLASH_EndOfOperationCallback                  build/stm32f0xx_hal_flash.o
HAL_FLASH_GetError                                build/stm32f0xx_hal_flash.o
HAL_FLASH_IRQHandler                              build/stm32f0xx_hal_flash.o
HAL_FLASH_Lock                                    build/stm32f0xx_hal_flash.o
HAL_FLASH_OB_Launch                               build/stm32f0xx_hal_flash.o
HAL_FLASH_OB_Lock                                 build/stm32f0xx_hal_flash.o
HAL_FLASH_OB_Unlock                               build/stm32f0xx_hal_flash.o
HAL_FLASH_OperationErrorCallback                  build/stm32f0xx_hal_flash.o
HAL_FLASH_Program                                 build/stm32f0xx_hal_flash.o
HAL_FLASH_Program_IT                              build/stm32f0xx_hal_flash.o
HAL_FLASH_Unlock                                  build/stm32f0xx_hal_flash.o
HAL_GPIO_DeInit                                   build/stm32f0xx_hal_gpio.o
                                                  build/stm32f0xx_hal_msp.o
HAL_GPIO_EXTI_Callback                            build/stm32f0xx_hal_gpio.o
HAL_GPIO_EXTI_IRQHandler                          build/stm32f0xx_hal_gpio.o
HAL_GPIO_Init                                     build/stm32f0xx_hal_gpio.o
                                                  build/stm32f0xx_hal_rcc.o
                                                  build/stm32f0xx_hal_msp.o
                                                  build/main.o
HAL_GPIO_LockPin                                  build/stm32f0xx_hal_gpio.o
HAL_GPIO_ReadPin                                  build/stm32f0xx_hal_gpio.o
HAL_GPIO_TogglePin                                build/stm32f0xx_hal_gpio.o
                                                  build/main.o
HAL_GPIO_WritePin                                 build/stm32f0xx_hal_gpio.o
                                                  build/stm32_max6675.o
                                                  build/main.o
HAL_GetDEVID                                      build/stm32f0xx_hal.o
HAL_GetHalVersion                                 build/stm32f0xx_hal.o
HAL_GetREVID                                      build/stm32f0xx_hal.o
HAL_GetTick                                       build/stm32f0xx_hal.o
                                                  build/stm32f0xx_hal_uart_ex.o
                                                  build/stm32f0xx_hal_uart.o
                                                  build/stm32f0xx_hal_spi.o
                                                  build/stm32f0xx_hal_rcc_ex.o
                                                  build/stm32f0xx_hal_rcc.o
                                                  build/stm32f0xx_hal_i2c.o
                                                  build/stm32f0xx_hal_flash.o
                                                  build/stm32f0xx_hal_dma.o
                                                  build/stm32f0xx_hal_adc_ex.o
                                                  build/stm32f0xx_hal_adc.o
HAL_GetTickFreq                                   build/stm32f0xx_hal.o
HAL_GetTickPrio                                   build/stm32f0xx_hal.o
HAL_GetUIDw0                                      build/stm32f0xx_hal.o
HAL_GetUIDw1                                      build/stm32f0xx_hal.o
HAL_GetUIDw2                                      build/stm32f0xx_hal.o
HAL_HalfDuplex_EnableReceiver                     build/stm32f0xx_hal_uart.o
HAL_HalfDuplex_EnableTransmitter                  build/stm32f0xx_hal_uart.o
HAL_HalfDuplex_Init                               build/stm32f0xx_hal_uart.o
HAL_I2CEx_ConfigAnalogFilter                      build/stm32f0xx_hal_i2c_ex.o
                                                  build/main.o
HAL_I2CEx_ConfigDigitalFilter                     build/stm32f0xx_hal_i2c_ex.o
                                                  build/main.o
HAL_I2CEx_DisableFastModePlus                     build/stm32f0xx_hal_i2c_ex.o
HAL_I2CEx_EnableFastModePlus                      build/stm32f0xx_hal_i2c_ex.o
HAL_I2C_AbortCpltCallback                         build/stm32f0xx_hal_i2c.o
HAL_I2C_AddrCallback                              build/stm32f0xx_hal_i2c.o
HAL_I2C_DeInit                                    build/stm32f0xx_hal_i2c.o
HAL_I2C_DisableListen_IT                          build/stm32f0xx_hal_i2c.o
HAL_I2C_ER_IRQHandler                             build/stm32f0xx_hal_i2c.o
HAL_I2C_EV_IRQHandler                             build/stm32f0xx_hal_i2c.o
HAL_I2C_EnableListen_IT                           build/stm32f0xx_hal_i2c.o
HAL_I2C_ErrorCallback                             build/stm32f0xx_hal_i2c.o
HAL_I2C_GetError                                  build/stm32f0xx_hal_i2c.o
HAL_I2C_GetMode                                   build/stm32f0xx_hal_i2c.o
HAL_I2C_GetState                                  build/stm32f0xx_hal_i2c.o
HAL_I2C_Init                                      build/stm32f0xx_hal_i2c.o
                                                  build/main.o
HAL_I2C_IsDeviceReady                             build/stm32f0xx_hal_i2c.o
HAL_I2C_ListenCpltCallback                        build/stm32f0xx_hal_i2c.o
HAL_I2C_MasterRxCpltCallback                      build/stm32f0xx_hal_i2c.o
HAL_I2C_MasterTxCpltCallback                      build/stm32f0xx_hal_i2c.o
HAL_I2C_Master_Abort_IT                           build/stm32f0xx_hal_i2c.o
HAL_I2C_Master_Receive                            build/stm32f0xx_hal_i2c.o
HAL_I2C_Master_Receive_DMA                        build/stm32f0xx_hal_i2c.o
HAL_I2C_Master_Receive_IT                         build/stm32f0xx_hal_i2c.o
HAL_I2C_Master_Seq_Receive_DMA                    build/stm32f0xx_hal_i2c.o
HAL_I2C_Master_Seq_Receive_IT                     build/stm32f0xx_hal_i2c.o
HAL_I2C_Master_Seq_Transmit_DMA                   build/stm32f0xx_hal_i2c.o
HAL_I2C_Master_Seq_Transmit_IT                    build/stm32f0xx_hal_i2c.o
HAL_I2C_Master_Transmit                           build/stm32f0xx_hal_i2c.o
                                                  build/stm32_ssd1306_i2c.o
HAL_I2C_Master_Transmit_DMA                       build/stm32f0xx_hal_i2c.o
HAL_I2C_Master_Transmit_IT                        build/stm32f0xx_hal_i2c.o
HAL_I2C_MemRxCpltCallback                         build/stm32f0xx_hal_i2c.o
HAL_I2C_MemTxCpltCallback                         build/stm32f0xx_hal_i2c.o
HAL_I2C_Mem_Read                                  build/stm32f0xx_hal_i2c.o
HAL_I2C_Mem_Read_DMA                              build/stm32f0xx_hal_i2c.o
HAL_I2C_Mem_Read_IT                               build/stm32f0xx_hal_i2c.o
HAL_I2C_Mem_Write                                 build/stm32f0xx_hal_i2c.o
HAL_I2C_Mem_Write_DMA                             build/stm32f0xx_hal_i2c.o
HAL_I2C_Mem_Write_IT                              build/stm32f0xx_hal_i2c.o
HAL_I2C_MspDeInit                                 build/stm32f0xx_hal_msp.o
HAL_I2C_MspInit                                   build/stm32f0xx_hal_msp.o
HAL_I2C_SlaveRxCpltCallback                       build/stm32f0xx_hal_i2c.o
HAL_I2C_SlaveTxCpltCallback                       build/stm32f0xx_hal_i2c.o
HAL_I2C_Slave_Receive                             build/stm32f0xx_hal_i2c.o
HAL_I2C_Slave_Receive_DMA                         build/stm32f0xx_hal_i2c.o
HAL_I2C_Slave_Receive_IT                          build/stm32f0xx_hal_i2c.o
HAL_I2C_Slave_Seq_Receive_DMA                     build/stm32f0xx_hal_i2c.o
HAL_I2C_Slave_Seq_Receive_IT                      build/stm32f0xx_hal_i2c.o
HAL_I2C_Slave_Seq_Transmit_DMA                    build/stm32f0xx_hal_i2c.o
HAL_I2C_Slave_Seq_Transmit_IT                     build/stm32f0xx_hal_i2c.o
HAL_I2C_Slave_Transmit                            build/stm32f0xx_hal_i2c.o
HAL_I2C_Slave_Transmit_DMA                        build/stm32f0xx_hal_i2c.o
HAL_I2C_Slave_Transmit_IT                         build/stm32f0xx_hal_i2c.o
HAL_IncTick                                       build/stm32f0xx_hal.o
                                                  build/stm32f0xx_it.o
HAL_Init                                          build/stm32f0xx_hal.o
                                                  build/main.o
HAL_InitTick                                      build/stm32f0xx_hal.o
                                                  build/stm32f0xx_hal_rcc.o
HAL_MspDeInit                                     build/stm32f0xx_hal.o
HAL_MspInit                                       build/stm32f0xx_hal_msp.o
HAL_MultiProcessorEx_AddressLength_Set            build/stm32f0xx_hal_uart_ex.o
HAL_MultiProcessor_DisableMuteMode                build/stm32f0xx_hal_uart.o
HAL_MultiProcessor_EnableMuteMode                 build/stm32f0xx_hal_uart.o
HAL_MultiProcessor_EnterMuteMode                  build/stm32f0xx_hal_uart.o
HAL_MultiProcessor_Init                           build/stm32f0xx_hal_uart.o
HAL_NVIC_ClearPendingIRQ                          build/stm32f0xx_hal_cortex.o
HAL_NVIC_DisableIRQ                               build/stm32f0xx_hal_cortex.o
HAL_NVIC_EnableIRQ                                build/stm32f0xx_hal_cortex.o
HAL_NVIC_GetPendingIRQ                            build/stm32f0xx_hal_cortex.o
HAL_NVIC_GetPriority                              build/stm32f0xx_hal_cortex.o
HAL_NVIC_SetPendingIRQ                            build/stm32f0xx_hal_cortex.o
HAL_NVIC_SetPriority                              build/stm32f0xx_hal_cortex.o
                                                  build/stm32f0xx_hal.o
HAL_NVIC_SystemReset                              build/stm32f0xx_hal_cortex.o
HAL_PWR_DeInit                                    build/stm32f0xx_hal_pwr.o
HAL_PWR_DisableBkUpAccess                         build/stm32f0xx_hal_pwr.o
HAL_PWR_DisableSEVOnPend                          build/stm32f0xx_hal_pwr.o
HAL_PWR_DisableSleepOnExit                        build/stm32f0xx_hal_pwr.o
HAL_PWR_DisableWakeUpPin                          build/stm32f0xx_hal_pwr.o
HAL_PWR_EnableBkUpAccess                          build/stm32f0xx_hal_pwr.o
HAL_PWR_EnableSEVOnPend                           build/stm32f0xx_hal_pwr.o
HAL_PWR_EnableSleepOnExit                         build/stm32f0xx_hal_pwr.o
HAL_PWR_EnableWakeUpPin                           build/stm32f0xx_hal_pwr.o
HAL_PWR_EnterSLEEPMode                            build/stm32f0xx_hal_pwr.o
HAL_PWR_EnterSTANDBYMode                          build/stm32f0xx_hal_pwr.o
HAL_PWR_EnterSTOPMode                             build/stm32f0xx_hal_pwr.o
HAL_RCCEx_GetPeriphCLKConfig                      build/stm32f0xx_hal_rcc_ex.o
HAL_RCCEx_GetPeriphCLKFreq                        build/stm32f0xx_hal_rcc_ex.o
HAL_RCCEx_PeriphCLKConfig                         build/stm32f0xx_hal_rcc_ex.o
                                                  build/main.o
HAL_RCC_CSSCallback                               build/stm32f0xx_hal_rcc.o
HAL_RCC_ClockConfig                               build/stm32f0xx_hal_rcc.o
                                                  build/main.o
HAL_RCC_DeInit                                    build/stm32f0xx_hal_rcc.o
HAL_RCC_DisableCSS                                build/stm32f0xx_hal_rcc.o
HAL_RCC_EnableCSS                                 build/stm32f0xx_hal_rcc.o
HAL_RCC_GetClockConfig                            build/stm32f0xx_hal_rcc.o
HAL_RCC_GetHCLKFreq                               build/stm32f0xx_hal_rcc.o
HAL_RCC_GetOscConfig                              build/stm32f0xx_hal_rcc.o
HAL_RCC_GetPCLK1Freq                              build/stm32f0xx_hal_rcc.o
                                                  build/stm32f0xx_hal_uart.o
                                                  build/stm32f0xx_hal_rcc_ex.o
HAL_RCC_GetSysClockFreq                           build/stm32f0xx_hal_rcc.o
                                                  build/stm32f0xx_hal_uart.o
                                                  build/stm32f0xx_hal_rcc_ex.o
HAL_RCC_MCOConfig                                 build/stm32f0xx_hal_rcc.o
HAL_RCC_NMI_IRQHandler                            build/stm32f0xx_hal_rcc.o
HAL_RCC_OscConfig                                 build/stm32f0xx_hal_rcc.o
                                                  build/main.o
HAL_RS485Ex_Init                                  build/stm32f0xx_hal_uart_ex.o
HAL_ResumeTick                                    build/stm32f0xx_hal.o
HAL_SPIEx_FlushRxFifo                             build/stm32f0xx_hal_spi_ex.o
HAL_SPI_Abort                                     build/stm32f0xx_hal_spi.o
HAL_SPI_AbortCpltCallback                         build/stm32f0xx_hal_spi.o
HAL_SPI_Abort_IT                                  build/stm32f0xx_hal_spi.o
HAL_SPI_DMAPause                                  build/stm32f0xx_hal_spi.o
HAL_SPI_DMAResume                                 build/stm32f0xx_hal_spi.o
HAL_SPI_DMAStop                                   build/stm32f0xx_hal_spi.o
HAL_SPI_DeInit                                    build/stm32f0xx_hal_spi.o
HAL_SPI_ErrorCallback                             build/stm32f0xx_hal_spi.o
HAL_SPI_GetError                                  build/stm32f0xx_hal_spi.o
HAL_SPI_GetState                                  build/stm32f0xx_hal_spi.o
HAL_SPI_IRQHandler                                build/stm32f0xx_hal_spi.o
HAL_SPI_Init                                      build/stm32f0xx_hal_spi.o
                                                  build/main.o
HAL_SPI_MspDeInit                                 build/stm32f0xx_hal_msp.o
HAL_SPI_MspInit                                   build/stm32f0xx_hal_msp.o
HAL_SPI_Receive                                   build/stm32f0xx_hal_spi.o
                                                  build/stm32_max6675.o
HAL_SPI_Receive_DMA                               build/stm32f0xx_hal_spi.o
HAL_SPI_Receive_IT                                build/stm32f0xx_hal_spi.o
HAL_SPI_RxCpltCallback                            build/stm32f0xx_hal_spi.o
HAL_SPI_RxHalfCpltCallback                        build/stm32f0xx_hal_spi.o
HAL_SPI_Transmit                                  build/stm32f0xx_hal_spi.o
HAL_SPI_TransmitReceive                           build/stm32f0xx_hal_spi.o
HAL_SPI_TransmitReceive_DMA                       build/stm32f0xx_hal_spi.o
HAL_SPI_TransmitReceive_IT                        build/stm32f0xx_hal_spi.o
HAL_SPI_Transmit_DMA                              build/stm32f0xx_hal_spi.o
HAL_SPI_Transmit_IT                               build/stm32f0xx_hal_spi.o
HAL_SPI_TxCpltCallback                            build/stm32f0xx_hal_spi.o
HAL_SPI_TxHalfCpltCallback                        build/stm32f0xx_hal_spi.o
HAL_SPI_TxRxCpltCallback                          build/stm32f0xx_hal_spi.o
HAL_SPI_TxRxHalfCpltCallback                      build/stm32f0xx_hal_spi.o
HAL_SYSTICK_CLKSourceConfig                       build/stm32f0xx_hal_cortex.o