Archive member included to satisfy reference by file (symbol)

c:/users/arist/appdata/roaming/code/user/globalstorage/bmd.stm32-for-vscode/@xpack-dev-tools/arm-none-eabi-gcc/12.3.1-1.1.1/.content/bin/../lib/gcc/arm-none-eabi/12.3.1/../../../../arm-none-eabi/lib/thumb/v7e-m+fp/hard\libc_nano.a(libc_a-atexit.o)
                              c:/users/arist/appdata/roaming/code/user/globalstorage/bmd.stm32-for-vscode/@xpack-dev-tools/arm-none-eabi-gcc/12.3.1-1.1.1/.content/bin/../lib/gcc/arm-none-eabi/12.3.1/../../../../arm-none-eabi/lib/thumb/v7e-m+fp/hard/crt0.o (atexit)
c:/users/arist/appdata/roaming/code/user/globalstorage/bmd.stm32-for-vscode/@xpack-dev-tools/arm-none-eabi-gcc/12.3.1-1.1.1/.content/bin/../lib/gcc/arm-none-eabi/12.3.1/../../../../arm-none-eabi/lib/thumb/v7e-m+fp/hard\libc_nano.a(libc_a-exit.o)
                              c:/users/arist/appdata/roaming/code/user/globalstorage/bmd.stm32-for-vscode/@xpack-dev-tools/arm-none-eabi-gcc/12.3.1-1.1.1/.content/bin/../lib/gcc/arm-none-eabi/12.3.1/../../../../arm-none-eabi/lib/thumb/v7e-m+fp/hard/crt0.o (exit)
c:/users/arist/appdata/roaming/code/user/globalstorage/bmd.stm32-for-vscode/@xpack-dev-tools/arm-none-eabi-gcc/12.3.1-1.1.1/.content/bin/../lib/gcc/arm-none-eabi/12.3.1/../../../../arm-none-eabi/lib/thumb/v7e-m+fp/hard\libc_nano.a(libc_a-malloc.o)
                              build/GEVA.o (malloc)
c:/users/arist/appdata/roaming/code/user/globalstorage/bmd.stm32-for-vscode/@xpack-dev-tools/arm-none-eabi-gcc/12.3.1-1.1.1/.content/bin/../lib/gcc/arm-none-eabi/12.3.1/../../../../arm-none-eabi/lib/thumb/v7e-m+fp/hard\libc_nano.a(libc_a-mallocr.o)
                              c:/users/arist/appdata/roaming/code/user/globalstorage/bmd.stm32-for-vscode/@xpack-dev-tools/arm-none-eabi-gcc/12.3.1-1.1.1/.content/bin/../lib/gcc/arm-none-eabi/12.3.1/../../../../arm-none-eabi/lib/thumb/v7e-m+fp/hard\libc_nano.a(libc_a-malloc.o) (_malloc_r)
c:/users/arist/appdata/roaming/code/user/globalstorage/bmd.stm32-for-vscode/@xpack-dev-tools/arm-none-eabi-gcc/12.3.1-1.1.1/.content/bin/../lib/gcc/arm-none-eabi/12.3.1/../../../../arm-none-eabi/lib/thumb/v7e-m+fp/hard\libc_nano.a(libc_a-mlock.o)
                              c:/users/arist/appdata/roaming/code/user/globalstorage/bmd.stm32-for-vscode/@xpack-dev-tools/arm-none-eabi-gcc/12.3.1-1.1.1/.content/bin/../lib/gcc/arm-none-eabi/12.3.1/../../../../arm-none-eabi/lib/thumb/v7e-m+fp/hard\libc_nano.a(libc_a-mallocr.o) (__malloc_lock)
c:/users/arist/appdata/roaming/code/user/globalstorage/bmd.stm32-for-vscode/@xpack-dev-tools/arm-none-eabi-gcc/12.3.1-1.1.1/.content/bin/../lib/gcc/arm-none-eabi/12.3.1/../../../../arm-none-eabi/lib/thumb/v7e-m+fp/hard\libc_nano.a(libc_a-findfp.o)
                              c:/users/arist/appdata/roaming/code/user/globalstorage/bmd.stm32-for-vscode/@xpack-dev-tools/arm-none-eabi-gcc/12.3.1-1.1.1/.content/bin/../lib/gcc/arm-none-eabi/12.3.1/../../../../arm-none-eabi/lib/thumb/v7e-m+fp/hard\libc_nano.a(libc_a-exit.o) (__stdio_exit_handler)
c:/users/arist/appdata/roaming/code/user/globalstorage/bmd.stm32-for-vscode/@xpack-dev-tools/arm-none-eabi-gcc/12.3.1-1.1.1/.content/bin/../lib/gcc/arm-none-eabi/12.3.1/../../../../arm-none-eabi/lib/thumb/v7e-m+fp/hard\libc_nano.a(libc_a-fwalk.o)
                              c:/users/arist/appdata/roaming/code/user/globalstorage/bmd.stm32-for-vscode/@xpack-dev-tools/arm-none-eabi-gcc/12.3.1-1.1.1/.content/bin/../lib/gcc/arm-none-eabi/12.3.1/../../../../arm-none-eabi/lib/thumb/v7e-m+fp/hard\libc_nano.a(libc_a-findfp.o) (_fwalk_sglue)
c:/users/arist/appdata/roaming/code/user/globalstorage/bmd.stm32-for-vscode/@xpack-dev-tools/arm-none-eabi-gcc/12.3.1-1.1.1/.content/bin/../lib/gcc/arm-none-eabi/12.3.1/../../../../arm-none-eabi/lib/thumb/v7e-m+fp/hard\libc_nano.a(libc_a-stdio.o)
                              c:/users/arist/appdata/roaming/code/user/globalstorage/bmd.stm32-for-vscode/@xpack-dev-tools/arm-none-eabi-gcc/12.3.1-1.1.1/.content/bin/../lib/gcc/arm-none-eabi/12.3.1/../../../../arm-none-eabi/lib/thumb/v7e-m+fp/hard\libc_nano.a(libc_a-findfp.o) (__sread)
c:/users/arist/appdata/roaming/code/user/globalstorage/bmd.stm32-for-vscode/@xpack-dev-tools/arm-none-eabi-gcc/12.3.1-1.1.1/.content/bin/../lib/gcc/arm-none-eabi/12.3.1/../../../../arm-none-eabi/lib/thumb/v7e-m+fp/hard\libc_nano.a(libc_a-memmove.o)
                              build/GEVA.o (memmove)
c:/users/arist/appdata/roaming/code/user/globalstorage/bmd.stm32-for-vscode/@xpack-dev-tools/arm-none-eabi-gcc/12.3.1-1.1.1/.content/bin/../lib/gcc/arm-none-eabi/12.3.1/../../../../arm-none-eabi/lib/thumb/v7e-m+fp/hard\libc_nano.a(libc_a-memset.o)
                              c:/users/arist/appdata/roaming/code/user/globalstorage/bmd.stm32-for-vscode/@xpack-dev-tools/arm-none-eabi-gcc/12.3.1-1.1.1/.content/bin/../lib/gcc/arm-none-eabi/12.3.1/../../../../arm-none-eabi/lib/thumb/v7e-m+fp/hard/crt0.o (memset)
[...]
Memory Configuration

Name             Origin             Length             Attributes
RAM              0x20000000         0x00050000         xrw
FLASH            0x08000000         0x00100000         xr
*default*        0x00000000         0xffffffff

Linker script and memory map

LOAD c:/users/arist/appdata/roaming/code/user/globalstorage/bmd.stm32-for-vscode/@xpack-dev-tools/arm-none-eabi-gcc/12.3.1-1.1.1/.content/bin/../lib/gcc/arm-none-eabi/12.3.1/thumb/v7e-m+fp/hard/crti.o
LOAD c:/users/arist/appdata/roaming/code/user/globalstorage/bmd.stm32-for-vscode/@xpack-dev-tools/arm-none-eabi-gcc/12.3.1-1.1.1/.content/bin/../lib/gcc/arm-none-eabi/12.3.1/thumb/v7e-m+fp/hard/crtbegin.o
LOAD c:/users/arist/appdata/roaming/code/user/globalstorage/bmd.stm32-for-vscode/@xpack-dev-tools/arm-none-eabi-gcc/12.3.1-1.1.1/.content/bin/../lib/gcc/arm-none-eabi/12.3.1/../../../../arm-none-eabi/lib/thumb/v7e-m+fp/hard/crt0.o
LOAD build/GEVA.o
LOAD build/fonts.o
LOAD build/main.o
LOAD build/ssd1306.o
LOAD build/stm32_ssd1306_i2c.o
LOAD build/stm32f7xx_hal_msp.o
LOAD build/stm32f7xx_it.o
LOAD build/system_stm32f7xx.o
LOAD build/stm32f7xx_hal.o
LOAD build/stm32f7xx_hal_cortex.o
LOAD build/stm32f7xx_hal_dma.o
LOAD build/stm32f7xx_hal_dma_ex.o
LOAD build/stm32f7xx_hal_eth.o
LOAD build/stm32f7xx_hal_exti.o
LOAD build/stm32f7xx_hal_flash.o
LOAD build/stm32f7xx_hal_flash_ex.o
LOAD build/stm32f7xx_hal_gpio.o
LOAD build/stm32f7xx_hal_i2c.o
LOAD build/stm32f7xx_hal_i2c_ex.o
LOAD build/stm32f7xx_hal_pcd.o
LOAD build/stm32f7xx_hal_pcd_ex.o
LOAD build/stm32f7xx_hal_pwr.o
LOAD build/stm32f7xx_hal_pwr_ex.o
LOAD build/stm32f7xx_hal_rcc.o
LOAD build/stm32f7xx_hal_rcc_ex.o
LOAD build/stm32f7xx_hal_tim.o
LOAD build/stm32f7xx_hal_tim_ex.o
LOAD build/stm32f7xx_hal_uart.o
LOAD build/stm32f7xx_hal_uart_ex.o
LOAD build/stm32f7xx_ll_usb.o
LOAD build/startup_stm32f746xx.o
LOAD c:/users/arist/appdata/roaming/code/user/globalstorage/bmd.stm32-for-vscode/@xpack-dev-tools/arm-none-eabi-gcc/12.3.1-1.1.1/.content/bin/../lib/gcc/arm-none-eabi/12.3.1/../../../../arm-none-eabi/lib/thumb/v7e-m+fp/hard\libc_nano.a
LOAD c:/users/arist/appdata/roaming/code/user/globalstorage/bmd.stm32-for-vscode/@xpack-dev-tools/arm-none-eabi-gcc/12.3.1-1.1.1/.content/bin/../lib/gcc/arm-none-eabi/12.3.1/../../../../arm-none-eabi/lib/thumb/v7e-m+fp/hard\libm.a
LOAD c:/users/arist/appdata/roaming/code/user/globalstorage/bmd.stm32-for-vscode/@xpack-dev-tools/arm-none-eabi-gcc/12.3.1-1.1.1/.content/bin/../lib/gcc/arm-none-eabi/12.3.1/../../../../arm-none-eabi/lib/thumb/v7e-m+fp/hard\libnosys.a
START GROUP
LOAD c:/users/arist/appdata/roaming/code/user/globalstorage/bmd.stm32-for-vscode/@xpack-dev-tools/arm-none-eabi-gcc/12.3.1-1.1.1/.content/bin/../lib/gcc/arm-none-eabi/12.3.1/thumb/v7e-m+fp/hard\libgcc.a
LOAD c:/users/arist/appdata/roaming/code/user/globalstorage/bmd.stm32-for-vscode/@xpack-dev-tools/arm-none-eabi-gcc/12.3.1-1.1.1/.content/bin/../lib/gcc/arm-none-eabi/12.3.1/../../../../arm-none-eabi/lib/thumb/v7e-m+fp/hard\libc_nano.a
END GROUP
START GROUP
LOAD c:/users/arist/appdata/roaming/code/user/globalstorage/bmd.stm32-for-vscode/@xpack-dev-tools/arm-none-eabi-gcc/12.3.1-1.1.1/.content/bin/../lib/gcc/arm-none-eabi/12.3.1/thumb/v7e-m+fp/hard\libgcc.a
LOAD c:/users/arist/appdata/roaming/code/user/globalstorage/bmd.stm32-for-vscode/@xpack-dev-tools/arm-none-eabi-gcc/12.3.1-1.1.1/.content/bin/../lib/gcc/arm-none-eabi/12.3.1/../../../../arm-none-eabi/lib/thumb/v7e-m+fp/hard\libc_nano.a
END GROUP
LOAD c:/users/arist/appdata/roaming/code/user/globalstorage/bmd.stm32-for-vscode/@xpack-dev-tools/arm-none-eabi-gcc/12.3.1-1.1.1/.content/bin/../lib/gcc/arm-none-eabi/12.3.1/thumb/v7e-m+fp/hard/crtend.o
LOAD c:/users/arist/appdata/roaming/code/user/globalstorage/bmd.stm32-for-vscode/@xpack-dev-tools/arm-none-eabi-gcc/12.3.1-1.1.1/.content/bin/../lib/gcc/arm-none-eabi/12.3.1/thumb/v7e-m+fp/hard/crtn.o
                0x20050000                        _estack = (ORIGIN (RAM) + LENGTH (RAM))
                0x00000800                        _Min_Heap_Size = 0x800
                0x00000800                        _Min_Stack_Size = 0x800

.isr_vector     0x08000000      0x1c8
                0x08000000                        . = ALIGN (0x4)
 *(.isr_vector)
 .isr_vector    0x08000000      0x1c8 build/startup_stm32f746xx.o
                0x08000000                g_pfnVectors
                0x080001c8                        . = ALIGN (0x4)

.text           0x080001c8     0x344c
                0x080001c8                        . = ALIGN (0x4)
 *(.text)
 .text          0x080001c8       0x30 c:/users/arist/appdata/roaming/code/user/globalstorage/bmd.stm32-for-vscode/@xpack-dev-tools/arm-none-eabi-gcc/12.3.1-1.1.1/.content/bin/../lib/gcc/arm-none-eabi/12.3.1/thumb/v7e-m+fp/hard\libgcc.a(_aeabi_uldivmod.o)
                0x080001c8                __aeabi_uldivmod
 .text          0x080001f8        0x4 c:/users/arist/appdata/roaming/code/user/globalstorage/bmd.stm32-for-vscode/@xpack-dev-tools/arm-none-eabi-gcc/12.3.1-1.1.1/.content/bin/../lib/gcc/arm-none-eabi/12.3.1/thumb/v7e-m+fp/hard\libgcc.a(_dvmd_tls.o)
                0x080001f8                __aeabi_idiv0
                0x080001f8                __aeabi_ldiv0
 *(.text*)
 .text.__do_global_dtors_aux
                0x080001fc       0x24 c:/users/arist/appdata/roaming/code/user/globalstorage/bmd.stm32-for-vscode/@xpack-dev-tools/arm-none-eabi-gcc/12.3.1-1.1.1/.content/bin/../lib/gcc/arm-none-eabi/12.3.1/thumb/v7e-m+fp/hard/crtbegin.o
 .text.frame_dummy
                0x08000220       0x1c c:/users/arist/appdata/roaming/code/user/globalstorage/bmd.stm32-for-vscode/@xpack-dev-tools/arm-none-eabi-gcc/12.3.1-1.1.1/.content/bin/../lib/gcc/arm-none-eabi/12.3.1/thumb/v7e-m+fp/hard/crtbegin.o
 .text.set_mode
                0x0800023c       0x1e build/GEVA.o
                0x0800023c                set_mode
 .text.set_orientation
                0x0800025a       0x7c build/GEVA.o
                0x0800025a                set_orientation
 .text.clr_buffer
                0x080002d6       0x1c build/GEVA.o
                0x080002d6                clr_buffer
 .text.byte_col_cnt
                0x080002f2        0xe build/GEVA.o
                0x080002f2                byte_col_cnt
 .text.buffer_byte_cnt
                0x08000300        0xa build/GEVA.o
                0x08000300                buffer_byte_cnt
 .text.init_buf
                0x0800030a       0x46 build/GEVA.o
                0x0800030a                init_buf
 .text.get_buffer_index
                0x08000350        0xa build/GEVA.o
                0x08000350                get_buffer_index
 .text.normalize_pos
                0x0800035a       0x40 build/GEVA.o
                0x0800035a                normalize_pos
 .text.put_pixel
                0x0800039a       0x96 build/GEVA.o
                0x0800039a                put_pixel
 .text.MX_GPIO_Init
                0x08000430       0xfc build/main.o
 .text.Error_Handler
                0x0800052c        0x4 build/main.o
                0x0800052c                Error_Handler
 .text.MX_ETH_Init
                0x08000530       0x6c build/main.o
 .text.MX_I2C1_Init
                0x0800059c       0x54 build/main.o
 .text.MX_USART3_UART_Init
                0x080005f0       0x38 build/main.o
 .text.MX_USB_OTG_FS_PCD_Init
                0x08000628       0x34 build/main.o
 .text.SystemClock_Config
                0x0800065c       0xa8 build/main.o
                0x0800065c                SystemClock_Config
 .text.main     0x08000704       0x9c build/main.o
                0x08000704                main
 .text.write_buf
                0x080007a0       0x28 build/stm32_ssd1306_i2c.o
 .text.init_display
                0x080007c8       0x3c build/stm32_ssd1306_i2c.o
                0x080007c8                init_display
 .text.update_display
                0x08000804       0xd8 build/stm32_ssd1306_i2c.o
                0x08000804                update_display
 .text.HAL_MspInit
                0x080008dc       0x30 build/stm32f7xx_hal_msp.o
                0x080008dc                HAL_MspInit
 .text.HAL_ETH_MspInit
                0x0800090c      0x110 build/stm32f7xx_hal_msp.o
                0x0800090c                HAL_ETH_MspInit
 .text.HAL_I2C_MspInit
                0x08000a1c       0x8c build/stm32f7xx_hal_msp.o
                0x08000a1c                HAL_I2C_MspInit
 .text.HAL_UART_MspInit
                0x08000aa8       0x8c build/stm32f7xx_hal_msp.o
                0x08000aa8                HAL_UART_MspInit
 .text.HAL_PCD_MspInit
                0x08000b34       0xb0 build/stm32f7xx_hal_msp.o
                0x08000b34                HAL_PCD_MspInit
 .text.NMI_Handler
                0x08000be4        0x2 build/stm32f7xx_it.o
                0x08000be4                NMI_Handler
 .text.HardFault_Handler
                0x08000be6        0x2 build/stm32f7xx_it.o
                0x08000be6                HardFault_Handler
 .text.MemManage_Handler
                0x08000be8        0x2 build/stm32f7xx_it.o
                0x08000be8                MemManage_Handler
 .text.BusFault_Handler
                0x08000bea        0x2 build/stm32f7xx_it.o
                0x08000bea                BusFault_Handler
 .text.UsageFault_Handler
                0x08000bec        0x2 build/stm32f7xx_it.o
                0x08000bec                UsageFault_Handler
 .text.SVC_Handler
                0x08000bee        0x2 build/stm32f7xx_it.o
                0x08000bee                SVC_Handler
 .text.DebugMon_Handler
                0x08000bf0        0x2 build/stm32f7xx_it.o
                0x08000bf0                DebugMon_Handler
 .text.PendSV_Handler
                0x08000bf2        0x2 build/stm32f7xx_it.o
                0x08000bf2                PendSV_Handler
 .text.SysTick_Handler
                0x08000bf4        0x8 build/stm32f7xx_it.o
                0x08000bf4                SysTick_Handler
 .text.SystemInit
                0x08000bfc       0x14 build/system_stm32f7xx.o
                0x08000bfc                SystemInit
 .text.HAL_InitTick
                0x08000c10       0x4c build/stm32f7xx_hal.o
                0x08000c10                HAL_InitTick
 .text.HAL_Init
                0x08000c5c       0x16 build/stm32f7xx_hal.o
                0x08000c5c                HAL_Init
 *fill*         0x08000c72        0x2 
 .text.HAL_IncTick
                0x08000c74       0x18 build/stm32f7xx_hal.o
                0x08000c74                HAL_IncTick
 .text.HAL_GetTick
                0x08000c8c        0xc build/stm32f7xx_hal.o
                0x08000c8c                HAL_GetTick
 .text.HAL_Delay
                0x08000c98       0x28 build/stm32f7xx_hal.o
                0x08000c98                HAL_Delay
 .text.__NVIC_SetPriority
                0x08000cc0       0x24 build/stm32f7xx_hal_cortex.o
 .text.NVIC_EncodePriority
                0x08000ce4       0x3e build/stm32f7xx_hal_cortex.o
 *fill*         0x08000d22        0x2 
 .text.HAL_NVIC_SetPriorityGrouping
                0x08000d24       0x24 build/stm32f7xx_hal_cortex.o
                0x08000d24                HAL_NVIC_SetPriorityGrouping
 .text.HAL_NVIC_SetPriority
                0x08000d48       0x20 build/stm32f7xx_hal_cortex.o
                0x08000d48                HAL_NVIC_SetPriority
 .text.HAL_SYSTICK_Config
                0x08000d68       0x28 build/stm32f7xx_hal_cortex.o
                0x08000d68                HAL_SYSTICK_Config
 .text.ETH_MACAddressConfig
                0x08000d90       0x30 build/stm32f7xx_hal_eth.o
 .text.ETH_DMATxDescListInit
                0x08000dc0       0x6e build/stm32f7xx_hal_eth.o
 .text.ETH_DMARxDescListInit
                0x08000e2e       0x84 build/stm32f7xx_hal_eth.o
 *fill*         0x08000eb2        0x2 
 .text.ETH_SetMACConfig
                0x08000eb4       0xfc build/stm32f7xx_hal_eth.o
 .text.ETH_SetDMAConfig
                0x08000fb0       0xc0 build/stm32f7xx_hal_eth.o
 .text.ETH_MACDMAConfig
                0x08001070       0xa2 build/stm32f7xx_hal_eth.o
 *fill*         0x08001112        0x2 
 .text.HAL_ETH_Init
                0x08001114       0xbc build/stm32f7xx_hal_eth.o
                0x08001114                HAL_ETH_Init
 .text.HAL_GPIO_Init
                0x080011d0      0x204 build/stm32f7xx_hal_gpio.o
                0x080011d0                HAL_GPIO_Init
 .text.HAL_GPIO_ReadPin
                0x080013d4        0xe build/stm32f7xx_hal_gpio.o
                0x080013d4                HAL_GPIO_ReadPin
 .text.HAL_GPIO_WritePin
                0x080013e2        0xc build/stm32f7xx_hal_gpio.o
                0x080013e2                HAL_GPIO_WritePin
 .text.I2C_Flush_TXDR
                0x080013ee       0x22 build/stm32f7xx_hal_i2c.o
 .text.I2C_TransferConfig
                0x08001410       0x3c build/stm32f7xx_hal_i2c.o
 .text.I2C_IsErrorOccurred
                0x0800144c      0x118 build/stm32f7xx_hal_i2c.o
 .text.I2C_WaitOnTXISFlagUntilTimeout
                0x08001564       0x56 build/stm32f7xx_hal_i2c.o
 .text.I2C_WaitOnFlagUntilTimeout
                0x080015ba       0x56 build/stm32f7xx_hal_i2c.o
 .text.I2C_WaitOnSTOPFlagUntilTimeout
                0x08001610       0x50 build/stm32f7xx_hal_i2c.o
 .text.HAL_I2C_Init
                0x08001660       0xbc build/stm32f7xx_hal_i2c.o
                0x08001660                HAL_I2C_Init
 .text.HAL_I2C_Master_Transmit
                0x0800171c      0x17c build/stm32f7xx_hal_i2c.o
                0x0800171c                HAL_I2C_Master_Transmit
 .text.HAL_I2CEx_ConfigAnalogFilter
                0x08001898       0x5c build/stm32f7xx_hal_i2c_ex.o
                0x08001898                HAL_I2CEx_ConfigAnalogFilter
 .text.HAL_I2CEx_ConfigDigitalFilter
                0x080018f4       0x58 build/stm32f7xx_hal_i2c_ex.o
                0x080018f4                HAL_I2CEx_ConfigDigitalFilter
 .text.HAL_PCD_Init
                0x0800194c      0x13c build/stm32f7xx_hal_pcd.o
                0x0800194c                HAL_PCD_Init
 .text.HAL_PCDEx_ActivateLPM
                0x08001a88       0x28 build/stm32f7xx_hal_pcd_ex.o
                0x08001a88                HAL_PCDEx_ActivateLPM
 .text.HAL_PWR_EnableBkUpAccess
                0x08001ab0       0x10 build/stm32f7xx_hal_pwr.o
                0x08001ab0                HAL_PWR_EnableBkUpAccess
 .text.HAL_RCC_OscConfig
                0x08001ac0      0x434 build/stm32f7xx_hal_rcc.o
                0x08001ac0                HAL_RCC_OscConfig
 .text.HAL_RCC_GetSysClockFreq
                0x08001ef4       0xdc build/stm32f7xx_hal_rcc.o
                0x08001ef4                HAL_RCC_GetSysClockFreq
 .text.HAL_RCC_ClockConfig
                0x08001fd0      0x16c build/stm32f7xx_hal_rcc.o
                0x08001fd0                HAL_RCC_ClockConfig
 .text.HAL_RCC_GetHCLKFreq
                0x0800213c        0xc build/stm32f7xx_hal_rcc.o
                0x0800213c                HAL_RCC_GetHCLKFreq
 .text.HAL_RCC_GetPCLK1Freq
                0x08002148       0x20 build/stm32f7xx_hal_rcc.o
                0x08002148                HAL_RCC_GetPCLK1Freq
 .text.HAL_RCC_GetPCLK2Freq
                0x08002168       0x20 build/stm32f7xx_hal_rcc.o
                0x08002168                HAL_RCC_GetPCLK2Freq
 .text.HAL_RCCEx_PeriphCLKConfig
                0x08002188      0x5ac build/stm32f7xx_hal_rcc_ex.o
                0x08002188                HAL_RCCEx_PeriphCLKConfig
 .text.UART_SetConfig
                0x08002734      0x330 build/stm32f7xx_hal_uart.o
                0x08002734                UART_SetConfig
 .text.UART_AdvFeatureConfig
                0x08002a64       0xca build/stm32f7xx_hal_uart.o
                0x08002a64                UART_AdvFeatureConfig
 .text.UART_WaitOnFlagUntilTimeout
                0x08002b2e       0xd4 build/stm32f7xx_hal_uart.o
                0x08002b2e                UART_WaitOnFlagUntilTimeout
 .text.UART_CheckIdleState
                0x08002c02       0x4c build/stm32f7xx_hal_uart.o
                0x08002c02                UART_CheckIdleState
 .text.HAL_UART_Init
                0x08002c4e       0x62 build/stm32f7xx_hal_uart.o
                0x08002c4e                HAL_UART_Init
 .text.USB_CoreReset
                0x08002cb0       0x50 build/stm32f7xx_ll_usb.o
 .text.USB_CoreInit
                0x08002d00       0x7c build/stm32f7xx_ll_usb.o
                0x08002d00                USB_CoreInit
 .text.USB_DisableGlobalInt
                0x08002d7c        0xc build/stm32f7xx_ll_usb.o
                0x08002d7c                USB_DisableGlobalInt
 .text.USB_FlushTxFifo
                0x08002d88       0x50 build/stm32f7xx_ll_usb.o
                0x08002d88                USB_FlushTxFifo
 .text.USB_FlushRxFifo
                0x08002dd8       0x4c build/stm32f7xx_ll_usb.o
                0x08002dd8                USB_FlushRxFifo
 .text.USB_SetDevSpeed
                0x08002e24        0xe build/stm32f7xx_ll_usb.o
                0x08002e24                USB_SetDevSpeed
 *fill*         0x08002e32        0x2 
 .text.USB_DevInit
                0x08002e34      0x188 build/stm32f7xx_ll_usb.o
                0x08002e34                USB_DevInit
 .text.USB_DevDisconnect
                0x08002fbc       0x1c build/stm32f7xx_ll_usb.o
                0x08002fbc                USB_DevDisconnect
 .text.USB_GetMode
                0x08002fd8        0x8 build/stm32f7xx_ll_usb.o
                0x08002fd8                USB_GetMode
 .text.USB_SetCurrentMode
                0x08002fe0       0x62 build/stm32f7xx_ll_usb.o
                0x08002fe0                USB_SetCurrentMode
 *fill*         0x08003042        0x2 
 .text.Reset_Handler
                0x08003044       0x50 build/startup_stm32f746xx.o
                0x08003044                Reset_Handler
 .text.Default_Handler
                0x08003094        0x2 build/startup_stm32f746xx.o
                0x08003094                RTC_Alarm_IRQHandler
                0x08003094                EXTI2_IRQHandler
                0x08003094                TIM8_CC_IRQHandler
                0x08003094                UART8_IRQHandler
                0x08003094                SPI4_IRQHandler
                0x08003094                TIM1_CC_IRQHandler
                0x08003094                DMA2_Stream5_IRQHandler
                0x08003094                DMA1_Stream5_IRQHandler
                0x08003094                PVD_IRQHandler
                0x08003094                TAMP_STAMP_IRQHandler
                0x08003094                CAN2_RX1_IRQHandler
                0x08003094                EXTI3_IRQHandler
                0x08003094                TIM8_TRG_COM_TIM14_IRQHandler
                0x08003094                TIM1_UP_TIM10_IRQHandler
                0x08003094                TIM8_UP_TIM13_IRQHandler
                0x08003094                I2C3_ER_IRQHandler
                0x08003094                EXTI0_IRQHandler
                0x08003094                I2C2_EV_IRQHandler
                0x08003094                DMA1_Stream2_IRQHandler
                0x08003094                CAN1_RX0_IRQHandler
                0x08003094                FPU_IRQHandler
                0x08003094                OTG_HS_WKUP_IRQHandler
                0x08003094                LTDC_ER_IRQHandler
                0x08003094                CAN2_SCE_IRQHandler
                0x08003094                DMA2_Stream2_IRQHandler
                0x08003094                SPI1_IRQHandler
                0x08003094                TIM6_DAC_IRQHandler
                0x08003094                TIM1_BRK_TIM9_IRQHandler
                0x08003094                DCMI_IRQHandler
                0x08003094                CAN2_RX0_IRQHandler
                0x08003094                DMA2_Stream3_IRQHandler
                0x08003094                SAI2_IRQHandler
                0x08003094                USART6_IRQHandler
                0x08003094                USART3_IRQHandler
                0x08003094                CAN1_RX1_IRQHandler
                0x08003094                UART5_IRQHandler
                0x08003094                DMA2_Stream0_IRQHandler
                0x08003094                TIM4_IRQHandler
                0x08003094                QUADSPI_IRQHandler
                0x08003094                I2C1_EV_IRQHandler
                0x08003094                DMA1_Stream6_IRQHandler
                0x08003094                DMA1_Stream1_IRQHandler
                0x08003094                UART4_IRQHandler
                0x08003094                TIM3_IRQHandler
                0x08003094                RCC_IRQHandler
                0x08003094                TIM8_BRK_TIM12_IRQHandler
                0x08003094                Default_Handler
                0x08003094                CEC_IRQHandler
                0x08003094                EXTI15_10_IRQHandler
                0x08003094                ADC_IRQHandler
                0x08003094                DMA1_Stream7_IRQHandler
                0x08003094                SPI5_IRQHandler
                0x08003094                TIM7_IRQHandler
                0x08003094                SDMMC1_IRQHandler
                0x08003094                CAN2_TX_IRQHandler
                0x08003094                TIM5_IRQHandler
                0x08003094                DMA2_Stream7_IRQHandler
                0x08003094                I2C3_EV_IRQHandler
                0x08003094                EXTI9_5_IRQHandler
                0x08003094                RTC_WKUP_IRQHandler
                0x08003094                LTDC_IRQHandler
                0x08003094                ETH_WKUP_IRQHandler
                0x08003094                SPDIF_RX_IRQHandler
                0x08003094                SPI2_IRQHandler
                0x08003094                OTG_HS_EP1_IN_IRQHandler
                0x08003094                DMA1_Stream0_IRQHandler
                0x08003094                CAN1_TX_IRQHandler
                0x08003094                EXTI4_IRQHandler
                0x08003094                RNG_IRQHandler
                0x08003094                ETH_IRQHandler
                0x08003094                OTG_HS_EP1_OUT_IRQHandler
                0x08003094                WWDG_IRQHandler
                0x08003094                SPI6_IRQHandler
                0x08003094                I2C4_EV_IRQHandler
                0x08003094                TIM2_IRQHandler
                0x08003094                OTG_FS_WKUP_IRQHandler
                0x08003094                TIM1_TRG_COM_TIM11_IRQHandler
                0x08003094                OTG_HS_IRQHandler
                0x08003094                DMA2D_IRQHandler
                0x08003094                EXTI1_IRQHandler
                0x08003094                UART7_IRQHandler
                0x08003094                USART2_IRQHandler
                0x08003094                I2C2_ER_IRQHandler
                0x08003094                DMA2_Stream1_IRQHandler
                0x08003094                CAN1_SCE_IRQHandler
                0x08003094                FLASH_IRQHandler
                0x08003094                DMA2_Stream4_IRQHandler
                0x08003094                USART1_IRQHandler
                0x08003094                OTG_FS_IRQHandler
                0x08003094                SPI3_IRQHandler
                0x08003094                DMA1_Stream4_IRQHandler
                0x08003094                I2C1_ER_IRQHandler
                0x08003094                FMC_IRQHandler
                0x08003094                LPTIM1_IRQHandler
                0x08003094                I2C4_ER_IRQHandler
                0x08003094                DMA2_Stream6_IRQHandler
                0x08003094                SAI1_IRQHandler
                0x08003094                DMA1_Stream3_IRQHandler
 *fill*         0x08003096        0x2 
 .text.malloc   0x08003098       0x10 c:/users/arist/appdata/roaming/code/user/globalstorage/bmd.stm32-for-vscode/@xpack-dev-tools/arm-none-eabi-gcc/12.3.1-1.1.1/.content/bin/../lib/gcc/arm-none-eabi/12.3.1/../../../../arm-none-eabi/lib/thumb/v7e-m+fp/hard\libc_nano.a(libc_a-malloc.o)
                0x08003098                malloc
 .text.free     0x080030a8       0x10 c:/users/arist/appdata/roaming/code/user/globalstorage/bmd.stm32-for-vscode/@xpack-dev-tools/arm-none-eabi-gcc/12.3.1-1.1.1/.content/bin/../lib/gcc/arm-none-eabi/12.3.1/../../../../arm-none-eabi/lib/thumb/v7e-m+fp/hard\libc_nano.a(libc_a-malloc.o)
                0x080030a8                free
 .text.sbrk_aligned
                0x080030b8       0x44 c:/users/arist/appdata/roaming/code/user/globalstorage/bmd.stm32-for-vscode/@xpack-dev-tools/arm-none-eabi-gcc/12.3.1-1.1.1/.content/bin/../lib/gcc/arm-none-eabi/12.3.1/../../../../arm-none-eabi/lib/thumb/v7e-m+fp/hard\libc_nano.a(libc_a-mallocr.o)
 .text._malloc_r
                0x080030fc      0x100 c:/users/arist/appdata/roaming/code/user/globalstorage/bmd.stm32-for-vscode/@xpack-dev-tools/arm-none-eabi-gcc/12.3.1-1.1.1/.content/bin/../lib/gcc/arm-none-eabi/12.3.1/../../../../arm-none-eabi/lib/thumb/v7e-m+fp/hard\libc_nano.a(libc_a-mallocr.o)
                0x080030fc                _malloc_r
 .text.__malloc_lock
                0x080031fc        0xc c:/users/arist/appdata/roaming/code/user/globalstorage/bmd.stm32-for-vscode/@xpack-dev-tools/arm-none-eabi-gcc/12.3.1-1.1.1/.content/bin/../lib/gcc/arm-none-eabi/12.3.1/../../../../arm-none-eabi/lib/thumb/v7e-m+fp/hard\libc_nano.a(libc_a-mlock.o)
                0x080031fc                __malloc_lock
 .text.__malloc_unlock
                0x08003208        0xc c:/users/arist/appdata/roaming/code/user/globalstorage/bmd.stm32-for-vscode/@xpack-dev-tools/arm-none-eabi-gcc/12.3.1-1.1.1/.content/bin/../lib/gcc/arm-none-eabi/12.3.1/../../../../arm-none-eabi/lib/thumb/v7e-m+fp/hard\libc_nano.a(libc_a-mlock.o)
                0x08003208                __malloc_unlock
 .text.memset   0x08003214       0x10 c:/users/arist/appdata/roaming/code/user/globalstorage/bmd.stm32-for-vscode/@xpack-dev-tools/arm-none-eabi-gcc/12.3.1-1.1.1/.content/bin/../lib/gcc/arm-none-eabi/12.3.1/../../../../arm-none-eabi/lib/thumb/v7e-m+fp/hard\libc_nano.a(libc_a-memset.o)
                0x08003214                memset
 .text._sbrk_r  0x08003224       0x20 c:/users/arist/appdata/roaming/code/user/globalstorage/bmd.stm32-for-vscode/@xpack-dev-tools/arm-none-eabi-gcc/12.3.1-1.1.1/.content/bin/../lib/gcc/arm-none-eabi/12.3.1/../../../../arm-none-eabi/lib/thumb/v7e-m+fp/hard\libc_nano.a(libc_a-sbrkr.o)
                0x08003224                _sbrk_r
 .text.__libc_init_array
                0x08003244       0x48 c:/users/arist/appdata/roaming/code/user/globalstorage/bmd.stm32-for-vscode/@xpack-dev-tools/arm-none-eabi-gcc/12.3.1-1.1.1/.content/bin/../lib/gcc/arm-none-eabi/12.3.1/../../../../arm-none-eabi/lib/thumb/v7e-m+fp/hard\libc_nano.a(libc_a-init.o)
                0x08003244                __libc_init_array
 .text.__retarget_lock_acquire_recursive
                0x0800328c        0x2 c:/users/arist/appdata/roaming/code/user/globalstorage/bmd.stm32-for-vscode/@xpack-dev-tools/arm-none-eabi-gcc/12.3.1-1.1.1/.content/bin/../lib/gcc/arm-none-eabi/12.3.1/../../../../arm-none-eabi/lib/thumb/v7e-m+fp/hard\libc_nano.a(libc_a-lock.o)
                0x0800328c                __retarget_lock_acquire_recursive
 .text.__retarget_lock_release_recursive
                0x0800328e        0x2 c:/users/arist/appdata/roaming/code/user/globalstorage/bmd.stm32-for-vscode/@xpack-dev-tools/arm-none-eabi-gcc/12.3.1-1.1.1/.content/bin/../lib/gcc/arm-none-eabi/12.3.1/../../../../arm-none-eabi/lib/thumb/v7e-m+fp/hard\libc_nano.a(libc_a-lock.o)
                0x0800328e                __retarget_lock_release_recursive
 .text._free_r  0x08003290       0x94 c:/users/arist/appdata/roaming/code/user/globalstorage/bmd.stm32-for-vscode/@xpack-dev-tools/arm-none-eabi-gcc/12.3.1-1.1.1/.content/bin/../lib/gcc/arm-none-eabi/12.3.1/../../../../arm-none-eabi/lib/thumb/v7e-m+fp/hard\libc_nano.a(libc_a-freer.o)
                0x08003290                _free_r
 .text._sbrk    0x08003324       0x1c c:/users/arist/appdata/roaming/code/user/globalstorage/bmd.stm32-for-vscode/@xpack-dev-tools/arm-none-eabi-gcc/12.3.1-1.1.1/.content/bin/../lib/gcc/arm-none-eabi/12.3.1/../../../../arm-none-eabi/lib/thumb/v7e-m+fp/hard\libnosys.a(sbrk.o)
                0x08003324                _sbrk
 .text.__udivmoddi4
                0x08003340      0x2bc c:/users/arist/appdata/roaming/code/user/globalstorage/bmd.stm32-for-vscode/@xpack-dev-tools/arm-none-eabi-gcc/12.3.1-1.1.1/.content/bin/../lib/gcc/arm-none-eabi/12.3.1/thumb/v7e-m+fp/hard\libgcc.a(_udivmoddi4.o)
                0x08003340                __udivmoddi4
 *(.glue_7)
 .glue_7        0x080035fc        0x0 linker stubs
 *(.glue_7t)
 .glue_7t       0x080035fc        0x0 linker stubs
 *(.eh_frame)
 .eh_frame      0x080035fc        0x0 c:/users/arist/appdata/roaming/code/user/globalstorage/bmd.stm32-for-vscode/@xpack-dev-tools/arm-none-eabi-gcc/12.3.1-1.1.1/.content/bin/../lib/gcc/arm-none-eabi/12.3.1/thumb/v7e-m+fp/hard/crtbegin.o
 *(.init)
 .init          0x080035fc        0x4 c:/users/arist/appdata/roaming/code/user/globalstorage/bmd.stm32-for-vscode/@xpack-dev-tools/arm-none-eabi-gcc/12.3.1-1.1.1/.content/bin/../lib/gcc/arm-none-eabi/12.3.1/thumb/v7e-m+fp/hard/crti.o
                0x080035fc                _init
 .init          0x08003600        0x8 c:/users/arist/appdata/roaming/code/user/globalstorage/bmd.stm32-for-vscode/@xpack-dev-tools/arm-none-eabi-gcc/12.3.1-1.1.1/.content/bin/../lib/gcc/arm-none-eabi/12.3.1/thumb/v7e-m+fp/hard/crtn.o
 *(.fini)
 .fini          0x08003608        0x4 c:/users/arist/appdata/roaming/code/user/globalstorage/bmd.stm32-for-vscode/@xpack-dev-tools/arm-none-eabi-gcc/12.3.1-1.1.1/.content/bin/../lib/gcc/arm-none-eabi/12.3.1/thumb/v7e-m+fp/hard/crti.o
                0x08003608                _fini
 .fini          0x0800360c        0x8 c:/users/arist/appdata/roaming/code/user/globalstorage/bmd.stm32-for-vscode/@xpack-dev-tools/arm-none-eabi-gcc/12.3.1-1.1.1/.content/bin/../lib/gcc/arm-none-eabi/12.3.1/thumb/v7e-m+fp/hard/crtn.o
                0x08003614                        . = ALIGN (0x4)
                0x08003614                        _etext = .

.vfp11_veneer   0x08003614        0x0
 .vfp11_veneer  0x08003614        0x0 linker stubs

.v4_bx          0x08003614        0x0
 .v4_bx         0x08003614        0x0 linker stubs

.iplt           0x08003614        0x0
 .iplt          0x08003614        0x0 c:/users/arist/appdata/roaming/code/user/globalstorage/bmd.stm32-for-vscode/@xpack-dev-tools/arm-none-eabi-gcc/12.3.1-1.1.1/.content/bin/../lib/gcc/arm-none-eabi/12.3.1/thumb/v7e-m+fp/hard/crtbegin.o

.rodata         0x08003614       0x34
                0x08003614                        . = ALIGN (0x4)
 *(.rodata)
 .rodata        0x08003614       0x1a build/stm32_ssd1306_i2c.o
 *(.rodata*)
 *fill*         0x0800362e        0x2 
 .rodata.APBPrescTable
                0x08003630        0x8 build/system_stm32f7xx.o
                0x08003630                APBPrescTable
 .rodata.AHBPrescTable
                0x08003638       0x10 build/system_stm32f7xx.o
                0x08003638                AHBPrescTable
                0x08003648                        . = ALIGN (0x4)

.ARM.extab
 *(.ARM.extab* .gnu.linkonce.armextab.*)

.ARM            0x08003648        0x8
                0x08003648                        __exidx_start = .
 *(.ARM.exidx*)
 .ARM.exidx.text.__udivmoddi4
                0x08003648        0x8 c:/users/arist/appdata/roaming/code/user/globalstorage/bmd.stm32-for-vscode/@xpack-dev-tools/arm-none-eabi-gcc/12.3.1-1.1.1/.content/bin/../lib/gcc/arm-none-eabi/12.3.1/thumb/v7e-m+fp/hard\libgcc.a(_udivmoddi4.o)
                0x08003650                        __exidx_end = .

.rel.dyn        0x08003650        0x0
 .rel.iplt      0x08003650        0x0 c:/users/arist/appdata/roaming/code/user/globalstorage/bmd.stm32-for-vscode/@xpack-dev-tools/arm-none-eabi-gcc/12.3.1-1.1.1/.content/bin/../lib/gcc/arm-none-eabi/12.3.1/thumb/v7e-m+fp/hard/crtbegin.o

.preinit_array  0x08003650        0x0
                0x08003650                        PROVIDE (__preinit_array_start = .)
 *(.preinit_array*)
                0x08003650                        PROVIDE (__preinit_array_end = .)

.init_array     0x08003650        0x4
                0x08003650                        PROVIDE (__init_array_start = .)
 *(SORT_BY_NAME(.init_array.*))
 *(.init_array*)
 .init_array    0x08003650        0x4 c:/users/arist/appdata/roaming/code/user/globalstorage/bmd.stm32-for-vscode/@xpack-dev-tools/arm-none-eabi-gcc/12.3.1-1.1.1/.content/bin/../lib/gcc/arm-none-eabi/12.3.1/thumb/v7e-m+fp/hard/crtbegin.o
                0x08003654                        PROVIDE (__init_array_end = .)

.fini_array     0x08003654        0x4
                0x08003654                        PROVIDE (__fini_array_start = .)
 *(SORT_BY_NAME(.fini_array.*))
 *(.fini_array*)
 .fini_array    0x08003654        0x4 c:/users/arist/appdata/roaming/code/user/globalstorage/bmd.stm32-for-vscode/@xpack-dev-tools/arm-none-eabi-gcc/12.3.1-1.1.1/.content/bin/../lib/gcc/arm-none-eabi/12.3.1/thumb/v7e-m+fp/hard/crtbegin.o
                0x08003658                        PROVIDE (__fini_array_end = .)
                0x08003658                        _sidata = LOADADDR (.data)

.data           0x20000000       0x5c load address 0x08003658
                0x20000000                        . = ALIGN (0x4)
                0x20000000                        _sdata = .
 *(.data)
 *(.data*)
 .data.SystemCoreClock
                0x20000000        0x4 build/system_stm32f7xx.o
                0x20000000                SystemCoreClock
 .data.uwTickFreq
                0x20000004        0x1 build/stm32f7xx_hal.o
                0x20000004                uwTickFreq
 *fill*         0x20000005        0x3 
 .data.uwTickPrio
                0x20000008        0x4 build/stm32f7xx_hal.o
                0x20000008                uwTickPrio
 .data._impure_ptr
                0x2000000c        0x4 c:/users/arist/appdata/roaming/code/user/globalstorage/bmd.stm32-for-vscode/@xpack-dev-tools/arm-none-eabi-gcc/12.3.1-1.1.1/.content/bin/../lib/gcc/arm-none-eabi/12.3.1/../../../../arm-none-eabi/lib/thumb/v7e-m+fp/hard\libc_nano.a(libc_a-impure.o)
                0x2000000c                _impure_ptr
 .data._impure_data
                0x20000010       0x4c c:/users/arist/appdata/roaming/code/user/globalstorage/bmd.stm32-for-vscode/@xpack-dev-tools/arm-none-eabi-gcc/12.3.1-1.1.1/.content/bin/../lib/gcc/arm-none-eabi/12.3.1/../../../../arm-none-eabi/lib/thumb/v7e-m+fp/hard\libc_nano.a(libc_a-impure.o)
                0x20000010                _impure_data
                0x2000005c                        . = ALIGN (0x4)
                0x2000005c                        _edata = .

.igot.plt       0x2000005c        0x0 load address 0x080036b4
 .igot.plt      0x2000005c        0x0 c:/users/arist/appdata/roaming/code/user/globalstorage/bmd.stm32-for-vscode/@xpack-dev-tools/arm-none-eabi-gcc/12.3.1-1.1.1/.content/bin/../lib/gcc/arm-none-eabi/12.3.1/thumb/v7e-m+fp/hard/crtbegin.o

.TxDecripSection
                0x2000005c       0xa0 load address 0x080036b4
 .TxDecripSection
                0x2000005c       0xa0 build/main.o
                0x2000005c                DMATxDscrTab

.RxDecripSection
                0x200000fc       0xa0 load address 0x08003754
 .RxDecripSection
                0x200000fc       0xa0 build/main.o
                0x200000fc                DMARxDscrTab
                0x2000019c                        . = ALIGN (0x4)

.bss            0x2000019c      0x848 load address 0x080037f4
                0x2000019c                        _sbss = .
                0x2000019c                        __bss_start__ = _sbss
 *(.bss)
 *(.bss*)
 .bss.completed.1
                0x2000019c        0x1 c:/users/arist/appdata/roaming/code/user/globalstorage/bmd.stm32-for-vscode/@xpack-dev-tools/arm-none-eabi-gcc/12.3.1-1.1.1/.content/bin/../lib/gcc/arm-none-eabi/12.3.1/thumb/v7e-m+fp/hard/crtbegin.o
 *fill*         0x2000019d        0x3 
 .bss.object.0  0x200001a0       0x18 c:/users/arist/appdata/roaming/code/user/globalstorage/bmd.stm32-for-vscode/@xpack-dev-tools/arm-none-eabi-gcc/12.3.1-1.1.1/.content/bin/../lib/gcc/arm-none-eabi/12.3.1/thumb/v7e-m+fp/hard/crtbegin.o
 .bss.MACAddr.0
                0x200001b8        0x6 build/main.o
 *fill*         0x200001be        0x2 
 .bss.hpcd_USB_OTG_FS
                0x200001c0      0x508 build/main.o
                0x200001c0                hpcd_USB_OTG_FS
 .bss.huart3    0x200006c8       0x88 build/main.o
                0x200006c8                huart3
 .bss.hi2c1     0x20000750       0x54 build/main.o
                0x20000750                hi2c1
 .bss.heth      0x200007a4       0xb0 build/main.o
                0x200007a4                heth
 .bss.TxConfig  0x20000854       0x38 build/main.o
                0x20000854                TxConfig
 .bss._i2c_handler
                0x2000088c        0x4 build/stm32_ssd1306_i2c.o
                0x2000088c                _i2c_handler
 .bss._i2caddr  0x20000890        0x1 build/stm32_ssd1306_i2c.o
 *fill*         0x20000891        0x3 
 .bss.uwTick    0x20000894        0x4 build/stm32f7xx_hal.o
                0x20000894                uwTick
 .bss.__malloc_sbrk_start
                0x20000898        0x4 c:/users/arist/appdata/roaming/code/user/globalstorage/bmd.stm32-for-vscode/@xpack-dev-tools/arm-none-eabi-gcc/12.3.1-1.1.1/.content/bin/../lib/gcc/arm-none-eabi/12.3.1/../../../../arm-none-eabi/lib/thumb/v7e-m+fp/hard\libc_nano.a(libc_a-mallocr.o)
                0x20000898                __malloc_sbrk_start
 .bss.__malloc_free_list
                0x2000089c        0x4 c:/users/arist/appdata/roaming/code/user/globalstorage/bmd.stm32-for-vscode/@xpack-dev-tools/arm-none-eabi-gcc/12.3.1-1.1.1/.content/bin/../lib/gcc/arm-none-eabi/12.3.1/../../../../arm-none-eabi/lib/thumb/v7e-m+fp/hard\libc_nano.a(libc_a-mallocr.o)
                0x2000089c                __malloc_free_list
 .bss.__sf      0x200008a0      0x138 c:/users/arist/appdata/roaming/code/user/globalstorage/bmd.stm32-for-vscode/@xpack-dev-tools/arm-none-eabi-gcc/12.3.1-1.1.1/.content/bin/../lib/gcc/arm-none-eabi/12.3.1/../../../../arm-none-eabi/lib/thumb/v7e-m+fp/hard\libc_nano.a(libc_a-findfp.o)
                0x200008a0                __sf
 .bss.errno     0x200009d8        0x4 c:/users/arist/appdata/roaming/code/user/globalstorage/bmd.stm32-for-vscode/@xpack-dev-tools/arm-none-eabi-gcc/12.3.1-1.1.1/.content/bin/../lib/gcc/arm-none-eabi/12.3.1/../../../../arm-none-eabi/lib/thumb/v7e-m+fp/hard\libc_nano.a(libc_a-reent.o)
                0x200009d8                errno
 .bss.__lock___malloc_recursive_mutex
                0x200009dc        0x1 c:/users/arist/appdata/roaming/code/user/globalstorage/bmd.stm32-for-vscode/@xpack-dev-tools/arm-none-eabi-gcc/12.3.1-1.1.1/.content/bin/../lib/gcc/arm-none-eabi/12.3.1/../../../../arm-none-eabi/lib/thumb/v7e-m+fp/hard\libc_nano.a(libc_a-lock.o)
                0x200009dc                __lock___malloc_recursive_mutex
 *fill*         0x200009dd        0x3 
 .bss.heap_end.0
                0x200009e0        0x4 c:/users/arist/appdata/roaming/code/user/globalstorage/bmd.stm32-for-vscode/@xpack-dev-tools/arm-none-eabi-gcc/12.3.1-1.1.1/.content/bin/../lib/gcc/arm-none-eabi/12.3.1/../../../../arm-none-eabi/lib/thumb/v7e-m+fp/hard\libnosys.a(sbrk.o)
 *(COMMON)
                0x200009e4                        . = ALIGN (0x4)
                0x200009e4                        _ebss = .
                0x200009e4                        __bss_end__ = _ebss

._user_heap_stack
                0x200009e4     0x1004 load address 0x080037f4
                0x200009e8                        . = ALIGN (0x8)
 *fill*         0x200009e4        0x4 
                0x200009e8                        PROVIDE (end = .)
                [!provide]                        PROVIDE (_end = .)
                0x200011e8                        . = (. + _Min_Heap_Size)
 *fill*         0x200009e8      0x800 
                0x200019e8                        . = (. + _Min_Stack_Size)
 *fill*         0x200011e8      0x800 
                0x200019e8                        . = ALIGN (0x8)

/DISCARD/
 libc.a(*)
 libm.a(*)
 libgcc.a(*)

.ARM.attributes
                0x00000000       0x30
 *(.ARM.attributes)
 .ARM.attributes
                0x00000000       0x22 c:/users/arist/appdata/roaming/code/user/globalstorage/bmd.stm32-for-vscode/@xpack-dev-tools/arm-none-eabi-gcc/12.3.1-1.1.1/.content/bin/../lib/gcc/arm-none-eabi/12.3.1/thumb/v7e-m+fp/hard/crti.o
 .ARM.attributes
                0x00000022       0x34 c:/users/arist/appdata/roaming/code/user/globalstorage/bmd.stm32-for-vscode/@xpack-dev-tools/arm-none-eabi-gcc/12.3.1-1.1.1/.content/bin/../lib/gcc/arm-none-eabi/12.3.1/thumb/v7e-m+fp/hard/crtbegin.o
 .ARM.attributes
                0x00000056       0x34 build/GEVA.o
 .ARM.attributes
                0x0000008a       0x34 build/main.o
 .ARM.attributes
                0x000000be       0x34 build/stm32_ssd1306_i2c.o
 .ARM.attributes
                0x000000f2       0x34 build/stm32f7xx_hal_msp.o
 .ARM.attributes
                0x00000126       0x34 build/stm32f7xx_it.o
 .ARM.attributes
                0x0000015a       0x34 build/system_stm32f7xx.o
 .ARM.attributes
                0x0000018e       0x34 build/stm32f7xx_hal.o
 .ARM.attributes
                0x000001c2       0x34 build/stm32f7xx_hal_cortex.o
 .ARM.attributes
                0x000001f6       0x34 build/stm32f7xx_hal_eth.o
 .ARM.attributes
                0x0000022a       0x34 build/stm32f7xx_hal_gpio.o
 .ARM.attributes
                0x0000025e       0x34 build/stm32f7xx_hal_i2c.o
 .ARM.attributes
                0x00000292       0x34 build/stm32f7xx_hal_i2c_ex.o
 .ARM.attributes
                0x000002c6       0x34 build/stm32f7xx_hal_pcd.o
 .ARM.attributes
                0x000002fa       0x34 build/stm32f7xx_hal_pcd_ex.o
 .ARM.attributes
                0x0000032e       0x34 build/stm32f7xx_hal_pwr.o
 .ARM.attributes
                0x00000362       0x34 build/stm32f7xx_hal_rcc.o
 .ARM.attributes
                0x00000396       0x34 build/stm32f7xx_hal_rcc_ex.o
 .ARM.attributes
                0x000003ca       0x34 build/stm32f7xx_hal_uart.o
 .ARM.attributes
                0x000003fe       0x34 build/stm32f7xx_ll_usb.o
 .ARM.attributes
                0x00000432       0x21 build/startup_stm32f746xx.o
 .ARM.attributes
                0x00000453       0x34 c:/users/arist/appdata/roaming/code/user/globalstorage/bmd.stm32-for-vscode/@xpack-dev-tools/arm-none-eabi-gcc/12.3.1-1.1.1/.content/bin/../lib/gcc/arm-none-eabi/12.3.1/../../../../arm-none-eabi/lib/thumb/v7e-m+fp/hard\libc_nano.a(libc_a-malloc.o)
 .ARM.attributes
                0x00000487       0x34 c:/users/arist/appdata/roaming/code/user/globalstorage/bmd.stm32-for-vscode/@xpack-dev-tools/arm-none-eabi-gcc/12.3.1-1.1.1/.content/bin/../lib/gcc/arm-none-eabi/12.3.1/../../../../arm-none-eabi/lib/thumb/v7e-m+fp/hard\libc_nano.a(libc_a-mallocr.o)
 .ARM.attributes
                0x000004bb       0x34 c:/users/arist/appdata/roaming/code/user/globalstorage/bmd.stm32-for-vscode/@xpack-dev-tools/arm-none-eabi-gcc/12.3.1-1.1.1/.content/bin/../lib/gcc/arm-none-eabi/12.3.1/../../../../arm-none-eabi/lib/thumb/v7e-m+fp/hard\libc_nano.a(libc_a-mlock.o)
 .ARM.attributes
                0x000004ef       0x34 c:/users/arist/appdata/roaming/code/user/globalstorage/bmd.stm32-for-vscode/@xpack-dev-tools/arm-none-eabi-gcc/12.3.1-1.1.1/.content/bin/../lib/gcc/arm-none-eabi/12.3.1/../../../../arm-none-eabi/lib/thumb/v7e-m+fp/hard\libc_nano.a(libc_a-findfp.o)
 .ARM.attributes
                0x00000523       0x34 c:/users/arist/appdata/roaming/code/user/globalstorage/bmd.stm32-for-vscode/@xpack-dev-tools/arm-none-eabi-gcc/12.3.1-1.1.1/.content/bin/../lib/gcc/arm-none-eabi/12.3.1/../../../../arm-none-eabi/lib/thumb/v7e-m+fp/hard\libc_nano.a(libc_a-memset.o)
 .ARM.attributes
                0x00000557       0x34 c:/users/arist/appdata/roaming/code/user/globalstorage/bmd.stm32-for-vscode/@xpack-dev-tools/arm-none-eabi-gcc/12.3.1-1.1.1/.content/bin/../lib/gcc/arm-none-eabi/12.3.1/../../../../arm-none-eabi/lib/thumb/v7e-m+fp/hard\libc_nano.a(libc_a-reent.o)
 .ARM.attributes
                0x0000058b       0x34 c:/users/arist/appdata/roaming/code/user/globalstorage/bmd.stm32-for-vscode/@xpack-dev-tools/arm-none-eabi-gcc/12.3.1-1.1.1/.content/bin/../lib/gcc/arm-none-eabi/12.3.1/../../../../arm-none-eabi/lib/thumb/v7e-m+fp/hard\libc_nano.a(libc_a-impure.o)
 .ARM.attributes
                0x000005bf       0x34 c:/users/arist/appdata/roaming/code/user/globalstorage/bmd.stm32-for-vscode/@xpack-dev-tools/arm-none-eabi-gcc/12.3.1-1.1.1/.content/bin/../lib/gcc/arm-none-eabi/12.3.1/../../../../arm-none-eabi/lib/thumb/v7e-m+fp/hard\libc_nano.a(libc_a-sbrkr.o)
 .ARM.attributes
                0x000005f3       0x34 c:/users/arist/appdata/roaming/code/user/globalstorage/bmd.stm32-for-vscode/@xpack-dev-tools/arm-none-eabi-gcc/12.3.1-1.1.1/.content/bin/../lib/gcc/arm-none-eabi/12.3.1/../../../../arm-none-eabi/lib/thumb/v7e-m+fp/hard\libc_nano.a(libc_a-init.o)
 .ARM.attributes
                0x00000627       0x34 c:/users/arist/appdata/roaming/code/user/globalstorage/bmd.stm32-for-vscode/@xpack-dev-tools/arm-none-eabi-gcc/12.3.1-1.1.1/.content/bin/../lib/gcc/arm-none-eabi/12.3.1/../../../../arm-none-eabi/lib/thumb/v7e-m+fp/hard\libc_nano.a(libc_a-lock.o)
 .ARM.attributes
                0x0000065b       0x34 c:/users/arist/appdata/roaming/code/user/globalstorage/bmd.stm32-for-vscode/@xpack-dev-tools/arm-none-eabi-gcc/12.3.1-1.1.1/.content/bin/../lib/gcc/arm-none-eabi/12.3.1/../../../../arm-none-eabi/lib/thumb/v7e-m+fp/hard\libc_nano.a(libc_a-freer.o)
 .ARM.attributes
                0x0000068f       0x34 c:/users/arist/appdata/roaming/code/user/globalstorage/bmd.stm32-for-vscode/@xpack-dev-tools/arm-none-eabi-gcc/12.3.1-1.1.1/.content/bin/../lib/gcc/arm-none-eabi/12.3.1/../../../../arm-none-eabi/lib/thumb/v7e-m+fp/hard\libnosys.a(sbrk.o)
 .ARM.attributes
                0x000006c3       0x22 c:/users/arist/appdata/roaming/code/user/globalstorage/bmd.stm32-for-vscode/@xpack-dev-tools/arm-none-eabi-gcc/12.3.1-1.1.1/.content/bin/../lib/gcc/arm-none-eabi/12.3.1/thumb/v7e-m+fp/hard\libgcc.a(_aeabi_uldivmod.o)
 .ARM.attributes
                0x000006e5       0x34 c:/users/arist/appdata/roaming/code/user/globalstorage/bmd.stm32-for-vscode/@xpack-dev-tools/arm-none-eabi-gcc/12.3.1-1.1.1/.content/bin/../lib/gcc/arm-none-eabi/12.3.1/thumb/v7e-m+fp/hard\libgcc.a(_udivmoddi4.o)
 .ARM.attributes
                0x00000719       0x22 c:/users/arist/appdata/roaming/code/user/globalstorage/bmd.stm32-for-vscode/@xpack-dev-tools/arm-none-eabi-gcc/12.3.1-1.1.1/.content/bin/../lib/gcc/arm-none-eabi/12.3.1/thumb/v7e-m+fp/hard\libgcc.a(_dvmd_tls.o)
 .ARM.attributes
                0x0000073b       0x22 c:/users/arist/appdata/roaming/code/user/globalstorage/bmd.stm32-for-vscode/@xpack-dev-tools/arm-none-eabi-gcc/12.3.1-1.1.1/.content/bin/../lib/gcc/arm-none-eabi/12.3.1/thumb/v7e-m+fp/hard/crtn.o
OUTPUT(build/test_i2c.elf elf32-littlearm)
LOAD linker stubs
LOAD c:/users/arist/appdata/roaming/code/user/globalstorage/bmd.stm32-for-vscode/@xpack-dev-tools/arm-none-eabi-gcc/12.3.1-1.1.1/.content/bin/../lib/gcc/arm-none-eabi/12.3.1/../../../../arm-none-eabi/lib/thumb/v7e-m+fp/hard\libc.a
LOAD c:/users/arist/appdata/roaming/code/user/globalstorage/bmd.stm32-for-vscode/@xpack-dev-tools/arm-none-eabi-gcc/12.3.1-1.1.1/.content/bin/../lib/gcc/arm-none-eabi/12.3.1/../../../../arm-none-eabi/lib/thumb/v7e-m+fp/hard\libm.a
LOAD c:/users/arist/appdata/roaming/code/user/globalstorage/bmd.stm32-for-vscode/@xpack-dev-tools/arm-none-eabi-gcc/12.3.1-1.1.1/.content/bin/../lib/gcc/arm-none-eabi/12.3.1/thumb/v7e-m+fp/hard\libgcc.a

.comment        0x00000000       0x39
 .comment       0x00000000       0x39 c:/users/arist/appdata/roaming/code/user/globalstorage/bmd.stm32-for-vscode/@xpack-dev-tools/arm-none-eabi-gcc/12.3.1-1.1.1/.content/bin/../lib/gcc/arm-none-eabi/12.3.1/thumb/v7e-m+fp/hard/crtbegin.o
                                 0x3a (size before relaxing)
 .comment       0x00000039       0x3a build/GEVA.o
 .comment       0x00000039       0x3a build/main.o
 .comment       0x00000039       0x3a build/stm32_ssd1306_i2c.o
 .comment       0x00000039       0x3a build/stm32f7xx_hal_msp.o
 .comment       0x00000039       0x3a build/stm32f7xx_it.o
 .comment       0x00000039       0x3a build/system_stm32f7xx.o
 .comment       0x00000039       0x3a build/stm32f7xx_hal.o
 .comment       0x00000039       0x3a build/stm32f7xx_hal_cortex.o
 .comment       0x00000039       0x3a build/stm32f7xx_hal_eth.o
 .comment       0x00000039       0x3a build/stm32f7xx_hal_gpio.o
 .comment       0x00000039       0x3a build/stm32f7xx_hal_i2c.o
 .comment       0x00000039       0x3a build/stm32f7xx_hal_i2c_ex.o
 .comment       0x00000039       0x3a build/stm32f7xx_hal_pcd.o
 .comment       0x00000039       0x3a build/stm32f7xx_hal_pcd_ex.o
 .comment       0x00000039       0x3a build/stm32f7xx_hal_pwr.o
 .comment       0x00000039       0x3a build/stm32f7xx_hal_rcc.o
 .comment       0x00000039       0x3a build/stm32f7xx_hal_rcc_ex.o
 .comment       0x00000039       0x3a build/stm32f7xx_hal_uart.o
 .comment       0x00000039       0x3a build/stm32f7xx_ll_usb.o
 .comment       0x00000039       0x3a c:/users/arist/appdata/roaming/code/user/globalstorage/bmd.stm32-for-vscode/@xpack-dev-tools/arm-none-eabi-gcc/12.3.1-1.1.1/.content/bin/../lib/gcc/arm-none-eabi/12.3.1/../../../../arm-none-eabi/lib/thumb/v7e-m+fp/hard\libc_nano.a(libc_a-malloc.o)
 .comment       0x00000039       0x3a c:/users/arist/appdata/roaming/code/user/globalstorage/bmd.stm32-for-vscode/@xpack-dev-tools/arm-none-eabi-gcc/12.3.1-1.1.1/.content/bin/../lib/gcc/arm-none-eabi/12.3.1/../../../../arm-none-eabi/lib/thumb/v7e-m+fp/hard\libc_nano.a(libc_a-mallocr.o)
 .comment       0x00000039       0x3a c:/users/arist/appdata/roaming/code/user/globalstorage/bmd.stm32-for-vscode/@xpack-dev-tools/arm-none-eabi-gcc/12.3.1-1.1.1/.content/bin/../lib/gcc/arm-none-eabi/12.3.1/../../../../arm-none-eabi/lib/thumb/v7e-m+fp/hard\libc_nano.a(libc_a-mlock.o)
 .comment       0x00000039       0x3a c:/users/arist/appdata/roaming/code/user/globalstorage/bmd.stm32-for-vscode/@xpack-dev-tools/arm-none-eabi-gcc/12.3.1-1.1.1/.content/bin/../lib/gcc/arm-none-eabi/12.3.1/../../../../arm-none-eabi/lib/thumb/v7e-m+fp/hard\libc_nano.a(libc_a-findfp.o)
 .comment       0x00000039       0x3a c:/users/arist/appdata/roaming/code/user/globalstorage/bmd.stm32-for-vscode/@xpack-dev-tools/arm-none-eabi-gcc/12.3.1-1.1.1/.content/bin/../lib/gcc/arm-none-eabi/12.3.1/../../../../arm-none-eabi/lib/thumb/v7e-m+fp/hard\libc_nano.a(libc_a-memset.o)
 .comment       0x00000039       0x3a c:/users/arist/appdata/roaming/code/user/globalstorage/bmd.stm32-for-vscode/@xpack-dev-tools/arm-none-eabi-gcc/12.3.1-1.1.1/.content/bin/../lib/gcc/arm-none-eabi/12.3.1/../../../../arm-none-eabi/lib/thumb/v7e-m+fp/hard\libc_nano.a(libc_a-reent.o)
 .comment       0x00000039       0x3a c:/users/arist/appdata/roaming/code/user/globalstorage/bmd.stm32-for-vscode/@xpack-dev-tools/arm-none-eabi-gcc/12.3.1-1.1.1/.content/bin/../lib/gcc/arm-none-eabi/12.3.1/../../../../arm-none-eabi/lib/thumb/v7e-m+fp/hard\libc_nano.a(libc_a-impure.o)
 .comment       0x00000039       0x3a c:/users/arist/appdata/roaming/code/user/globalstorage/bmd.stm32-for-vscode/@xpack-dev-tools/arm-none-eabi-gcc/12.3.1-1.1.1/.content/bin/../lib/gcc/arm-none-eabi/12.3.1/../../../../arm-none-eabi/lib/thumb/v7e-m+fp/hard\libc_nano.a(libc_a-sbrkr.o)
 .comment       0x00000039       0x3a c:/users/arist/appdata/roaming/code/user/globalstorage/bmd.stm32-for-vscode/@xpack-dev-tools/arm-none-eabi-gcc/12.3.1-1.1.1/.content/bin/../lib/gcc/arm-none-eabi/12.3.1/../../../../arm-none-eabi/lib/thumb/v7e-m+fp/hard\libc_nano.a(libc_a-init.o)
 .comment       0x00000039       0x3a c:/users/arist/appdata/roaming/code/user/globalstorage/bmd.stm32-for-vscode/@xpack-dev-tools/arm-none-eabi-gcc/12.3.1-1.1.1/.content/bin/../lib/gcc/arm-none-eabi/12.3.1/../../../../arm-none-eabi/lib/thumb/v7e-m+fp/hard\libc_nano.a(libc_a-lock.o)
 .comment       0x00000039       0x3a c:/users/arist/appdata/roaming/code/user/globalstorage/bmd.stm32-for-vscode/@xpack-dev-tools/arm-none-eabi-gcc/12.3.1-1.1.1/.content/bin/../lib/gcc/arm-none-eabi/12.3.1/../../../../arm-none-eabi/lib/thumb/v7e-m+fp/hard\libc_nano.a(libc_a-freer.o)
 .comment       0x00000039       0x3a c:/users/arist/appdata/roaming/code/user/globalstorage/bmd.stm32-for-vscode/@xpack-dev-tools/arm-none-eabi-gcc/12.3.1-1.1.1/.content/bin/../lib/gcc/arm-none-eabi/12.3.1/../../../../arm-none-eabi/lib/thumb/v7e-m+fp/hard\libnosys.a(sbrk.o)
 .comment       0x00000039       0x3a c:/users/arist/appdata/roaming/code/user/globalstorage/bmd.stm32-for-vscode/@xpack-dev-tools/arm-none-eabi-gcc/12.3.1-1.1.1/.content/bin/../lib/gcc/arm-none-eabi/12.3.1/thumb/v7e-m+fp/hard\libgcc.a(_udivmoddi4.o)

.debug_info     0x00000000    0x1beac
 .debug_info    0x00000000     0x1d43 build/GEVA.o
 .debug_info    0x00001d43     0x2541 build/main.o
 .debug_info    0x00004284      0x9a0 build/stm32_ssd1306_i2c.o
 .debug_info    0x00004c24     0x2187 build/stm32f7xx_hal_msp.o
 .debug_info    0x00006dab      0x11c build/stm32f7xx_it.o
 .debug_info    0x00006ec7      0x702 build/system_stm32f7xx.o
 .debug_info    0x000075c9      0xa76 build/stm32f7xx_hal.o
 .debug_info    0x0000803f     0x1180 build/stm32f7xx_hal_cortex.o
 .debug_info    0x000091bf     0x26a2 build/stm32f7xx_hal_eth.o
 .debug_info    0x0000b861      0x728 build/stm32f7xx_hal_gpio.o
 .debug_info    0x0000bf89     0x40a1 build/stm32f7xx_hal_i2c.o
 .debug_info    0x0001002a      0x940 build/stm32f7xx_hal_i2c_ex.o
 .debug_info    0x0001096a     0x1c4a build/stm32f7xx_hal_pcd.o
 .debug_info    0x000125b4      0x7ae build/stm32f7xx_hal_pcd_ex.o
 .debug_info    0x00012d62      0x92f build/stm32f7xx_hal_pwr.o
 .debug_info    0x00013691      0xb16 build/stm32f7xx_hal_rcc.o
 .debug_info    0x000141a7      0x7ee build/stm32f7xx_hal_rcc_ex.o
 .debug_info    0x00014995     0x4ec8 build/stm32f7xx_hal_uart.o
 .debug_info    0x0001985d     0x1ec2 build/stm32f7xx_ll_usb.o
 .debug_info    0x0001b71f       0x30 build/startup_stm32f746xx.o
 .debug_info    0x0001b74f       0x24 c:/users/arist/appdata/roaming/code/user/globalstorage/bmd.stm32-for-vscode/@xpack-dev-tools/arm-none-eabi-gcc/12.3.1-1.1.1/.content/bin/../lib/gcc/arm-none-eabi/12.3.1/thumb/v7e-m+fp/hard\libgcc.a(_aeabi_uldivmod.o)
 .debug_info    0x0001b773      0x6fd c:/users/arist/appdata/roaming/code/user/globalstorage/bmd.stm32-for-vscode/@xpack-dev-tools/arm-none-eabi-gcc/12.3.1-1.1.1/.content/bin/../lib/gcc/arm-none-eabi/12.3.1/thumb/v7e-m+fp/hard\libgcc.a(_udivmoddi4.o)
 .debug_info    0x0001be70       0x3c c:/users/arist/appdata/roaming/code/user/globalstorage/bmd.stm32-for-vscode/@xpack-dev-tools/arm-none-eabi-gcc/12.3.1-1.1.1/.content/bin/../lib/gcc/arm-none-eabi/12.3.1/thumb/v7e-m+fp/hard\libgcc.a(_dvmd_tls.o)

.debug_abbrev   0x00000000     0x2f47
 .debug_abbrev  0x00000000      0x30b build/GEVA.o
 .debug_abbrev  0x0000030b      0x342 build/main.o
 .debug_abbrev  0x0000064d      0x247 build/stm32_ssd1306_i2c.o
 .debug_abbrev  0x00000894      0x2aa build/stm32f7xx_hal_msp.o
 .debug_abbrev  0x00000b3e       0x7c build/stm32f7xx_it.o
 .debug_abbrev  0x00000bba      0x13f build/system_stm32f7xx.o
 .debug_abbrev  0x00000cf9      0x23f build/stm32f7xx_hal.o
 .debug_abbrev  0x00000f38      0x39d build/stm32f7xx_hal_cortex.o
 .debug_abbrev  0x000012d5      0x2ed build/stm32f7xx_hal_eth.o
 .debug_abbrev  0x000015c2      0x202 build/stm32f7xx_hal_gpio.o
 .debug_abbrev  0x000017c4      0x292 build/stm32f7xx_hal_i2c.o
 .debug_abbrev  0x00001a56      0x1c4 build/stm32f7xx_hal_i2c_ex.o
 .debug_abbrev  0x00001c1a      0x309 build/stm32f7xx_hal_pcd.o
 .debug_abbrev  0x00001f23      0x1e3 build/stm32f7xx_hal_pcd_ex.o
 .debug_abbrev  0x00002106      0x1cf build/stm32f7xx_hal_pwr.o
 .debug_abbrev  0x000022d5      0x28e build/stm32f7xx_hal_rcc.o
 .debug_abbrev  0x00002563      0x1e3 build/stm32f7xx_hal_rcc_ex.o
 .debug_abbrev  0x00002746      0x31a build/stm32f7xx_hal_uart.o
 .debug_abbrev  0x00002a60      0x31f build/stm32f7xx_ll_usb.o
 .debug_abbrev  0x00002d7f       0x24 build/startup_stm32f746xx.o
 .debug_abbrev  0x00002da3       0x14 c:/users/arist/appdata/roaming/code/user/globalstorage/bmd.stm32-for-vscode/@xpack-dev-tools/arm-none-eabi-gcc/12.3.1-1.1.1/.content/bin/../lib/gcc/arm-none-eabi/12.3.1/thumb/v7e-m+fp/hard\libgcc.a(_aeabi_uldivmod.o)
 .debug_abbrev  0x00002db7      0x16a c:/users/arist/appdata/roaming/code/user/globalstorage/bmd.stm32-for-vscode/@xpack-dev-tools/arm-none-eabi-gcc/12.3.1-1.1.1/.content/bin/../lib/gcc/arm-none-eabi/12.3.1/thumb/v7e-m+fp/hard\libgcc.a(_udivmoddi4.o)
 .debug_abbrev  0x00002f21       0x26 c:/users/arist/appdata/roaming/code/user/globalstorage/bmd.stm32-for-vscode/@xpack-dev-tools/arm-none-eabi-gcc/12.3.1-1.1.1/.content/bin/../lib/gcc/arm-none-eabi/12.3.1/thumb/v7e-m+fp/hard\libgcc.a(_dvmd_tls.o)

.debug_loclists
                0x00000000     0xc8fe
 .debug_loclists
                0x00000000     0x1986 build/GEVA.o
 .debug_loclists
                0x00001986      0x199 build/stm32_ssd1306_i2c.o
 .debug_loclists
                0x00001b1f      0x14b build/stm32f7xx_hal_msp.o
 .debug_loclists
                0x00001c6a       0xdb build/system_stm32f7xx.o
 .debug_loclists
                0x00001d45       0xc9 build/stm32f7xx_hal.o
 .debug_loclists
                0x00001e0e      0x439 build/stm32f7xx_hal_cortex.o
 .debug_loclists
                0x00002247      0xfa9 build/stm32f7xx_hal_eth.o
 .debug_loclists
                0x000031f0      0x356 build/stm32f7xx_hal_gpio.o
 .debug_loclists
                0x00003546     0x3190 build/stm32f7xx_hal_i2c.o
 .debug_loclists
                0x000066d6       0xbd build/stm32f7xx_hal_i2c_ex.o
 .debug_loclists
                0x00006793      0xc6b build/stm32f7xx_hal_pcd.o
 .debug_loclists
                0x000073fe       0xe4 build/stm32f7xx_hal_pcd_ex.o
 .debug_loclists
                0x000074e2       0x43 build/stm32f7xx_hal_pwr.o
 .debug_loclists
                0x00007525      0x442 build/stm32f7xx_hal_rcc.o
 .debug_loclists
                0x00007967      0x55e build/stm32f7xx_hal_rcc_ex.o
 .debug_loclists
                0x00007ec5     0x2a33 build/stm32f7xx_hal_uart.o
 .debug_loclists
                0x0000a8f8     0x1682 build/stm32f7xx_ll_usb.o
 .debug_loclists
                0x0000bf7a      0x984 c:/users/arist/appdata/roaming/code/user/globalstorage/bmd.stm32-for-vscode/@xpack-dev-tools/arm-none-eabi-gcc/12.3.1-1.1.1/.content/bin/../lib/gcc/arm-none-eabi/12.3.1/thumb/v7e-m+fp/hard\libgcc.a(_udivmoddi4.o)

.debug_aranges  0x00000000     0x10b8
 .debug_aranges
                0x00000000      0x100 build/GEVA.o
 .debug_aranges
                0x00000100       0x58 build/main.o
 .debug_aranges
                0x00000158       0x30 build/stm32_ssd1306_i2c.o
 .debug_aranges
                0x00000188       0x60 build/stm32f7xx_hal_msp.o
 .debug_aranges
                0x000001e8       0x60 build/stm32f7xx_it.o
 .debug_aranges
                0x00000248       0x28 build/system_stm32f7xx.o
 .debug_aranges
                0x00000270      0x100 build/stm32f7xx_hal.o
 .debug_aranges
                0x00000370       0xd8 build/stm32f7xx_hal_cortex.o
 .debug_aranges
                0x00000448      0x1e0 build/stm32f7xx_hal_eth.o
 .debug_aranges
                0x00000628       0x58 build/stm32f7xx_hal_gpio.o
 .debug_aranges
                0x00000680      0x2a0 build/stm32f7xx_hal_i2c.o
 .debug_aranges
                0x00000920       0x38 build/stm32f7xx_hal_i2c_ex.o
 .debug_aranges
                0x00000958      0x148 build/stm32f7xx_hal_pcd.o
 .debug_aranges
                0x00000aa0       0x48 build/stm32f7xx_hal_pcd_ex.o
 .debug_aranges
                0x00000ae8       0xa0 build/stm32f7xx_hal_pwr.o
 .debug_aranges
                0x00000b88       0x88 build/stm32f7xx_hal_rcc.o
 .debug_aranges
                0x00000c10       0x50 build/stm32f7xx_hal_rcc_ex.o
 .debug_aranges
                0x00000c60      0x228 build/stm32f7xx_hal_uart.o
 .debug_aranges
                0x00000e88      0x1a8 build/stm32f7xx_ll_usb.o
 .debug_aranges
                0x00001030       0x28 build/startup_stm32f746xx.o
 .debug_aranges
                0x00001058       0x20 c:/users/arist/appdata/roaming/code/user/globalstorage/bmd.stm32-for-vscode/@xpack-dev-tools/arm-none-eabi-gcc/12.3.1-1.1.1/.content/bin/../lib/gcc/arm-none-eabi/12.3.1/thumb/v7e-m+fp/hard\libgcc.a(_aeabi_uldivmod.o)
 .debug_aranges
                0x00001078       0x20 c:/users/arist/appdata/roaming/code/user/globalstorage/bmd.stm32-for-vscode/@xpack-dev-tools/arm-none-eabi-gcc/12.3.1-1.1.1/.content/bin/../lib/gcc/arm-none-eabi/12.3.1/thumb/v7e-m+fp/hard\libgcc.a(_udivmoddi4.o)
 .debug_aranges
                0x00001098       0x20 c:/users/arist/appdata/roaming/code/user/globalstorage/bmd.stm32-for-vscode/@xpack-dev-tools/arm-none-eabi-gcc/12.3.1-1.1.1/.content/bin/../lib/gcc/arm-none-eabi/12.3.1/thumb/v7e-m+fp/hard\libgcc.a(_dvmd_tls.o)

.debug_rnglists
                0x00000000      0xe07
 .debug_rnglists
                0x00000000      0x199 build/GEVA.o
 .debug_rnglists
                0x00000199       0x40 build/main.o
 .debug_rnglists
                0x000001d9       0x50 build/stm32_ssd1306_i2c.o
 .debug_rnglists
                0x00000229       0x47 build/stm32f7xx_hal_msp.o
 .debug_rnglists
                0x00000270       0x43 build/stm32f7xx_it.o
 .debug_rnglists
                0x000002b3       0x1a build/system_stm32f7xx.o
 .debug_rnglists
                0x000002cd       0xbb build/stm32f7xx_hal.o
 .debug_rnglists
                0x00000388       0x9d build/stm32f7xx_hal_cortex.o
 .debug_rnglists
                0x00000425      0x171 build/stm32f7xx_hal_eth.o
 .debug_rnglists
                0x00000596       0x3f build/stm32f7xx_hal_gpio.o
 .debug_rnglists
                0x000005d5      0x21b build/stm32f7xx_hal_i2c.o
 .debug_rnglists
                0x000007f0       0x25 build/stm32f7xx_hal_i2c_ex.o
 .debug_rnglists
                0x00000815       0xf7 build/stm32f7xx_hal_pcd.o
 .debug_rnglists
                0x0000090c       0x31 build/stm32f7xx_hal_pcd_ex.o
 .debug_rnglists
                0x0000093d       0x74 build/stm32f7xx_hal_pwr.o
 .debug_rnglists
                0x000009b1       0x67 build/stm32f7xx_hal_rcc.o
 .debug_rnglists
                0x00000a18       0x3a build/stm32f7xx_hal_rcc_ex.o
 .debug_rnglists
                0x00000a52      0x1ba build/stm32f7xx_hal_uart.o
 .debug_rnglists
                0x00000c0c      0x147 build/stm32f7xx_ll_usb.o
 .debug_rnglists
                0x00000d53       0x19 build/startup_stm32f746xx.o
 .debug_rnglists
                0x00000d6c       0x9b c:/users/arist/appdata/roaming/code/user/globalstorage/bmd.stm32-for-vscode/@xpack-dev-tools/arm-none-eabi-gcc/12.3.1-1.1.1/.content/bin/../lib/gcc/arm-none-eabi/12.3.1/thumb/v7e-m+fp/hard\libgcc.a(_udivmoddi4.o)

.debug_line     0x00000000    0x16887
 .debug_line    0x00000000     0x1a6f build/GEVA.o
 .debug_line    0x00001a6f      0x8d9 build/main.o
 .debug_line    0x00002348      0x402 build/stm32_ssd1306_i2c.o
 .debug_line    0x0000274a      0x6ab build/stm32f7xx_hal_msp.o
 .debug_line    0x00002df5      0x177 build/stm32f7xx_it.o
 .debug_line    0x00002f6c      0x2f5 build/system_stm32f7xx.o
 .debug_line    0x00003261      0x643 build/stm32f7xx_hal.o
 .debug_line    0x000038a4      0x8ba build/stm32f7xx_hal_cortex.o
 .debug_line    0x0000415e     0x1db0 build/stm32f7xx_hal_eth.o
 .debug_line    0x00005f0e      0x77b build/stm32f7xx_hal_gpio.o
 .debug_line    0x00006689     0x4f27 build/stm32f7xx_hal_i2c.o
 .debug_line    0x0000b5b0      0x449 build/stm32f7xx_hal_i2c_ex.o
 .debug_line    0x0000b9f9     0x1608 build/stm32f7xx_hal_pcd.o
 .debug_line    0x0000d001      0x3e2 build/stm32f7xx_hal_pcd_ex.o
 .debug_line    0x0000d3e3      0x508 build/stm32f7xx_hal_pwr.o
 .debug_line    0x0000d8eb      0xd2f build/stm32f7xx_hal_rcc.o
 .debug_line    0x0000e61a      0xc34 build/stm32f7xx_hal_rcc_ex.o
 .debug_line    0x0000f24e     0x5002 build/stm32f7xx_hal_uart.o
 .debug_line    0x00014250     0x1f78 build/stm32f7xx_ll_usb.o
 .debug_line    0x000161c8       0x76 build/startup_stm32f746xx.o
 .debug_line    0x0001623e       0x4e c:/users/arist/appdata/roaming/code/user/globalstorage/bmd.stm32-for-vscode/@xpack-dev-tools/arm-none-eabi-gcc/12.3.1-1.1.1/.content/bin/../lib/gcc/arm-none-eabi/12.3.1/thumb/v7e-m+fp/hard\libgcc.a(_aeabi_uldivmod.o)
 .debug_line    0x0001628c      0x5b1 c:/users/arist/appdata/roaming/code/user/globalstorage/bmd.stm32-for-vscode/@xpack-dev-tools/arm-none-eabi-gcc/12.3.1-1.1.1/.content/bin/../lib/gcc/arm-none-eabi/12.3.1/thumb/v7e-m+fp/hard\libgcc.a(_udivmoddi4.o)
 .debug_line    0x0001683d       0x4a c:/users/arist/appdata/roaming/code/user/globalstorage/bmd.stm32-for-vscode/@xpack-dev-tools/arm-none-eabi-gcc/12.3.1-1.1.1/.content/bin/../lib/gcc/arm-none-eabi/12.3.1/thumb/v7e-m+fp/hard\libgcc.a(_dvmd_tls.o)

.debug_str      0x00000000     0x65a2
 .debug_str     0x00000000      0x5a0 build/GEVA.o
                                0x65a (size before relaxing)
 .debug_str     0x000005a0     0x14a0 build/main.o
                               0x184f (size before relaxing)
 .debug_str     0x00001a40       0x78 build/stm32_ssd1306_i2c.o
                                0x846 (size before relaxing)
 .debug_str     0x00001ab8      0x357 build/stm32f7xx_hal_msp.o
                               0x16b0 (size before relaxing)
 .debug_str     0x00001e0f       0xb4 build/stm32f7xx_it.o
                                0x20f (size before relaxing)
 .debug_str     0x00001ec3      0x18d build/system_stm32f7xx.o
                                0x43b (size before relaxing)
 .debug_str     0x00002050      0x941 build/stm32f7xx_hal.o
                                0xc44 (size before relaxing)
 .debug_str     0x00002991      0x440 build/stm32f7xx_hal_cortex.o
                                0xd8f (size before relaxing)
 .debug_str     0x00002dd1      0xc20 build/stm32f7xx_hal_eth.o
                               0x1664 (size before relaxing)
 .debug_str     0x000039f1       0xb8 build/stm32f7xx_hal_gpio.o
                                0x4dd (size before relaxing)
 .debug_str     0x00003aa9      0x8ca build/stm32f7xx_hal_i2c.o
                               0x1050 (size before relaxing)
 .debug_str     0x00004373       0x86 build/stm32f7xx_hal_i2c_ex.o
                                0x8f7 (size before relaxing)
 .debug_str     0x000043f9      0x809 build/stm32f7xx_hal_pcd.o
                                0xe0a (size before relaxing)
 .debug_str     0x00004c02      0x152 build/stm32f7xx_hal_pcd_ex.o
                                0x759 (size before relaxing)
 .debug_str     0x00004d54      0x1fc build/stm32f7xx_hal_pwr.o
                                0x61d (size before relaxing)
 .debug_str     0x00004f50      0x1a5 build/stm32f7xx_hal_rcc.o
                                0x6fe (size before relaxing)
 .debug_str     0x000050f5      0x144 build/stm32f7xx_hal_rcc_ex.o
                                0x6d5 (size before relaxing)
 .debug_str     0x00005239      0x76f build/stm32f7xx_hal_uart.o
                                0xff2 (size before relaxing)
 .debug_str     0x000059a8      0x458 build/stm32f7xx_ll_usb.o
                                0xcde (size before relaxing)
 .debug_str     0x00005e00       0x32 build/startup_stm32f746xx.o
                                 0x5c (size before relaxing)
 .debug_str     0x00005e32      0x112 c:/users/arist/appdata/roaming/code/user/globalstorage/bmd.stm32-for-vscode/@xpack-dev-tools/arm-none-eabi-gcc/12.3.1-1.1.1/.content/bin/../lib/gcc/arm-none-eabi/12.3.1/thumb/v7e-m+fp/hard\libgcc.a(_aeabi_uldivmod.o)
                                0x120 (size before relaxing)
 .debug_str     0x00005f44      0x5d3 c:/users/arist/appdata/roaming/code/user/globalstorage/bmd.stm32-for-vscode/@xpack-dev-tools/arm-none-eabi-gcc/12.3.1-1.1.1/.content/bin/../lib/gcc/arm-none-eabi/12.3.1/thumb/v7e-m+fp/hard\libgcc.a(_udivmoddi4.o)
                                0x72a (size before relaxing)
 .debug_str     0x00006517       0x8b c:/users/arist/appdata/roaming/code/user/globalstorage/bmd.stm32-for-vscode/@xpack-dev-tools/arm-none-eabi-gcc/12.3.1-1.1.1/.content/bin/../lib/gcc/arm-none-eabi/12.3.1/thumb/v7e-m+fp/hard\libgcc.a(_dvmd_tls.o)
                                0x140 (size before relaxing)

.debug_frame    0x00000000     0x2d74
 .debug_frame   0x00000000      0x3dc build/GEVA.o
 .debug_frame   0x000003dc       0xdc build/main.o
 .debug_frame   0x000004b8       0x7c build/stm32_ssd1306_i2c.o
 .debug_frame   0x00000534      0x120 build/stm32f7xx_hal_msp.o
 .debug_frame   0x00000654       0xa8 build/stm32f7xx_it.o
 .debug_frame   0x000006fc       0x30 build/system_stm32f7xx.o
 .debug_frame   0x0000072c      0x20c build/stm32f7xx_hal.o
 .debug_frame   0x00000938      0x1cc build/stm32f7xx_hal_cortex.o
 .debug_frame   0x00000b04      0x54c build/stm32f7xx_hal_eth.o
 .debug_frame   0x00001050       0xd8 build/stm32f7xx_hal_gpio.o
 .debug_frame   0x00001128      0x97c build/stm32f7xx_hal_i2c.o
 .debug_frame   0x00001aa4       0x60 build/stm32f7xx_hal_i2c_ex.o
 .debug_frame   0x00001b04      0x388 build/stm32f7xx_hal_pcd.o
 .debug_frame   0x00001e8c       0x7c build/stm32f7xx_hal_pcd_ex.o
 .debug_frame   0x00001f08      0x128 build/stm32f7xx_hal_pwr.o
 .debug_frame   0x00002030      0x178 build/stm32f7xx_hal_rcc.o
 .debug_frame   0x000021a8       0xc0 build/stm32f7xx_hal_rcc_ex.o
 .debug_frame   0x00002268      0x5fc build/stm32f7xx_hal_uart.o
 .debug_frame   0x00002864      0x4b0 build/stm32f7xx_ll_usb.o
 .debug_frame   0x00002d14       0x2c c:/users/arist/appdata/roaming/code/user/globalstorage/bmd.stm32-for-vscode/@xpack-dev-tools/arm-none-eabi-gcc/12.3.1-1.1.1/.content/bin/../lib/gcc/arm-none-eabi/12.3.1/thumb/v7e-m+fp/hard\libgcc.a(_aeabi_uldivmod.o)
 .debug_frame   0x00002d40       0x34 c:/users/arist/appdata/roaming/code/user/globalstorage/bmd.stm32-for-vscode/@xpack-dev-tools/arm-none-eabi-gcc/12.3.1-1.1.1/.content/bin/../lib/gcc/arm-none-eabi/12.3.1/thumb/v7e-m+fp/hard\libgcc.a(_udivmoddi4.o)

.debug_line_str
                0x00000000      0x15e
 .debug_line_str
                0x00000000       0x40 build/startup_stm32f746xx.o
 .debug_line_str
                0x00000040      0x112 c:/users/arist/appdata/roaming/code/user/globalstorage/bmd.stm32-for-vscode/@xpack-dev-tools/arm-none-eabi-gcc/12.3.1-1.1.1/.content/bin/../lib/gcc/arm-none-eabi/12.3.1/thumb/v7e-m+fp/hard\libgcc.a(_aeabi_uldivmod.o)
 .debug_line_str
                0x00000152        0xc c:/users/arist/appdata/roaming/code/user/globalstorage/bmd.stm32-for-vscode/@xpack-dev-tools/arm-none-eabi-gcc/12.3.1-1.1.1/.content/bin/../lib/gcc/arm-none-eabi/12.3.1/thumb/v7e-m+fp/hard\libgcc.a(_dvmd_tls.o)
                                0x116 (size before relaxing)

Cross Reference Table

Symbol                                            File
ADC_IRQHandler                                    build/startup_stm32f746xx.o
AHBPrescTable                                     build/system_stm32f7xx.o
                                                  build/stm32f7xx_hal_rcc.o
APBPrescTable                                     build/system_stm32f7xx.o
                                                  build/stm32f7xx_hal_rcc.o
BusFault_Handler                                  build/stm32f7xx_it.o
CAN1_RX0_IRQHandler                               build/startup_stm32f746xx.o
CAN1_RX1_IRQHandler                               build/startup_stm32f746xx.o
CAN1_SCE_IRQHandler                               build/startup_stm32f746xx.o
CAN1_TX_IRQHandler                                build/startup_stm32f746xx.o
CAN2_RX0_IRQHandler                               build/startup_stm32f746xx.o
CAN2_RX1_IRQHandler                               build/startup_stm32f746xx.o
CAN2_SCE_IRQHandler                               build/startup_stm32f746xx.o
CAN2_TX_IRQHandler                                build/startup_stm32f746xx.o
CEC_IRQHandler                                    build/startup_stm32f746xx.o
DCMI_IRQHandler                                   build/startup_stm32f746xx.o
DMA1_Stream0_IRQHandler                           build/startup_stm32f746xx.o
DMA1_Stream1_IRQHandler                           build/startup_stm32f746xx.o
DMA1_Stream2_IRQHandler                           build/startup_stm32f746xx.o
DMA1_Stream3_IRQHandler                           build/startup_stm32f746xx.o
DMA1_Stream4_IRQHandler                           build/startup_stm32f746xx.o
DMA1_Stream5_IRQHandler                           build/startup_stm32f746xx.o
DMA1_Stream6_IRQHandler                           build/startup_stm32f746xx.o
DMA1_Stream7_IRQHandler                           build/startup_stm32f746xx.o
DMA2D_IRQHandler                                  build/startup_stm32f746xx.o
DMA2_Stream0_IRQHandler                           build/startup_stm32f746xx.o
DMA2_Stream1_IRQHandler                           build/startup_stm32f746xx.o
DMA2_Stream2_IRQHandler                           build/startup_stm32f746xx.o
DMA2_Stream3_IRQHandler                           build/startup_stm32f746xx.o
DMA2_Stream4_IRQHandler                           build/startup_stm32f746xx.o
DMA2_Stream5_IRQHandler                           build/startup_stm32f746xx.o
DMA2_Stream6_IRQHandler                           build/startup_stm32f746xx.o
DMA2_Stream7_IRQHandler                           build/startup_stm32f746xx.o
DMARxDscrTab                                      build/main.o
DMATxDscrTab                                      build/main.o
DebugMon_Handler                                  build/stm32f7xx_it.o
Default_Handler                                   build/startup_stm32f746xx.o
ETH_IRQHandler                                    build/startup_stm32f746xx.o
ETH_WKUP_IRQHandler                               build/startup_stm32f746xx.o
EXTI0_IRQHandler                                  build/startup_stm32f746xx.o
EXTI15_10_IRQHandler                              build/startup_stm32f746xx.o
EXTI1_IRQHandler                                  build/startup_stm32f746xx.o
EXTI2_IRQHandler                                  build/startup_stm32f746xx.o
EXTI3_IRQHandler                                  build/startup_stm32f746xx.o
EXTI4_IRQHandler                                  build/startup_stm32f746xx.o
EXTI9_5_IRQHandler                                build/startup_stm32f746xx.o
Error_Handler                                     build/main.o
                                                  build/stm32f7xx_hal_msp.o
FLASH_Erase_Sector                                build/stm32f7xx_hal_flash_ex.o
                                                  build/stm32f7xx_hal_flash.o
FLASH_IRQHandler                                  build/startup_stm32f746xx.o
FLASH_WaitForLastOperation                        build/stm32f7xx_hal_flash.o
                                                  build/stm32f7xx_hal_flash_ex.o
FMC_IRQHandler                                    build/startup_stm32f746xx.o
FONTS_GetStringSize                               build/fonts.o
FPU_IRQHandler                                    build/startup_stm32f746xx.o
Font11x18                                         build/fonts.o
Font16x26                                         build/fonts.o
Font7x10                                          build/fonts.o
Font_11x18                                        build/fonts.o
Font_16x26                                        build/fonts.o
Font_7x10                                         build/fonts.o
HAL_DBGMCU_DisableDBGSleepMode                    build/stm32f7xx_hal.o
HAL_DBGMCU_DisableDBGStandbyMode                  build/stm32f7xx_hal.o
HAL_DBGMCU_DisableDBGStopMode                     build/stm32f7xx_hal.o
HAL_DBGMCU_EnableDBGSleepMode                     build/stm32f7xx_hal.o
HAL_DBGMCU_EnableDBGStandbyMode                   build/stm32f7xx_hal.o
HAL_DBGMCU_EnableDBGStopMode                      build/stm32f7xx_hal.o
HAL_DMAEx_ChangeMemory                            build/stm32f7xx_hal_dma_ex.o
HAL_DMAEx_MultiBufferStart                        build/stm32f7xx_hal_dma_ex.o
HAL_DMAEx_MultiBufferStart_IT                     build/stm32f7xx_hal_dma_ex.o
HAL_DMA_Abort                                     build/stm32f7xx_hal_dma.o
                                                  build/stm32f7xx_hal_uart.o
HAL_DMA_Abort_IT                                  build/stm32f7xx_hal_dma.o
                                                  build/stm32f7xx_hal_uart.o
                                                  build/stm32f7xx_hal_i2c.o
HAL_DMA_DeInit                                    build/stm32f7xx_hal_dma.o
HAL_DMA_GetError                                  build/stm32f7xx_hal_dma.o
                                                  build/stm32f7xx_hal_uart.o
                                                  build/stm32f7xx_hal_i2c.o
HAL_DMA_GetState                                  build/stm32f7xx_hal_dma.o
                                                  build/stm32f7xx_hal_i2c.o
HAL_DMA_IRQHandler                                build/stm32f7xx_hal_dma.o
HAL_DMA_Init                                      build/stm32f7xx_hal_dma.o
HAL_DMA_PollForTransfer                           build/stm32f7xx_hal_dma.o
HAL_DMA_RegisterCallback                          build/stm32f7xx_hal_dma.o
HAL_DMA_Start                                     build/stm32f7xx_hal_dma.o
HAL_DMA_Start_IT                                  build/stm32f7xx_hal_dma.o
                                                  build/stm32f7xx_hal_uart.o
                                                  build/stm32f7xx_hal_i2c.o
HAL_DMA_UnRegisterCallback                        build/stm32f7xx_hal_dma.o
HAL_DeInit                                        build/stm32f7xx_hal.o
HAL_Delay                                         build/stm32f7xx_hal.o
                                                  build/stm32f7xx_ll_usb.o
                                                  build/stm32f7xx_hal_eth.o
HAL_DisableCompensationCell                       build/stm32f7xx_hal.o
HAL_DisableFMCMemorySwapping                      build/stm32f7xx_hal.o
HAL_ETH_DeInit                                    build/stm32f7xx_hal_eth.o
HAL_ETH_EnterPowerDownMode                        build/stm32f7xx_hal_eth.o
HAL_ETH_ErrorCallback                             build/stm32f7xx_hal_eth.o
HAL_ETH_ExitPowerDownMode                         build/stm32f7xx_hal_eth.o
HAL_ETH_GetDMAConfig                              build/stm32f7xx_hal_eth.o
HAL_ETH_GetDMAError                               build/stm32f7xx_hal_eth.o
HAL_ETH_GetError                                  build/stm32f7xx_hal_eth.o
HAL_ETH_GetMACConfig                              build/stm32f7xx_hal_eth.o
HAL_ETH_GetMACError                               build/stm32f7xx_hal_eth.o
HAL_ETH_GetMACFilterConfig                        build/stm32f7xx_hal_eth.o
HAL_ETH_GetMACWakeUpSource                        build/stm32f7xx_hal_eth.o
HAL_ETH_GetRxDataErrorCode                        build/stm32f7xx_hal_eth.o
HAL_ETH_GetState                                  build/stm32f7xx_hal_eth.o
HAL_ETH_IRQHandler                                build/stm32f7xx_hal_eth.o
HAL_ETH_Init                                      build/stm32f7xx_hal_eth.o
                                                  build/main.o
HAL_ETH_MspDeInit                                 build/stm32f7xx_hal_msp.o
HAL_ETH_MspInit                                   build/stm32f7xx_hal_msp.o
HAL_ETH_PMTCallback                               build/stm32f7xx_hal_eth.o
HAL_ETH_ReadData                                  build/stm32f7xx_hal_eth.o
HAL_ETH_ReadPHYRegister                           build/stm32f7xx_hal_eth.o
HAL_ETH_RegisterRxAllocateCallback                build/stm32f7xx_hal_eth.o
HAL_ETH_RegisterRxLinkCallback                    build/stm32f7xx_hal_eth.o
HAL_ETH_RegisterTxFreeCallback                    build/stm32f7xx_hal_eth.o
HAL_ETH_ReleaseTxPacket                           build/stm32f7xx_hal_eth.o
HAL_ETH_RxAllocateCallback                        build/stm32f7xx_hal_eth.o
HAL_ETH_RxCpltCallback                            build/stm32f7xx_hal_eth.o
HAL_ETH_RxLinkCallback                            build/stm32f7xx_hal_eth.o
HAL_ETH_SetDMAConfig                              build/stm32f7xx_hal_eth.o
HAL_ETH_SetHashTable                              build/stm32f7xx_hal_eth.o
HAL_ETH_SetMACConfig                              build/stm32f7xx_hal_eth.o
HAL_ETH_SetMACFilterConfig                        build/stm32f7xx_hal_eth.o
HAL_ETH_SetMDIOClockRange                         build/stm32f7xx_hal_eth.o
HAL_ETH_SetRxVLANIdentifier                       build/stm32f7xx_hal_eth.o
HAL_ETH_SetSourceMACAddrMatch                     build/stm32f7xx_hal_eth.o
HAL_ETH_SetWakeUpFilter                           build/stm32f7xx_hal_eth.o
HAL_ETH_Start                                     build/stm32f7xx_hal_eth.o
HAL_ETH_Start_IT                                  build/stm32f7xx_hal_eth.o
HAL_ETH_Stop                                      build/stm32f7xx_hal_eth.o
HAL_ETH_Stop_IT                                   build/stm32f7xx_hal_eth.o
HAL_ETH_Transmit                                  build/stm32f7xx_hal_eth.o
HAL_ETH_Transmit_IT                               build/stm32f7xx_hal_eth.o
HAL_ETH_TxCpltCallback                            build/stm32f7xx_hal_eth.o
HAL_ETH_TxFreeCallback                            build/stm32f7xx_hal_eth.o
HAL_ETH_UnRegisterRxAllocateCallback              build/stm32f7xx_hal_eth.o
HAL_ETH_UnRegisterRxLinkCallback                  build/stm32f7xx_hal_eth.o
HAL_ETH_UnRegisterTxFreeCallback                  build/stm32f7xx_hal_eth.o
HAL_ETH_WakeUpCallback                            build/stm32f7xx_hal_eth.o
HAL_ETH_WritePHYRegister                          build/stm32f7xx_hal_eth.o
HAL_EXTI_ClearConfigLine                          build/stm32f7xx_hal_exti.o
HAL_EXTI_ClearPending                             build/stm32f7xx_hal_exti.o
HAL_EXTI_GenerateSWI                              build/stm32f7xx_hal_exti.o
HAL_EXTI_GetConfigLine                            build/stm32f7xx_hal_exti.o
HAL_EXTI_GetHandle                                build/stm32f7xx_hal_exti.o
HAL_EXTI_GetPending                               build/stm32f7xx_hal_exti.o
HAL_EXTI_IRQHandler                               build/stm32f7xx_hal_exti.o
HAL_EXTI_RegisterCallback                         build/stm32f7xx_hal_exti.o
HAL_EXTI_SetConfigLine                            build/stm32f7xx_hal_exti.o
HAL_EnableCompensationCell                        build/stm32f7xx_hal.o
HAL_EnableFMCMemorySwapping                       build/stm32f7xx_hal.o
HAL_FLASHEx_Erase                                 build/stm32f7xx_hal_flash_ex.o
HAL_FLASHEx_Erase_IT                              build/stm32f7xx_hal_flash_ex.o
HAL_FLASHEx_OBGetConfig                           build/stm32f7xx_hal_flash_ex.o
HAL_FLASHEx_OBProgram                             build/stm32f7xx_hal_flash_ex.o
HAL_FLASH_EndOfOperationCallback                  build/stm32f7xx_hal_flash.o
HAL_FLASH_GetError                                build/stm32f7xx_hal_flash.o
HAL_FLASH_IRQHandler                              build/stm32f7xx_hal_flash.o
HAL_FLASH_Lock                                    build/stm32f7xx_hal_flash.o
HAL_FLASH_OB_Launch                               build/stm32f7xx_hal_flash.o
HAL_FLASH_OB_Lock                                 build/stm32f7xx_hal_flash.o
HAL_FLASH_OB_Unlock                               build/stm32f7xx_hal_flash.o
HAL_FLASH_OperationErrorCallback                  build/stm32f7xx_hal_flash.o
HAL_FLASH_Program                                 build/stm32f7xx_hal_flash.o
HAL_FLASH_Program_IT                              build/stm32f7xx_hal_flash.o
HAL_FLASH_Unlock                                  build/stm32f7xx_hal_flash.o
HAL_GPIO_DeInit                                   build/stm32f7xx_hal_gpio.o
                                                  build/stm32f7xx_hal_msp.o
HAL_GPIO_EXTI_Callback                            build/stm32f7xx_hal_gpio.o
HAL_GPIO_EXTI_IRQHandler                          build/stm32f7xx_hal_gpio.o
HAL_GPIO_Init                                     build/stm32f7xx_hal_gpio.o
                                                  build/stm32f7xx_hal_rcc.o
                                                  build/stm32f7xx_hal_msp.o
                                                  build/main.o
HAL_GPIO_LockPin                                  build/stm32f7xx_hal_gpio.o
HAL_GPIO_ReadPin                                  build/stm32f7xx_hal_gpio.o
                                                  build/main.o
HAL_GPIO_TogglePin                                build/stm32f7xx_hal_gpio.o
HAL_GPIO_WritePin                                 build/stm32f7xx_hal_gpio.o
                                                  build/main.o
HAL_GetDEVID                                      build/stm32f7xx_hal.o
HAL_GetHalVersion                                 build/stm32f7xx_hal.o
HAL_GetREVID                                      build/stm32f7xx_hal.o
HAL_GetTick                                       build/stm32f7xx_hal.o
                                                  build/stm32f7xx_hal_uart_ex.o
                                                  build/stm32f7xx_hal_uart.o
                                                  build/stm32f7xx_hal_rcc_ex.o
                                                  build/stm32f7xx_hal_rcc.o
                                                  build/stm32f7xx_hal_pwr_ex.o
                                                  build/stm32f7xx_hal_i2c.o
                                                  build/stm32f7xx_hal_flash.o
                                                  build/stm32f7xx_hal_eth.o
                                                  build/stm32f7xx_hal_dma.o
HAL_GetTickFreq                                   build/stm32f7xx_hal.o
HAL_GetTickPrio                                   build/stm32f7xx_hal.o
HAL_GetUIDw0                                      build/stm32f7xx_hal.o
HAL_GetUIDw1                                      build/stm32f7xx_hal.o
HAL_GetUIDw2                                      build/stm32f7xx_hal.o
HAL_HalfDuplex_EnableReceiver                     build/stm32f7xx_hal_uart.o
HAL_HalfDuplex_EnableTransmitter                  build/stm32f7xx_hal_uart.o
HAL_HalfDuplex_Init                               build/stm32f7xx_hal_uart.o
HAL_I2CEx_ConfigAnalogFilter                      build/stm32f7xx_hal_i2c_ex.o
                                                  build/main.o
HAL_I2CEx_ConfigDigitalFilter                     build/stm32f7xx_hal_i2c_ex.o
                                                  build/main.o
HAL_I2CEx_DisableFastModePlus                     build/stm32f7xx_hal_i2c_ex.o
HAL_I2CEx_EnableFastModePlus                      build/stm32f7xx_hal_i2c_ex.o
HAL_I2C_AbortCpltCallback                         build/stm32f7xx_hal_i2c.o
HAL_I2C_AddrCallback                              build/stm32f7xx_hal_i2c.o
HAL_I2C_DeInit                                    build/stm32f7xx_hal_i2c.o
HAL_I2C_DisableListen_IT                          build/stm32f7xx_hal_i2c.o
HAL_I2C_ER_IRQHandler                             build/stm32f7xx_hal_i2c.o
HAL_I2C_EV_IRQHandler                             build/stm32f7xx_hal_i2c.o
HAL_I2C_EnableListen_IT                           build/stm32f7xx_hal_i2c.o
HAL_I2C_ErrorCallback                             build/stm32f7xx_hal_i2c.o
HAL_I2C_GetError                                  build/stm32f7xx_hal_i2c.o
HAL_I2C_GetMode                                   build/stm32f7xx_hal_i2c.o
HAL_I2C_GetState                                  build/stm32f7xx_hal_i2c.o
HAL_I2C_Init                                      build/stm32f7xx_hal_i2c.o
                                                  build/main.o
HAL_I2C_IsDeviceReady                             build/stm32f7xx_hal_i2c.o
                                                  build/ssd1306.o
HAL_I2C_ListenCpltCallback                        build/stm32f7xx_hal_i2c.o
HAL_I2C_MasterRxCpltCallback                      build/stm32f7xx_hal_i2c.o
HAL_I2C_MasterTxCpltCallback                      build/stm32f7xx_hal_i2c.o
HAL_I2C_Master_Abort_IT                           build/stm32f7xx_hal_i2c.o
HAL_I2C_Master_Receive                            build/stm32f7xx_hal_i2c.o
HAL_I2C_Master_Receive_DMA                        build/stm32f7xx_hal_i2c.o
HAL_I2C_Master_Receive_IT                         build/stm32f7xx_hal_i2c.o
HAL_I2C_Master_Seq_Receive_DMA                    build/stm32f7xx_hal_i2c.o
HAL_I2C_Master_Seq_Receive_IT                     build/stm32f7xx_hal_i2c.o
HAL_I2C_Master_Seq_Transmit_DMA                   build/stm32f7xx_hal_i2c.o
HAL_I2C_Master_Seq_Transmit_IT                    build/stm32f7xx_hal_i2c.o
HAL_I2C_Master_Transmit                           build/stm32f7xx_hal_i2c.o
                                                  build/stm32_ssd1306_i2c.o
                                                  build/ssd1306.o
HAL_I2C_Master_Transmit_DMA                       build/stm32f7xx_hal_i2c.o
HAL_I2C_Master_Transmit_IT                        build/stm32f7xx_hal_i2c.o
HAL_I2C_MemRxCpltCallback                         build/stm32f7xx_hal_i2c.o
HAL_I2C_MemTxCpltCallback                         build/stm32f7xx_hal_i2c.o
HAL_I2C_Mem_Read                                  build/stm32f7xx_hal_i2c.o
HAL_I2C_Mem_Read_DMA                              build/stm32f7xx_hal_i2c.o
HAL_I2C_Mem_Read_IT                               build/stm32f7xx_hal_i2c.o
HAL_I2C_Mem_Write                                 build/stm32f7xx_hal_i2c.o
HAL_I2C_Mem_Write_DMA                             build/stm32f7xx_hal_i2c.o
HAL_I2C_Mem_Write_IT                              build/stm32f7xx_hal_i2c.o
HAL_I2C_MspDeInit                                 build/stm32f7xx_hal_msp.o
HAL_I2C_MspInit                                   build/stm32f7xx_hal_msp.o
HAL_I2C_SlaveRxCpltCallback                       build/stm32f7xx_hal_i2c.o
HAL_I2C_SlaveTxCpltCallback                       build/stm32f7xx_hal_i2c.o
HAL_I2C_Slave_Receive                             build/stm32f7xx_hal_i2c.o
HAL_I2C_Slave_Receive_DMA                         build/stm32f7xx_hal_i2c.o
HAL_I2C_Slave_Receive_IT                          build/stm32f7xx_hal_i2c.o
HAL_I2C_Slave_Seq_Receive_DMA                     build/stm32f7xx_hal_i2c.o
HAL_I2C_Slave_Seq_Receive_IT                      build/stm32f7xx_hal_i2c.o
HAL_I2C_Slave_Seq_Transmit_DMA                    build/stm32f7xx_hal_i2c.o
HAL_I2C_Slave_Seq_Transmit_IT                     build/stm32f7xx_hal_i2c.o
HAL_I2C_Slave_Transmit                            build/stm32f7xx_hal_i2c.o
HAL_I2C_Slave_Transmit_DMA                        build/stm32f7xx_hal_i2c.o
HAL_I2C_Slave_Transmit_IT                         build/stm32f7xx_hal_i2c.o
HAL_IncTick                                       build/stm32f7xx_hal.o
                                                  build/stm32f7xx_it.o
HAL_Init                                          build/stm32f7xx_hal.o
                                                  build/main.o
HAL_InitTick                                      build/stm32f7xx_hal.o
                                                  build/stm32f7xx_hal_rcc.o
HAL_LIN_Init                                      build/stm32f7xx_hal_uart.o
HAL_LIN_SendBreak                                 build/stm32f7xx_hal_uart.o
HAL_MPU_ConfigRegion                              build/stm32f7xx_hal_cortex.o
HAL_MPU_Disable                                   build/stm32f7xx_hal_cortex.o
HAL_MPU_Enable                                    build/stm32f7xx_hal_cortex.o
HAL_MspDeInit                                     build/stm32f7xx_hal.o
HAL_MspInit                                       build/stm32f7xx_hal_msp.o
HAL_MultiProcessorEx_AddressLength_Set            build/stm32f7xx_hal_uart_ex.o
HAL_MultiProcessor_DisableMuteMode                build/stm32f7xx_hal_uart.o
HAL_MultiProcessor_EnableMuteMode                 build/stm32f7xx_hal_uart.o
HAL_MultiProcessor_EnterMuteMode                  build/stm32f7xx_hal_uart.o
HAL_MultiProcessor_Init                           build/stm32f7xx_hal_uart.o
HAL_NVIC_ClearPendingIRQ                          build/stm32f7xx_hal_cortex.o
HAL_NVIC_DisableIRQ                               build/stm32f7xx_hal_cortex.o
HAL_NVIC_EnableIRQ                                build/stm32f7xx_hal_cortex.o
HAL_NVIC_GetActive                                build/stm32f7xx_hal_cortex.o
HAL_NVIC_GetPendingIRQ                            build/stm32f7xx_hal_cortex.o
HAL_NVIC_GetPriority                              build/stm32f7xx_hal_cortex.o
HAL_NVIC_GetPriorityGrouping                      build/stm32f7xx_hal_cortex.o
HAL_NVIC_SetPendingIRQ                            build/stm32f7xx_hal_cortex.o
HAL_NVIC_SetPriority                              build/stm32f7xx_hal_cortex.o
                                                  build/stm32f7xx_hal.o
HAL_NVIC_SetPriorityGrouping                      build/stm32f7xx_hal_cortex.o
                                                  build/stm32f7xx_hal.o
HAL_NVIC_SystemReset                              build/stm32f7xx_hal_cortex.o
HAL_PCDEx_ActivateLPM                             build/stm32f7xx_hal_pcd_ex.o
                                                  build/stm32f7xx_hal_pcd.o
HAL_PCDEx_BCD_Callback                            build/stm32f7xx_hal_pcd_ex.o
HAL_PCDEx_DeActivateLPM                           build/stm32f7xx_hal_pcd_ex.o
HAL_PCDEx_LPM_Callback                            build/stm32f7xx_hal_pcd_ex.o
                                                  build/stm32f7xx_hal_pcd.o
HAL_PCDEx_SetRxFiFo                               build/stm32f7xx_hal_pcd_ex.o
HAL_PCDEx_SetTxFiFo                               build/stm32f7xx_hal_pcd_ex.o
HAL_PCD_ActivateRemoteWakeup                      build/stm32f7xx_hal_pcd.o
HAL_PCD_ConnectCallback                           build/stm32f7xx_hal_pcd.o
HAL_PCD_DataInStageCallback                       build/stm32f7xx_hal_pcd.o
HAL_PCD_DataOutStageCallback                      build/stm32f7xx_hal_pcd.o